Component: ARM Compiler 5.06 update 7 (build 960) Tool: armlink [4d3601]

==============================================================================

Section Cross References

    system_py32c642.o(i.SystemCoreClockUpdate) refers to uidiv.o(.text) for __aeabi_uidivmod
    system_py32c642.o(i.SystemCoreClockUpdate) refers to system_py32c642.o(.data) for .data
    system_py32c642.o(i.SystemCoreClockUpdate) refers to system_py32c642.o(.constdata) for .constdata
    system_py32c642.o(i.SystemInit) refers to system_py32c642.o(i.DelayTime) for DelayTime
    startup_py32c642xx.o(RESET) refers to startup_py32c642xx.o(STACK) for __initial_sp
    startup_py32c642xx.o(RESET) refers to startup_py32c642xx.o(.text) for Reset_Handler
    startup_py32c642xx.o(RESET) refers to py32c642_it.o(i.NMI_Handler) for NMI_Handler
    startup_py32c642xx.o(RESET) refers to py32c642_it.o(i.HardFault_Handler) for HardFault_Handler
    startup_py32c642xx.o(RESET) refers to py32c642_it.o(i.SVC_Handler) for SVC_Handler
    startup_py32c642xx.o(RESET) refers to py32c642_it.o(i.PendSV_Handler) for PendSV_Handler
    startup_py32c642xx.o(RESET) refers to py32c642_it.o(i.SysTick_Handler) for SysTick_Handler
    startup_py32c642xx.o(RESET) refers to py32c642_it.o(i.EXTI0_1_IRQHandler) for EXTI0_1_IRQHandler
    startup_py32c642xx.o(RESET) refers to py32c642_it.o(i.EXTI2_3_IRQHandler) for EXTI2_3_IRQHandler
    startup_py32c642xx.o(RESET) refers to py32c642_it.o(i.EXTI4_15_IRQHandler) for EXTI4_15_IRQHandler
    startup_py32c642xx.o(RESET) refers to py32c642_it.o(i.TIM1_BRK_UP_TRG_COM_IRQHandler) for TIM1_BRK_UP_TRG_COM_IRQHandler
    startup_py32c642xx.o(RESET) refers to py32c642_it.o(i.TIM14_IRQHandler) for TIM14_IRQHandler
    startup_py32c642xx.o(.text) refers to system_py32c642.o(i.SystemInit) for SystemInit
    startup_py32c642xx.o(.text) refers to entry.o(.ARM.Collect$$$$00000000) for __main
    main.o(i.main) refers to sys.o(i.APP_SystemClockConfig) for APP_SystemClockConfig
    main.o(i.main) refers to pwr.o(i.option_init) for option_init
    main.o(i.main) refers to gpio.o(i.Gpio_Init) for Gpio_Init
    main.o(i.main) refers to adc.o(i.adc_init) for adc_init
    main.o(i.main) refers to pwr.o(i.iwdg_init) for iwdg_init
    main.o(i.main) refers to tim.o(i.timer1_init) for timer1_init
    main.o(i.main) refers to tim.o(i.timer14_init) for timer14_init
    main.o(i.main) refers to aip33a06.o(i.sysinit) for sysinit
    main.o(i.main) refers to lptim.o(i.lptim_init) for lptim_init
    main.o(i.main) refers to lptim.o(i.lptim_start) for lptim_start
    main.o(i.main) refers to out.o(i.ShortIsData) for ShortIsData
    main.o(i.main) refers to disp.o(i.Set_Disp_Num) for Set_Disp_Num
    main.o(i.main) refers to aip33a06.o(i.Ram_Clear) for Ram_Clear
    main.o(i.main) refers to baterry.o(i.Get_Power_Rest_BatLeve) for Get_Power_Rest_BatLeve
    main.o(i.main) refers to portscan.o(i.Power_Reset_Port_Scan) for Power_Reset_Port_Scan
    main.o(i.main) refers to out.o(i.ClrShortData) for ClrShortData
    main.o(i.main) refers to out.o(i.Out_Deal) for Out_Deal
    main.o(i.main) refers to portscan.o(i.Port_Scan) for Port_Scan
    main.o(i.main) refers to disp.o(i.DISP_Deal) for DISP_Deal
    main.o(i.main) refers to disp.o(i.Smok_Disp_Deal) for Smok_Disp_Deal
    main.o(i.main) refers to baterry.o(i.Get_Bat_Leve) for Get_Bat_Leve
    main.o(i.main) refers to sleep.o(i.Sleep) for Sleep
    main.o(i.main) refers to switchdip.o(.data) for swInfo
    main.o(i.main) refers to disp.o(.bss) for Dispinfo
    main.o(i.main) refers to sys.o(.bss) for SysInfo
    main.o(i.main) refers to out.o(.bss) for OutInfo
    main.o(i.main) refers to disp.o(.data) for Smg_Paoma_En_stop
    main.o(i.main) refers to baterry.o(.bss) for BatInfo
    main.o(i.main) refers to main.o(.ARM.__AT_0x20000A00) for .ARM.__AT_0x20000A00
    main.o(i.main) refers to main.o(.ARM.__AT_0x20000A20) for .ARM.__AT_0x20000A20
    py32c642_it.o(i.EXTI0_1_IRQHandler) refers to py32c642_it.o(i.LL_EXTI_IsActiveFlag) for LL_EXTI_IsActiveFlag
    py32c642_it.o(i.EXTI2_3_IRQHandler) refers to py32c642_it.o(i.LL_EXTI_IsActiveFlag) for LL_EXTI_IsActiveFlag
    py32c642_it.o(i.EXTI4_15_IRQHandler) refers to py32c642_it.o(i.LL_EXTI_IsActiveFlag) for LL_EXTI_IsActiveFlag
    py32c642_it.o(i.TIM14_IRQHandler) refers to out.o(i.Get_Oil_Leve) for Get_Oil_Leve
    py32c642_it.o(i.TIM14_IRQHandler) refers to main.o(.data) for tim_flag
    py32c642_it.o(i.TIM14_IRQHandler) refers to out.o(.bss) for OutInfo
    py32c642_it.o(i.TIM14_IRQHandler) refers to portscan.o(.bss) for ScanInfo
    py32c642_it.o(i.TIM14_IRQHandler) refers to sys.o(.bss) for SysInfo
    py32c642_it.o(i.TIM14_IRQHandler) refers to main.o(.ARM.__AT_0x20000A00) for Out_Oil_Time
    py32c642_it.o(i.TIM14_IRQHandler) refers to switchdip.o(.data) for swInfo
    py32c642xx_ll_start_kit.o(i.BSP_LED_DeInit) refers to py32c642xx_ll_start_kit.o(i.LL_GPIO_SetPinMode) for LL_GPIO_SetPinMode
[...]
    Removing py32c642_ll_tim.o(.revsh_text), (4 bytes).
    Removing py32c642_ll_tim.o(i.IC1Config), (50 bytes).
    Removing py32c642_ll_tim.o(i.IC2Config), (54 bytes).
    Removing py32c642_ll_tim.o(i.IC3Config), (56 bytes).
    Removing py32c642_ll_tim.o(i.IC4Config), (56 bytes).
    Removing py32c642_ll_tim.o(i.LL_TIM_BDTR_Init), (74 bytes).
    Removing py32c642_ll_tim.o(i.LL_TIM_BDTR_StructInit), (18 bytes).
    Removing py32c642_ll_tim.o(i.LL_TIM_DeInit), (68 bytes).
    Removing py32c642_ll_tim.o(i.LL_TIM_ENCODER_Init), (96 bytes).
    Removing py32c642_ll_tim.o(i.LL_TIM_ENCODER_StructInit), (28 bytes).
    Removing py32c642_ll_tim.o(i.LL_TIM_HALLSENSOR_Init), (96 bytes).
    Removing py32c642_ll_tim.o(i.LL_TIM_HALLSENSOR_StructInit), (12 bytes).
    Removing py32c642_ll_tim.o(i.LL_TIM_IC_Init), (64 bytes).
    Removing py32c642_ll_tim.o(i.LL_TIM_IC_StructInit), (16 bytes).
    Removing py32c642_ll_tim.o(i.LL_TIM_OC_Init), (64 bytes).
    Removing py32c642_ll_tim.o(i.LL_TIM_OC_StructInit), (20 bytes).
    Removing py32c642_ll_tim.o(i.LL_TIM_StructInit), (16 bytes).
    Removing py32c642_ll_tim.o(i.OC1Config), (120 bytes).
    Removing py32c642_ll_tim.o(i.OC2Config), (132 bytes).
    Removing py32c642_ll_tim.o(i.OC3Config), (132 bytes).
    Removing py32c642_ll_tim.o(i.OC4Config), (100 bytes).
    Removing py32c642_ll_lptim.o(.rev16_text), (4 bytes).
    Removing py32c642_ll_lptim.o(.revsh_text), (4 bytes).
    Removing py32c642_ll_lptim.o(i.LL_LPTIM_DeInit), (44 bytes).
    Removing py32c642_ll_lptim.o(i.LL_LPTIM_StructInit), (8 bytes).
    Removing adc.o(.rev16_text), (4 bytes).
    Removing adc.o(.revsh_text), (4 bytes).
    Removing adc.o(i.GetAverageADCValue), (40 bytes).
    Removing adc.o(i.adc_channels_config), (224 bytes).
    Removing adc.o(i.adc_dr), (28 bytes).
    Removing adc.o(i.adc_start), (24 bytes).
    Removing adc.o(i.adc_vcc), (24 bytes).
    Removing gpio.o(.rev16_text), (4 bytes).
    Removing gpio.o(.revsh_text), (4 bytes).
    Removing gpio.o(i.key_init), (2 bytes).
    Removing gpio.o(i.led_init), (2 bytes).
    Removing pwr.o(.rev16_text), (4 bytes).
    Removing pwr.o(.revsh_text), (4 bytes).
    Removing pwr.o(i.pwr_init_jcq), (212 bytes).
    Removing flash.o(.rev16_text), (4 bytes).
    Removing flash.o(.revsh_text), (4 bytes).
    Removing flash.o(i.Flash_Blank), (32 bytes).
    Removing flash.o(i.Flash_Erase), (56 bytes).
    Removing flash.o(i.Flash_Program), (44 bytes).
    Removing flash.o(i.Flash_Verity), (44 bytes).
    Removing flash.o(i.flash_Read_User_Data), (16 bytes).
    Removing flash.o(i.flash_Write_User_Data), (30 bytes).
    Removing flash.o(.bss), (128 bytes).
    Removing tim.o(.rev16_text), (4 bytes).
    Removing tim.o(.revsh_text), (4 bytes).
    Removing tim.o(i.timer1_pwm), (112 bytes).
    Removing lptim.o(.rev16_text), (4 bytes).
    Removing lptim.o(.revsh_text), (4 bytes).
    Removing disp.o(.rev16_text), (4 bytes).
    Removing disp.o(.revsh_text), (4 bytes).
    Removing disp.o(i.delay), (8 bytes).
    Removing sys.o(.rev16_text), (4 bytes).
    Removing sys.o(.revsh_text), (4 bytes).
    Removing sys.o(i.Sys_Init), (36 bytes).
    Removing out.o(.rev16_text), (4 bytes).
    Removing out.o(.revsh_text), (4 bytes).
    Removing out.o(i.Interrup_Ctr_Mos_Deal), (108 bytes).
    Removing portscan.o(.rev16_text), (4 bytes).
    Removing portscan.o(.revsh_text), (4 bytes).
    Removing baterry.o(.rev16_text), (4 bytes).
    Removing baterry.o(.revsh_text), (4 bytes).
    Removing baterry.o(.constdata), (20 bytes).
    Removing baterry.o(.constdata), (24 bytes).
    Removing baterry.o(.constdata), (24 bytes).
    Removing sleep.o(.rev16_text), (4 bytes).
    Removing sleep.o(.revsh_text), (4 bytes).
    Removing sleep.o(.data), (1 bytes).
    Removing switchdip.o(.rev16_text), (4 bytes).
    Removing switchdip.o(.revsh_text), (4 bytes).
    Removing switchdip.o(i.Switch_Init), (2 bytes).
    Removing switchdip.o(i.Switch_Scan), (2 bytes).
    Removing ledicrgb.o(.rev16_text), (4 bytes).
    Removing ledicrgb.o(.revsh_text), (4 bytes).
    Removing aip33a06.o(.rev16_text), (4 bytes).
    Removing aip33a06.o(.revsh_text), (4 bytes).
    Removing aip33a06.o(i.dis_Wakeup), (10 bytes).

206 unused section(s) (total 7792 bytes) removed from the image.

==============================================================================

Image Symbol Table

    Local Symbols

    Symbol Name                              Value     Ov Type        Size  Object(Section)

    ../clib/microlib/division.c              0x00000000   Number         0  uidiv.o ABSOLUTE
    ../clib/microlib/init/entry.s            0x00000000   Number         0  entry10b.o ABSOLUTE
    ../clib/microlib/init/entry.s            0x00000000   Number         0  entry2.o ABSOLUTE
    ../clib/microlib/init/entry.s            0x00000000   Number         0  entry7a.o ABSOLUTE
    ../clib/microlib/init/entry.s            0x00000000   Number         0  entry7b.o ABSOLUTE
    ../clib/microlib/init/entry.s            0x00000000   Number         0  entry8a.o ABSOLUTE
    ../clib/microlib/init/entry.s            0x00000000   Number         0  entry8b.o ABSOLUTE
    ../clib/microlib/init/entry.s            0x00000000   Number         0  entry9a.o ABSOLUTE
    ../clib/microlib/init/entry.s            0x00000000   Number         0  entry9b.o ABSOLUTE
    ../clib/microlib/init/entry.s            0x00000000   Number         0  entry11a.o ABSOLUTE
    ../clib/microlib/init/entry.s            0x00000000   Number         0  entry5.o ABSOLUTE
    ../clib/microlib/init/entry.s            0x00000000   Number         0  entry10a.o ABSOLUTE
    ../clib/microlib/init/entry.s            0x00000000   Number         0  entry11b.o ABSOLUTE
    ../clib/microlib/init/entry.s            0x00000000   Number         0  entry12a.o ABSOLUTE
    ../clib/microlib/init/entry.s            0x00000000   Number         0  entry.o ABSOLUTE
    ../clib/microlib/init/entry.s            0x00000000   Number         0  entry12b.o ABSOLUTE
    ../clib/microlib/longlong.c              0x00000000   Number         0  llsshr.o ABSOLUTE
    ../clib/microlib/longlong.c              0x00000000   Number         0  llshl.o ABSOLUTE
    ../clib/microlib/longlong.c              0x00000000   Number         0  llushr.o ABSOLUTE
    ../clib/microlib/string/memset.c         0x00000000   Number         0  memseta.o ABSOLUTE
    ../clib/microlib/stubs.s                 0x00000000   Number         0  iusefp.o ABSOLUTE
    ../fplib/microlib/d2f.c                  0x00000000   Number         0  d2f.o ABSOLUTE
    ../fplib/microlib/f2d.c                  0x00000000   Number         0  f2d.o ABSOLUTE
    ../fplib/microlib/fpadd.c                0x00000000   Number         0  dadd.o ABSOLUTE
    ../fplib/microlib/fpdiv.c                0x00000000   Number         0  ddiv.o ABSOLUTE
    ../fplib/microlib/fpepilogue.c           0x00000000   Number         0  fepilogue.o ABSOLUTE
    ../fplib/microlib/fpepilogue.c           0x00000000   Number         0  depilogue.o ABSOLUTE
    ../fplib/microlib/fpfix.c                0x00000000   Number         0  ffixui.o ABSOLUTE
    ../fplib/microlib/fpfix.c                0x00000000   Number         0  dfixui.o ABSOLUTE
    ../fplib/microlib/fpflt.c                0x00000000   Number         0  dfltui.o ABSOLUTE
    ../fplib/microlib/fpflt.c                0x00000000   Number         0  ffltui.o ABSOLUTE
    ../fplib/microlib/fpmul.c                0x00000000   Number         0  fmul.o ABSOLUTE
    ../fplib/microlib/fpmul.c                0x00000000   Number         0  dmul.o ABSOLUTE
    ..\..\Drivers\BSP\PY32C642xx_Start_Kit\py32c642xx_ll_Start_Kit.c 0x00000000   Number         0  py32c642xx_ll_start_kit.o ABSOLUTE
    ..\..\Drivers\PY32C642_HAL_Driver\Src\py32c642_hal.c 0x00000000   Number         0  py32c642_hal.o ABSOLUTE
    ..\..\Drivers\PY32C642_HAL_Driver\Src\py32c642_hal_cortex.c 0x00000000   Number         0  py32c642_hal_cortex.o ABSOLUTE
    ..\..\Drivers\PY32C642_HAL_Driver\Src\py32c642_hal_flash.c 0x00000000   Number         0  py32c642_hal_flash.o ABSOLUTE
    ..\..\Drivers\PY32C642_HAL_Driver\Src\py32c642_ll_adc.c 0x00000000   Number         0  py32c642_ll_adc.o ABSOLUTE
    ..\..\Drivers\PY32C642_HAL_Driver\Src\py32c642_ll_exti.c 0x00000000   Number         0  py32c642_ll_exti.o ABSOLUTE
    ..\..\Drivers\PY32C642_HAL_Driver\Src\py32c642_ll_gpio.c 0x00000000   Number         0  py32c642_ll_gpio.o ABSOLUTE
    ..\..\Drivers\PY32C642_HAL_Driver\Src\py32c642_ll_lptim.c 0x00000000   Number         0  py32c642_ll_lptim.o ABSOLUTE
    ..\..\Drivers\PY32C642_HAL_Driver\Src\py32c642_ll_rcc.c 0x00000000   Number         0  py32c642_ll_rcc.o ABSOLUTE
    ..\..\Drivers\PY32C642_HAL_Driver\Src\py32c642_ll_tim.c 0x00000000   Number         0  py32c642_ll_tim.o ABSOLUTE
    ..\..\Drivers\PY32C642_HAL_Driver\Src\py32c642_ll_utils.c 0x00000000   Number         0  py32c642_ll_utils.o ABSOLUTE
    ..\..\User\ADC.c                         0x00000000   Number         0  adc.o ABSOLUTE
    ..\..\User\AiP33A06.c                    0x00000000   Number         0  aip33a06.o ABSOLUTE
    ..\..\User\Disp.c                        0x00000000   Number         0  disp.o ABSOLUTE
    ..\..\User\FLASH.c                       0x00000000   Number         0  flash.o ABSOLUTE
    ..\..\User\GPIO.c                        0x00000000   Number         0  gpio.o ABSOLUTE
    ..\..\User\LPTIM.c                       0x00000000   Number         0  lptim.o ABSOLUTE
    ..\..\User\PWR.c                         0x00000000   Number         0  pwr.o ABSOLUTE
    ..\..\User\Sleep.c                       0x00000000   Number         0  sleep.o ABSOLUTE
    ..\..\User\SwitchDip.c                   0x00000000   Number         0  switchdip.o ABSOLUTE
    ..\..\User\TIM.c                         0x00000000   Number         0  tim.o ABSOLUTE
    ..\..\User\baterry.c                     0x00000000   Number         0  baterry.o ABSOLUTE
    ..\..\User\ledIcRgb.c                    0x00000000   Number         0  ledicrgb.o ABSOLUTE
    ..\..\User\out.c                         0x00000000   Number         0  out.o ABSOLUTE
    ..\..\User\portscan.c                    0x00000000   Number         0  portscan.o ABSOLUTE
    ..\..\User\sys.c                         0x00000000   Number         0  sys.o ABSOLUTE
    ..\Src\main.c                            0x00000000   Number         0  main.o ABSOLUTE
    ..\Src\py32c642_it.c                     0x00000000   Number         0  py32c642_it.o ABSOLUTE
    ..\Src\system_py32c642.c                 0x00000000   Number         0  system_py32c642.o ABSOLUTE
    ..\\..\\Drivers\\BSP\\PY32C642xx_Start_Kit\\py32c642xx_ll_Start_Kit.c 0x00000000   Number         0  py32c642xx_ll_start_kit.o ABSOLUTE
    ..\\..\\Drivers\\PY32C642_HAL_Driver\\Src\\py32c642_hal.c 0x00000000   Number         0  py32c642_hal.o ABSOLUTE
    ..\\..\\Drivers\\PY32C642_HAL_Driver\\Src\\py32c642_hal_cortex.c 0x00000000   Number         0  py32c642_hal_cortex.o ABSOLUTE
    ..\\..\\Drivers\\PY32C642_HAL_Driver\\Src\\py32c642_hal_flash.c 0x00000000   Number         0  py32c642_hal_flash.o ABSOLUTE
    ..\\..\\Drivers\\PY32C642_HAL_Driver\\Src\\py32c642_ll_adc.c 0x00000000   Number         0  py32c642_ll_adc.o ABSOLUTE
    ..\\..\\Drivers\\PY32C642_HAL_Driver\\Src\\py32c642_ll_exti.c 0x00000000   Number         0  py32c642_ll_exti.o ABSOLUTE
    ..\\..\\Drivers\\PY32C642_HAL_Driver\\Src\\py32c642_ll_gpio.c 0x00000000   Number         0  py32c642_ll_gpio.o ABSOLUTE
    ..\\..\\Drivers\\PY32C642_HAL_Driver\\Src\\py32c642_ll_lptim.c 0x00000000   Number         0  py32c642_ll_lptim.o ABSOLUTE
    ..\\..\\Drivers\\PY32C642_HAL_Driver\\Src\\py32c642_ll_rcc.c 0x00000000   Number         0  py32c642_ll_rcc.o ABSOLUTE
    ..\\..\\Drivers\\PY32C642_HAL_Driver\\Src\\py32c642_ll_tim.c 0x00000000   Number         0  py32c642_ll_tim.o ABSOLUTE
    ..\\..\\Drivers\\PY32C642_HAL_Driver\\Src\\py32c642_ll_utils.c 0x00000000   Number         0  py32c642_ll_utils.o ABSOLUTE
    ..\\..\\User\\ADC.c                      0x00000000   Number         0  adc.o ABSOLUTE
    ..\\..\\User\\AiP33A06.c                 0x00000000   Number         0  aip33a06.o ABSOLUTE
    ..\\..\\User\\Disp.c                     0x00000000   Number         0  disp.o ABSOLUTE
    ..\\..\\User\\FLASH.c                    0x00000000   Number         0  flash.o ABSOLUTE
    ..\\..\\User\\GPIO.c                     0x00000000   Number         0  gpio.o ABSOLUTE
    ..\\..\\User\\LPTIM.c                    0x00000000   Number         0  lptim.o ABSOLUTE
    ..\\..\\User\\PWR.c                      0x00000000   Number         0  pwr.o ABSOLUTE
    ..\\..\\User\\Sleep.c                    0x00000000   Number         0  sleep.o ABSOLUTE
    ..\\..\\User\\SwitchDip.c                0x00000000   Number         0  switchdip.o ABSOLUTE
    ..\\..\\User\\TIM.c                      0x00000000   Number         0  tim.o ABSOLUTE
    ..\\..\\User\\baterry.c                  0x00000000   Number         0  baterry.o ABSOLUTE
    ..\\..\\User\\ledIcRgb.c                 0x00000000   Number         0  ledicrgb.o ABSOLUTE
    ..\\..\\User\\out.c                      0x00000000   Number         0  out.o ABSOLUTE
    ..\\..\\User\\portscan.c                 0x00000000   Number         0  portscan.o ABSOLUTE
    ..\\..\\User\\sys.c                      0x00000000   Number         0  sys.o ABSOLUTE
    ..\\Src\\main.c                          0x00000000   Number         0  main.o ABSOLUTE
    ..\\Src\\py32c642_it.c                   0x00000000   Number         0  py32c642_it.o ABSOLUTE
    ..\\Src\\system_py32c642.c               0x00000000   Number         0  system_py32c642.o ABSOLUTE
    dc.s                                     0x00000000   Number         0  dc.o ABSOLUTE
    handlers.s                               0x00000000   Number         0  handlers.o ABSOLUTE
    init.s                                   0x00000000   Number         0  init.o ABSOLUTE
    startup_py32c642xx.s                     0x00000000   Number         0  startup_py32c642xx.o ABSOLUTE
    RESET                                    0x08000000   Section      192  startup_py32c642xx.o(RESET)
    .ARM.Collect$$$$00000000                 0x080000c0   Section        0  entry.o(.ARM.Collect$$$$00000000)
    .ARM.Collect$$$$00000001                 0x080000c0   Section        4  entry2.o(.ARM.Collect$$$$00000001)
    .ARM.Collect$$$$00000004                 0x080000c4   Section        4  entry5.o(.ARM.Collect$$$$00000004)
    .ARM.Collect$$$$00000008                 0x080000c8   Section        0  entry7b.o(.ARM.Collect$$$$00000008)
    .ARM.Collect$$$$0000000A                 0x080000c8   Section        0  entry8b.o(.ARM.Collect$$$$0000000A)
    .ARM.Collect$$$$0000000B                 0x080000c8   Section        8  entry9a.o(.ARM.Collect$$$$0000000B)
    .ARM.Collect$$$$0000000E                 0x080000d0   Section        4  entry12b.o(.ARM.Collect$$$$0000000E)
    .ARM.Collect$$$$0000000F                 0x080000d4   Section        0  entry10a.o(.ARM.Collect$$$$0000000F)
    .ARM.Collect$$$$00000011                 0x080000d4   Section        0  entry11a.o(.ARM.Collect$$$$00000011)
    .ARM.Collect$$$$00002712                 0x080000d4   Section        4  entry2.o(.ARM.Collect$$$$00002712)
    __lit__00000000                          0x080000d4   Data           4  entry2.o(.ARM.Collect$$$$00002712)
    .text                                    0x080000d8   Section       28  startup_py32c642xx.o(.text)
    .text                                    0x080000f4   Section        0  uidiv.o(.text)
    .text                                    0x08000120   Section        0  memseta.o(.text)
    .text                                    0x08000144   Section        0  fmul.o(.text)
    .text                                    0x080001c0   Section        0  dadd.o(.text)
    .text                                    0x08000328   Section        0  dmul.o(.text)
    .text                                    0x080003f8   Section        0  ddiv.o(.text)
    .text                                    0x080004e8   Section        0  ffltui.o(.text)
    .text                                    0x080004f8   Section        0  dfltui.o(.text)
    .text                                    0x08000514   Section        0  ffixui.o(.text)
    .text                                    0x0800053c   Section        0  dfixui.o(.text)
    .text                                    0x08000578   Section        0  f2d.o(.text)
    .text                                    0x080005a0   Section        0  d2f.o(.text)
    .text                                    0x080005d8   Section        0  llshl.o(.text)
    .text                                    0x080005f8   Section        0  llushr.o(.text)
    .text                                    0x0800061a   Section        0  llsshr.o(.text)
    .text                                    0x08000640   Section        0  fepilogue.o(.text)
    .text                                    0x08000640   Section        0  iusefp.o(.text)
    .text                                    0x080006c2   Section        0  depilogue.o(.text)
    .text                                    0x08000780   Section       36  init.o(.text)
    i.APP_ErrorHandler                       0x080007a4   Section        0  main.o(i.APP_ErrorHandler)
    i.APP_SystemClockConfig                  0x080007a8   Section        0  sys.o(i.APP_SystemClockConfig)
    i.Adc_CalBatRef                          0x0800082c   Section        0  adc.o(i.Adc_CalBatRef)
    i.AiP33A06_ACK                           0x080008d4   Section        0  aip33a06.o(i.AiP33A06_ACK)
    i.AiP33A06_writebyte                     0x08000910   Section        0  aip33a06.o(i.AiP33A06_writebyte)
    i.AiP33A06_writecmd                      0x08000950   Section        0  aip33a06.o(i.AiP33A06_writecmd)
    i.BatVoltage                             0x0800096c   Section        0  baterry.o(i.BatVoltage)
    i.Bcd2ToByte                             0x08000990   Section        0  adc.o(i.Bcd2ToByte)
    i.ClrShortData                           0x080009a0   Section        0  out.o(i.ClrShortData)
    i.DISP_Deal                              0x080009b4   Section        0  disp.o(i.DISP_Deal)
    i.DelayTime                              0x08000d80   Section        0  system_py32c642.o(i.DelayTime)
    DelayTime                                0x08000d81   Thumb Code    20  system_py32c642.o(i.DelayTime)
    i.EXTI0_1_IRQHandler                     0x08000d98   Section        0  py32c642_it.o(i.EXTI0_1_IRQHandler)
    i.EXTI2_3_IRQHandler                     0x08000dc0   Section        0  py32c642_it.o(i.EXTI2_3_IRQHandler)
    i.EXTI4_15_IRQHandler                    0x08000de8   Section        0  py32c642_it.o(i.EXTI4_15_IRQHandler)
    i.FLASH_OB_OptrConfig                    0x08000e10   Section        0  py32c642_hal_flash.o(i.FLASH_OB_OptrConfig)
    FLASH_OB_OptrConfig                      0x08000e11   Thumb Code    22  py32c642_hal_flash.o(i.FLASH_OB_OptrConfig)
    i.FLASH_WaitForLastOperation             0x08000e2c   Section        0  py32c642_hal_flash.o(i.FLASH_WaitForLastOperation)
    i.GetADCValue                            0x08000e60   Section        0  adc.o(i.GetADCValue)
    i.Get_Bat_Leve                           0x08000e9c   Section        0  baterry.o(i.Get_Bat_Leve)
    i.Get_Bat_Leve_Map                       0x08000fd0   Section        0  baterry.o(i.Get_Bat_Leve_Map)
    i.Get_Oil_Leve                           0x08000fd4   Section        0  out.o(i.Get_Oil_Leve)
    i.Get_Oil_Leve_Map                       0x0800100c   Section        0  out.o(i.Get_Oil_Leve_Map)
    i.Get_Out_Volt                           0x08001010   Section        0  out.o(i.Get_Out_Volt)
    i.Get_Power_Rest_BatLeve                 0x08001040   Section        0  baterry.o(i.Get_Power_Rest_BatLeve)
    i.Get_Usb_Ad                             0x080010b4   Section        0  portscan.o(i.Get_Usb_Ad)
    i.Gpio_Init                              0x080010d0   Section        0  gpio.o(i.Gpio_Init)
    i.Gpio_Wake                              0x08001208   Section        0  sleep.o(i.Gpio_Wake)
    i.HAL_FLASH_Lock                         0x08001368   Section        0  py32c642_hal_flash.o(i.HAL_FLASH_Lock)
    i.HAL_FLASH_OBProgram                    0x08001384   Section        0  py32c642_hal_flash.o(i.HAL_FLASH_OBProgram)
    i.HAL_FLASH_OB_Launch                    0x080014b8   Section        0  py32c642_hal_flash.o(i.HAL_FLASH_OB_Launch)
    i.HAL_FLASH_OB_Lock                      0x080014cc   Section        0  py32c642_hal_flash.o(i.HAL_FLASH_OB_Lock)
    i.HAL_FLASH_OB_Unlock                    0x080014e8   Section        0  py32c642_hal_flash.o(i.HAL_FLASH_OB_Unlock)
    i.HAL_FLASH_Unlock                       0x08001510   Section        0  py32c642_hal_flash.o(i.HAL_FLASH_Unlock)
    i.HAL_GetTick                            0x08001538   Section        0  py32c642_hal.o(i.HAL_GetTick)
    i.HardFault_Handler                      0x08001544   Section        0  py32c642_it.o(i.HardFault_Handler)
    i.LL_ADC_Init                            0x08001548   Section        0  py32c642_ll_adc.o(i.LL_ADC_Init)
    i.LL_ADC_REG_Init                        0x08001584   Section        0  py32c642_ll_adc.o(i.LL_ADC_REG_Init)
    i.LL_APB1_GRP2_EnableClock               0x080015b8   Section        0  tim.o(i.LL_APB1_GRP2_EnableClock)
    LL_APB1_GRP2_EnableClock                 0x080015b9   Thumb Code    18  tim.o(i.LL_APB1_GRP2_EnableClock)
    i.LL_APB1_GRP2_EnableClock               0x080015d0   Section        0  sleep.o(i.LL_APB1_GRP2_EnableClock)
    LL_APB1_GRP2_EnableClock                 0x080015d1   Thumb Code    18  sleep.o(i.LL_APB1_GRP2_EnableClock)
    i.LL_EXTI_Init                           0x080015e8   Section        0  py32c642_ll_exti.o(i.LL_EXTI_Init)
    i.LL_EXTI_IsActiveFlag                   0x080016a4   Section        0  py32c642_it.o(i.LL_EXTI_IsActiveFlag)
    LL_EXTI_IsActiveFlag                     0x080016a5   Thumb Code    16  py32c642_it.o(i.LL_EXTI_IsActiveFlag)
    i.LL_EXTI_SetEXTISource                  0x080016b8   Section        0  sleep.o(i.LL_EXTI_SetEXTISource)
    LL_EXTI_SetEXTISource                    0x080016b9   Thumb Code    30  sleep.o(i.LL_EXTI_SetEXTISource)
    i.LL_GPIO_Init                           0x080016dc   Section        0  py32c642_ll_gpio.o(i.LL_GPIO_Init)
    i.LL_GPIO_IsInputPinSet                  0x08001784   Section        0  portscan.o(i.LL_GPIO_IsInputPinSet)
    LL_GPIO_IsInputPinSet                    0x08001785   Thumb Code    14  portscan.o(i.LL_GPIO_IsInputPinSet)
    i.LL_GPIO_IsInputPinSet                  0x08001792   Section        0  sleep.o(i.LL_GPIO_IsInputPinSet)
    LL_GPIO_IsInputPinSet                    0x08001793   Thumb Code    14  sleep.o(i.LL_GPIO_IsInputPinSet)
    i.LL_GPIO_SetPinMode                     0x080017a0   Section        0  adc.o(i.LL_GPIO_SetPinMode)
    LL_GPIO_SetPinMode                       0x080017a1   Thumb Code    20  adc.o(i.LL_GPIO_SetPinMode)
    i.LL_GPIO_SetPinMode                     0x080017b4   Section        0  gpio.o(i.LL_GPIO_SetPinMode)
    LL_GPIO_SetPinMode                       0x080017b5   Thumb Code    20  gpio.o(i.LL_GPIO_SetPinMode)
    i.LL_GPIO_SetPinMode                     0x080017c8   Section        0  disp.o(i.LL_GPIO_SetPinMode)
    LL_GPIO_SetPinMode                       0x080017c9   Thumb Code    20  disp.o(i.LL_GPIO_SetPinMode)
    i.LL_GPIO_SetPinMode                     0x080017dc   Section        0  portscan.o(i.LL_GPIO_SetPinMode)
    LL_GPIO_SetPinMode                       0x080017dd   Thumb Code    20  portscan.o(i.LL_GPIO_SetPinMode)
    i.LL_GPIO_SetPinMode                     0x080017f0   Section        0  sleep.o(i.LL_GPIO_SetPinMode)
    LL_GPIO_SetPinMode                       0x080017f1   Thumb Code    20  sleep.o(i.LL_GPIO_SetPinMode)
    i.LL_GPIO_SetPinMode                     0x08001804   Section        0  aip33a06.o(i.LL_GPIO_SetPinMode)
    LL_GPIO_SetPinMode                       0x08001805   Thumb Code    20  aip33a06.o(i.LL_GPIO_SetPinMode)
    i.LL_GPIO_SetPinOutputType               0x08001818   Section        0  gpio.o(i.LL_GPIO_SetPinOutputType)
    LL_GPIO_SetPinOutputType                 0x08001819   Thumb Code    12  gpio.o(i.LL_GPIO_SetPinOutputType)
    i.LL_GPIO_SetPinOutputType               0x08001824   Section        0  sleep.o(i.LL_GPIO_SetPinOutputType)
    LL_GPIO_SetPinOutputType                 0x08001825   Thumb Code    12  sleep.o(i.LL_GPIO_SetPinOutputType)
    i.LL_GPIO_SetPinPull                     0x08001830   Section        0  gpio.o(i.LL_GPIO_SetPinPull)
    LL_GPIO_SetPinPull                       0x08001831   Thumb Code    20  gpio.o(i.LL_GPIO_SetPinPull)
    i.LL_GPIO_SetPinPull                     0x08001844   Section        0  sleep.o(i.LL_GPIO_SetPinPull)
    LL_GPIO_SetPinPull                       0x08001845   Thumb Code    20  sleep.o(i.LL_GPIO_SetPinPull)
    i.LL_GPIO_SetPinSpeed                    0x08001858   Section        0  gpio.o(i.LL_GPIO_SetPinSpeed)
    LL_GPIO_SetPinSpeed                      0x08001859   Thumb Code    20  gpio.o(i.LL_GPIO_SetPinSpeed)
    i.LL_GPIO_SetPinSpeed                    0x0800186c   Section        0  sleep.o(i.LL_GPIO_SetPinSpeed)
    LL_GPIO_SetPinSpeed                      0x0800186d   Thumb Code    20  sleep.o(i.LL_GPIO_SetPinSpeed)
    i.LL_Init1msTick                         0x08001880   Section        0  py32c642_ll_utils.o(i.LL_Init1msTick)
    i.LL_LPTIM_Init                          0x080018a0   Section        0  py32c642_ll_lptim.o(i.LL_LPTIM_Init)
    i.LL_SetSystemCoreClock                  0x080018cc   Section        0  py32c642_ll_utils.o(i.LL_SetSystemCoreClock)
    i.LL_TIM_Init                            0x080018d8   Section        0  py32c642_ll_tim.o(i.LL_TIM_Init)
    i.LL_mDelay                              0x08001928   Section        0  py32c642_ll_utils.o(i.LL_mDelay)
    i.NMI_Handler                            0x0800194c   Section        0  py32c642_it.o(i.NMI_Handler)
    i.NVIC_SetPriority                       0x08001950   Section        0  tim.o(i.NVIC_SetPriority)
    NVIC_SetPriority                         0x08001951   Thumb Code    60  tim.o(i.NVIC_SetPriority)
    i.NVIC_SetPriority                       0x08001994   Section        0  sleep.o(i.NVIC_SetPriority)
    NVIC_SetPriority                         0x08001995   Thumb Code    60  sleep.o(i.NVIC_SetPriority)
    i.Out_Deal                               0x080019d8   Section        0  out.o(i.Out_Deal)
    i.Out_Stop                               0x0800202c   Section        0  portscan.o(i.Out_Stop)
    i.PendSV_Handler                         0x08002078   Section        0  py32c642_it.o(i.PendSV_Handler)
    i.Port_Scan                              0x0800207c   Section        0  portscan.o(i.Port_Scan)
    i.Power_Reset_Port_Scan                  0x080022b8   Section        0  portscan.o(i.Power_Reset_Port_Scan)
    i.Power_on_run                           0x08002330   Section        0  disp.o(i.Power_on_run)
    i.Ram_Clear                              0x08002ad0   Section        0  aip33a06.o(i.Ram_Clear)
    i.SVC_Handler                            0x08002afc   Section        0  py32c642_it.o(i.SVC_Handler)
    i.SetShortData                           0x08002b00   Section        0  out.o(i.SetShortData)
    i.Set_Disp_Num                           0x08002b1c   Section        0  disp.o(i.Set_Disp_Num)
    i.ShortIsData                            0x08002b84   Section        0  out.o(i.ShortIsData)
    i.Sleep                                  0x08002bac   Section        0  sleep.o(i.Sleep)
    i.Sleep_Gpio                             0x08002c8c   Section        0  sleep.o(i.Sleep_Gpio)
    i.Smok_Disp_Deal                         0x08002ebc   Section        0  disp.o(i.Smok_Disp_Deal)
    i.Smok_Start_Bat_Leve_Deal               0x08003028   Section        0  baterry.o(i.Smok_Start_Bat_Leve_Deal)
    i.SysTick_Handler                        0x0800307c   Section        0  py32c642_it.o(i.SysTick_Handler)
    i.SystemInit                             0x08003080   Section        0  system_py32c642.o(i.SystemInit)
    i.TIM14_IRQHandler                       0x080030c4   Section        0  py32c642_it.o(i.TIM14_IRQHandler)
    i.TIM1_BRK_UP_TRG_COM_IRQHandler         0x0800322c   Section        0  py32c642_it.o(i.TIM1_BRK_UP_TRG_COM_IRQHandler)
    i.__ARM_clz                              0x0800324c   Section        0  depilogue.o(i.__ARM_clz)
    i.__ARM_common_switch8                   0x0800327a   Section        0  adc.o(i.__ARM_common_switch8)
    i.__scatterload_copy                     0x08003294   Section       14  handlers.o(i.__scatterload_copy)
    i.__scatterload_null                     0x080032a2   Section        2  handlers.o(i.__scatterload_null)
    i.__scatterload_zeroinit                 0x080032a4   Section       14  handlers.o(i.__scatterload_zeroinit)
    i._delay_us                              0x080032b2   Section        0  aip33a06.o(i._delay_us)
    i.adc_channel_config                     0x080032c4   Section        0  adc.o(i.adc_channel_config)
    i.adc_disable                            0x0800338c   Section        0  adc.o(i.adc_disable)
    i.adc_enable                             0x080033a4   Section        0  adc.o(i.adc_enable)
    i.adc_init                               0x080033c4   Section        0  adc.o(i.adc_init)
    i.delay_us                               0x08003458   Section        0  adc.o(i.delay_us)
    i.dis_sleep                              0x08003472   Section        0  aip33a06.o(i.dis_sleep)
    i.display                                0x08003480   Section        0  aip33a06.o(i.display)
    i.display_Bat_logo                       0x080034a8   Section        0  disp.o(i.display_Bat_logo)
    i.display_Oil_logo                       0x080034be   Section        0  disp.o(i.display_Oil_logo)
    i.display_bat                            0x080034cc   Section        0  disp.o(i.display_bat)
    i.display_bat_100                        0x08003574   Section        0  disp.o(i.display_bat_100)
    i.display_bat_bit0                       0x08003580   Section        0  disp.o(i.display_bat_bit0)
    i.display_bat_bit1                       0x080035b6   Section        0  disp.o(i.display_bat_bit1)
    i.display_bat_bit2                       0x080035cc   Section        0  disp.o(i.display_bat_bit2)
    i.display_bat_bit3                       0x080035fa   Section        0  disp.o(i.display_bat_bit3)
    i.display_bat_bit4                       0x08003628   Section        0  disp.o(i.display_bat_bit4)
    i.display_bat_bit5                       0x0800364e   Section        0  disp.o(i.display_bat_bit5)
    i.display_bat_bit6                       0x0800367c   Section        0  disp.o(i.display_bat_bit6)
    i.display_bat_bit7                       0x080036b2   Section        0  disp.o(i.display_bat_bit7)
    i.display_bat_bit8                       0x080036d0   Section        0  disp.o(i.display_bat_bit8)
    i.display_bat_bit9                       0x0800370e   Section        0  disp.o(i.display_bat_bit9)
    i.display_bat_ten0                       0x08003744   Section        0  disp.o(i.display_bat_ten0)
    i.display_bat_ten1                       0x0800377a   Section        0  disp.o(i.display_bat_ten1)
    i.display_bat_ten2                       0x08003790   Section        0  disp.o(i.display_bat_ten2)
    i.display_bat_ten3                       0x080037be   Section        0  disp.o(i.display_bat_ten3)
    i.display_bat_ten4                       0x080037ec   Section        0  disp.o(i.display_bat_ten4)
    i.display_bat_ten5                       0x08003812   Section        0  disp.o(i.display_bat_ten5)
    i.display_bat_ten6                       0x08003840   Section        0  disp.o(i.display_bat_ten6)
    i.display_bat_ten7                       0x08003876   Section        0  disp.o(i.display_bat_ten7)
    i.display_bat_ten8                       0x08003894   Section        0  disp.o(i.display_bat_ten8)
    i.display_bat_ten9                       0x080038d2   Section        0  disp.o(i.display_bat_ten9)
    i.display_geras                          0x08003908   Section        0  disp.o(i.display_geras)
    i.display_logo                           0x08003990   Section        0  disp.o(i.display_logo)
    i.display_oil                            0x0800399c   Section        0  disp.o(i.display_oil)
    i.display_oil_100                        0x08003a48   Section        0  disp.o(i.display_oil_100)
    i.display_oil_bit0                       0x08003a54   Section        0  disp.o(i.display_oil_bit0)
    i.display_oil_bit1                       0x08003a8a   Section        0  disp.o(i.display_oil_bit1)
    i.display_oil_bit2                       0x08003aa0   Section        0  disp.o(i.display_oil_bit2)
    i.display_oil_bit3                       0x08003ace   Section        0  disp.o(i.display_oil_bit3)
    i.display_oil_bit4                       0x08003afc   Section        0  disp.o(i.display_oil_bit4)
    i.display_oil_bit5                       0x08003b22   Section        0  disp.o(i.display_oil_bit5)
    i.display_oil_bit6                       0x08003b50   Section        0  disp.o(i.display_oil_bit6)
    i.display_oil_bit7                       0x08003b86   Section        0  disp.o(i.display_oil_bit7)
    i.display_oil_bit8                       0x08003ba4   Section        0  disp.o(i.display_oil_bit8)
    i.display_oil_bit9                       0x08003be2   Section        0  disp.o(i.display_oil_bit9)
    i.display_oil_ten0                       0x08003c18   Section        0  disp.o(i.display_oil_ten0)
    i.display_oil_ten1                       0x08003c4e   Section        0  disp.o(i.display_oil_ten1)
    i.display_oil_ten2                       0x08003c64   Section        0  disp.o(i.display_oil_ten2)
    i.display_oil_ten3                       0x08003c92   Section        0  disp.o(i.display_oil_ten3)
    i.display_oil_ten4                       0x08003cc0   Section        0  disp.o(i.display_oil_ten4)
    i.display_oil_ten5                       0x08003ce6   Section        0  disp.o(i.display_oil_ten5)
    i.display_oil_ten6                       0x08003d14   Section        0  disp.o(i.display_oil_ten6)
    i.display_oil_ten7                       0x08003d4a   Section        0  disp.o(i.display_oil_ten7)
    i.display_oil_ten8                       0x08003d68   Section        0  disp.o(i.display_oil_ten8)
    i.display_oil_ten9                       0x08003da6   Section        0  disp.o(i.display_oil_ten9)
    i.enter_stop                             0x08003ddc   Section        0  sleep.o(i.enter_stop)
    i.high_run                               0x08004014   Section        0  disp.o(i.high_run)
    i.iic_start                              0x08004500   Section        0  aip33a06.o(i.iic_start)
    i.iic_stop                               0x08004524   Section        0  aip33a06.o(i.iic_stop)
    i.iwdg_init                              0x08004540   Section        0  pwr.o(i.iwdg_init)
    i.low_run                                0x08004594   Section        0  disp.o(i.low_run)
    i.lptim_init                             0x08004a40   Section        0  lptim.o(i.lptim_init)
    i.lptim_start                            0x08004ac8   Section        0  lptim.o(i.lptim_start)
    i.main                                   0x08004b04   Section        0  main.o(i.main)
    i.option_init                            0x08004c4c   Section        0  pwr.o(i.option_init)
    i.sysinit                                0x08004ca8   Section        0  aip33a06.o(i.sysinit)
    i.timer14_init                           0x08004cdc   Section        0  tim.o(i.timer14_init)
    i.timer1_init                            0x08004d3c   Section        0  tim.o(i.timer1_init)
    i.update_pwm_and_write                   0x08004da4   Section        0  disp.o(i.update_pwm_and_write)
    i.update_pwm_and_write_descending        0x08004df0   Section        0  disp.o(i.update_pwm_and_write_descending)
    i.write_data                             0x08004e38   Section        0  aip33a06.o(i.write_data)
    .constdata                               0x08004e70   Section       32  py32c642_hal_flash.o(.constdata)
    .constdata                               0x08004e90   Section      280  disp.o(.constdata)
    .constdata                               0x08004fa8   Section      400  baterry.o(.constdata)
    .data                                    0x20000000   Section        4  system_py32c642.o(.data)
    .data                                    0x20000004   Section        1  main.o(.data)
    .data                                    0x20000008   Section       12  py32c642_hal.o(.data)
    .data                                    0x20000014   Section        8  adc.o(.data)
    .data                                    0x2000001c   Section      164  disp.o(.data)
    .data                                    0x200000c0   Section        8  portscan.o(.data)
    .data                                    0x200000c8   Section        2  baterry.o(.data)
    .data                                    0x200000ca   Section        9  sleep.o(.data)
    .data                                    0x200000d3   Section        2  switchdip.o(.data)
    .bss                                     0x200000d8   Section       24  py32c642_hal_flash.o(.bss)
    .bss                                     0x200000f0   Section       84  disp.o(.bss)
    .bss                                     0x20000144   Section       10  sys.o(.bss)
    .bss                                     0x20000150   Section       60  out.o(.bss)
    .bss                                     0x2000018c   Section       16  portscan.o(.bss)
    .bss                                     0x2000019c   Section       64  baterry.o(.bss)
    STACK                                    0x200001e0   Section     1024  startup_py32c642xx.o(STACK)
    .ARM.__AT_0x20000A00                     0x20000a00   Section        4  main.o(.ARM.__AT_0x20000A00)
    .ARM.__AT_0x20000A10                     0x20000a10   Section        1  main.o(.ARM.__AT_0x20000A10)
    .ARM.__AT_0x20000A20                     0x20000a20   Section        1  main.o(.ARM.__AT_0x20000A20)
    .ARM.__AT_0x20000A30                     0x20000a30   Section        4  main.o(.ARM.__AT_0x20000A30)
    .ARM.__AT_0x20000A40                     0x20000a40   Section        4  main.o(.ARM.__AT_0x20000A40)

    Global Symbols

    Symbol Name                              Value     Ov Type        Size  Object(Section)

    BuildAttributes$$THM_ISAv3M$S$PE$A:L22$X:L11$S22$IEEE1$IW$USESV6$~STKCKD$USESV7$~SHL$OTIME$ROPI$EBA8$MICROLIB$REQ8$PRES8$EABIv2 0x00000000   Number         0  anon$$obj.o ABSOLUTE
    __ARM_use_no_argv                        0x00000000   Number         0  main.o ABSOLUTE
    __arm_fini_                               - Undefined Weak Reference
    __cpp_initialize__aeabi_                  - Undefined Weak Reference
    __cxa_finalize                            - Undefined Weak Reference
    __decompress                              - Undefined Weak Reference
    _clock_init                               - Undefined Weak Reference
    _microlib_exit                            - Undefined Weak Reference
    __Vectors_Size                           0x000000c0   Number         0  startup_py32c642xx.o ABSOLUTE
    __Vectors                                0x08000000   Data           4  startup_py32c642xx.o(RESET)
    __Vectors_End                            0x080000c0   Data           0  startup_py32c642xx.o(RESET)
    __main                                   0x080000c1   Thumb Code     0  entry.o(.ARM.Collect$$$$00000000)
    _main_stk                                0x080000c1   Thumb Code     0  entry2.o(.ARM.Collect$$$$00000001)
    _main_scatterload                        0x080000c5   Thumb Code     0  entry5.o(.ARM.Collect$$$$00000004)
    __main_after_scatterload                 0x080000c9   Thumb Code     0  entry5.o(.ARM.Collect$$$$00000004)
    _main_clock                              0x080000c9   Thumb Code     0  entry7b.o(.ARM.Collect$$$$00000008)
    _main_cpp_init                           0x080000c9   Thumb Code     0  entry8b.o(.ARM.Collect$$$$0000000A)
    _main_init                               0x080000c9   Thumb Code     0  entry9a.o(.ARM.Collect$$$$0000000B)
    __rt_lib_shutdown_fini                   0x080000d1   Thumb Code     0  entry12b.o(.ARM.Collect$$$$0000000E)
    __rt_final_cpp                           0x080000d5   Thumb Code     0  entry10a.o(.ARM.Collect$$$$0000000F)
    __rt_final_exit                          0x080000d5   Thumb Code     0  entry11a.o(.ARM.Collect$$$$00000011)
    Reset_Handler                            0x080000d9   Thumb Code     8  startup_py32c642xx.o(.text)
    ADC_COMP_IRQHandler                      0x080000eb   Thumb Code     0  startup_py32c642xx.o(.text)
    FLASH_IRQHandler                         0x080000eb   Thumb Code     0  startup_py32c642xx.o(.text)
    LPTIM1_IRQHandler                        0x080000eb   Thumb Code     0  startup_py32c642xx.o(.text)
    RCC_IRQHandler                           0x080000eb   Thumb Code     0  startup_py32c642xx.o(.text)
    TIM1_CC_IRQHandler                       0x080000eb   Thumb Code     0  startup_py32c642xx.o(.text)
    __aeabi_uidiv                            0x080000f5   Thumb Code     0  uidiv.o(.text)
    __aeabi_uidivmod                         0x080000f5   Thumb Code    44  uidiv.o(.text)
    __aeabi_memset                           0x08000121   Thumb Code    14  memseta.o(.text)
    __aeabi_memset4                          0x08000121   Thumb Code     0  memseta.o(.text)
    __aeabi_memset8                          0x08000121   Thumb Code     0  memseta.o(.text)
    __aeabi_memclr                           0x0800012f   Thumb Code     4  memseta.o(.text)
    __aeabi_memclr4                          0x0800012f   Thumb Code     0  memseta.o(.text)
    __aeabi_memclr8                          0x0800012f   Thumb Code     0  memseta.o(.text)
    _memset$wrapper                          0x08000133   Thumb Code    18  memseta.o(.text)
    __aeabi_fmul                             0x08000145   Thumb Code   122  fmul.o(.text)
    __aeabi_dadd                             0x080001c1   Thumb Code   330  dadd.o(.text)
    __aeabi_dsub                             0x0800030b   Thumb Code    12  dadd.o(.text)
    __aeabi_drsub                            0x08000317   Thumb Code    12  dadd.o(.text)
    __aeabi_dmul                             0x08000329   Thumb Code   202  dmul.o(.text)
    __aeabi_ddiv                             0x080003f9   Thumb Code   234  ddiv.o(.text)
    __aeabi_ui2f                             0x080004e9   Thumb Code    14  ffltui.o(.text)
    __aeabi_ui2d                             0x080004f9   Thumb Code    24  dfltui.o(.text)
    __aeabi_f2uiz                            0x08000515   Thumb Code    40  ffixui.o(.text)
    __aeabi_d2uiz                            0x0800053d   Thumb Code    50  dfixui.o(.text)
    __aeabi_f2d                              0x08000579   Thumb Code    40  f2d.o(.text)
    __aeabi_d2f                              0x080005a1   Thumb Code    56  d2f.o(.text)
    __aeabi_llsl                             0x080005d9   Thumb Code    32  llshl.o(.text)
    _ll_shift_l                              0x080005d9   Thumb Code     0  llshl.o(.text)
    __aeabi_llsr                             0x080005f9   Thumb Code    34  llushr.o(.text)
    _ll_ushift_r                             0x080005f9   Thumb Code     0  llushr.o(.text)
    __aeabi_lasr                             0x0800061b   Thumb Code    38  llsshr.o(.text)
    _ll_sshift_r                             0x0800061b   Thumb Code     0  llsshr.o(.text)
    __I$use$fp                               0x08000641   Thumb Code     0  iusefp.o(.text)
    _float_round                             0x08000641   Thumb Code    16  fepilogue.o(.text)
    _float_epilogue                          0x08000651   Thumb Code   114  fepilogue.o(.text)
    _double_round                            0x080006c3   Thumb Code    26  depilogue.o(.text)
    _double_epilogue                         0x080006dd   Thumb Code   164  depilogue.o(.text)
    __scatterload                            0x08000781   Thumb Code    28  init.o(.text)
    __scatterload_rt2                        0x08000781   Thumb Code     0  init.o(.text)
    APP_ErrorHandler                         0x080007a5   Thumb Code     2  main.o(i.APP_ErrorHandler)
    APP_SystemClockConfig                    0x080007a9   Thumb Code   118  sys.o(i.APP_SystemClockConfig)
    Adc_CalBatRef                            0x0800082d   Thumb Code   134  adc.o(i.Adc_CalBatRef)
    AiP33A06_ACK                             0x080008d5   Thumb Code    54  aip33a06.o(i.AiP33A06_ACK)
    AiP33A06_writebyte                       0x08000911   Thumb Code    60  aip33a06.o(i.AiP33A06_writebyte)
    AiP33A06_writecmd                        0x08000951   Thumb Code    26  aip33a06.o(i.AiP33A06_writecmd)
    BatVoltage                               0x0800096d   Thumb Code    32  baterry.o(i.BatVoltage)
    Bcd2ToByte                               0x08000991   Thumb Code    16  adc.o(i.Bcd2ToByte)
    ClrShortData                             0x080009a1   Thumb Code    12  out.o(i.ClrShortData)
    DISP_Deal                                0x080009b5   Thumb Code   932  disp.o(i.DISP_Deal)
    EXTI0_1_IRQHandler                       0x08000d99   Thumb Code    34  py32c642_it.o(i.EXTI0_1_IRQHandler)
    EXTI2_3_IRQHandler                       0x08000dc1   Thumb Code    34  py32c642_it.o(i.EXTI2_3_IRQHandler)
    EXTI4_15_IRQHandler                      0x08000de9   Thumb Code    34  py32c642_it.o(i.EXTI4_15_IRQHandler)
    FLASH_WaitForLastOperation               0x08000e2d   Thumb Code    42  py32c642_hal_flash.o(i.FLASH_WaitForLastOperation)
    GetADCValue                              0x08000e61   Thumb Code    50  adc.o(i.GetADCValue)
    Get_Bat_Leve                             0x08000e9d   Thumb Code   276  baterry.o(i.Get_Bat_Leve)
    Get_Bat_Leve_Map                         0x08000fd1   Thumb Code     4  baterry.o(i.Get_Bat_Leve_Map)
    Get_Oil_Leve                             0x08000fd5   Thumb Code    38  out.o(i.Get_Oil_Leve)
    Get_Oil_Leve_Map                         0x0800100d   Thumb Code     4  out.o(i.Get_Oil_Leve_Map)
    Get_Out_Volt                             0x08001011   Thumb Code    40  out.o(i.Get_Out_Volt)
    Get_Power_Rest_BatLeve                   0x08001041   Thumb Code    90  baterry.o(i.Get_Power_Rest_BatLeve)
    Get_Usb_Ad                               0x080010b5   Thumb Code    24  portscan.o(i.Get_Usb_Ad)
    Gpio_Init                                0x080010d1   Thumb Code   298  gpio.o(i.Gpio_Init)
    Gpio_Wake                                0x08001209   Thumb Code   340  sleep.o(i.Gpio_Wake)
    HAL_FLASH_Lock                           0x08001369   Thumb Code    22  py32c642_hal_flash.o(i.HAL_FLASH_Lock)
    HAL_FLASH_OBProgram                      0x08001385   Thumb Code   286  py32c642_hal_flash.o(i.HAL_FLASH_OBProgram)
    HAL_FLASH_OB_Launch                      0x080014b9   Thumb Code    16  py32c642_hal_flash.o(i.HAL_FLASH_OB_Launch)
    HAL_FLASH_OB_Lock                        0x080014cd   Thumb Code    22  py32c642_hal_flash.o(i.HAL_FLASH_OB_Lock)
    HAL_FLASH_OB_Unlock                      0x080014e9   Thumb Code    28  py32c642_hal_flash.o(i.HAL_FLASH_OB_Unlock)
    HAL_FLASH_Unlock                         0x08001511   Thumb Code    28  py32c642_hal_flash.o(i.HAL_FLASH_Unlock)
    HAL_GetTick                              0x08001539   Thumb Code     6  py32c642_hal.o(i.HAL_GetTick)
    HardFault_Handler                        0x08001545   Thumb Code     2  py32c642_it.o(i.HardFault_Handler)
    LL_ADC_Init                              0x08001549   Thumb Code    54  py32c642_ll_adc.o(i.LL_ADC_Init)
    LL_ADC_REG_Init                          0x08001585   Thumb Code    46  py32c642_ll_adc.o(i.LL_ADC_REG_Init)
    LL_EXTI_Init                             0x080015e9   Thumb Code   182  py32c642_ll_exti.o(i.LL_EXTI_Init)
    LL_GPIO_Init                             0x080016dd   Thumb Code   168  py32c642_ll_gpio.o(i.LL_GPIO_Init)
    LL_Init1msTick                           0x08001881   Thumb Code    26  py32c642_ll_utils.o(i.LL_Init1msTick)
    LL_LPTIM_Init                            0x080018a1   Thumb Code    38  py32c642_ll_lptim.o(i.LL_LPTIM_Init)
    LL_SetSystemCoreClock                    0x080018cd   Thumb Code     6  py32c642_ll_utils.o(i.LL_SetSystemCoreClock)
    LL_TIM_Init                              0x080018d9   Thumb Code    72  py32c642_ll_tim.o(i.LL_TIM_Init)
    LL_mDelay                                0x08001929   Thumb Code    30  py32c642_ll_utils.o(i.LL_mDelay)
    NMI_Handler                              0x0800194d   Thumb Code     2  py32c642_it.o(i.NMI_Handler)
    Out_Deal                                 0x080019d9   Thumb Code  1592  out.o(i.Out_Deal)
    Out_Stop                                 0x0800202d   Thumb Code    64  portscan.o(i.Out_Stop)
    PendSV_Handler                           0x08002079   Thumb Code     2  py32c642_it.o(i.PendSV_Handler)
    Port_Scan                                0x0800207d   Thumb Code   530  portscan.o(i.Port_Scan)
    Power_Reset_Port_Scan                    0x080022b9   Thumb Code   102  portscan.o(i.Power_Reset_Port_Scan)
    Power_on_run                             0x08002331   Thumb Code  1940  disp.o(i.Power_on_run)
    Ram_Clear                                0x08002ad1   Thumb Code    44  aip33a06.o(i.Ram_Clear)
    SVC_Handler                              0x08002afd   Thumb Code     2  py32c642_it.o(i.SVC_Handler)
    SetShortData                             0x08002b01   Thumb Code    14  out.o(i.SetShortData)
    Set_Disp_Num                             0x08002b1d   Thumb Code    88  disp.o(i.Set_Disp_Num)
    ShortIsData                              0x08002b85   Thumb Code    28  out.o(i.ShortIsData)
    Sleep                                    0x08002bad   Thumb Code   192  sleep.o(i.Sleep)
    Sleep_Gpio                               0x08002c8d   Thumb Code   536  sleep.o(i.Sleep_Gpio)
    Smok_Disp_Deal                           0x08002ebd   Thumb Code   340  disp.o(i.Smok_Disp_Deal)
    Smok_Start_Bat_Leve_Deal                 0x08003029   Thumb Code    66  baterry.o(i.Smok_Start_Bat_Leve_Deal)
    SysTick_Handler                          0x0800307d   Thumb Code     2  py32c642_it.o(i.SysTick_Handler)
    SystemInit                               0x08003081   Thumb Code    50  system_py32c642.o(i.SystemInit)
    TIM14_IRQHandler                         0x080030c5   Thumb Code   332  py32c642_it.o(i.TIM14_IRQHandler)
    TIM1_BRK_UP_TRG_COM_IRQHandler           0x0800322d   Thumb Code    26  py32c642_it.o(i.TIM1_BRK_UP_TRG_COM_IRQHandler)
    __ARM_clz                                0x0800324d   Thumb Code    46  depilogue.o(i.__ARM_clz)
    __ARM_common_switch8                     0x0800327b   Thumb Code    26  adc.o(i.__ARM_common_switch8)
    __scatterload_copy                       0x08003295   Thumb Code    14  handlers.o(i.__scatterload_copy)
    __scatterload_null                       0x080032a3   Thumb Code     2  handlers.o(i.__scatterload_null)
    __scatterload_zeroinit                   0x080032a5   Thumb Code    14  handlers.o(i.__scatterload_zeroinit)
    _delay_us                                0x080032b3   Thumb Code    16  aip33a06.o(i._delay_us)
    adc_channel_config                       0x080032c5   Thumb Code   182  adc.o(i.adc_channel_config)
    adc_disable                              0x0800338d   Thumb Code    14  adc.o(i.adc_disable)
    adc_enable                               0x080033a5   Thumb Code    22  adc.o(i.adc_enable)
    adc_init                                 0x080033c5   Thumb Code   138  adc.o(i.adc_init)
    delay_us                                 0x08003459   Thumb Code    26  adc.o(i.delay_us)
    dis_sleep                                0x08003473   Thumb Code    14  aip33a06.o(i.dis_sleep)
    display                                  0x08003481   Thumb Code    40  aip33a06.o(i.display)
    display_Bat_logo                         0x080034a9   Thumb Code    22  disp.o(i.display_Bat_logo)
    display_Oil_logo                         0x080034bf   Thumb Code    12  disp.o(i.display_Oil_logo)
    display_bat                              0x080034cd   Thumb Code   158  disp.o(i.display_bat)
    display_bat_100                          0x08003575   Thumb Code    12  disp.o(i.display_bat_100)
    display_bat_bit0                         0x08003581   Thumb Code    54  disp.o(i.display_bat_bit0)
    display_bat_bit1                         0x080035b7   Thumb Code    22  disp.o(i.display_bat_bit1)
    display_bat_bit2                         0x080035cd   Thumb Code    46  disp.o(i.display_bat_bit2)
    display_bat_bit3                         0x080035fb   Thumb Code    46  disp.o(i.display_bat_bit3)
    display_bat_bit4                         0x08003629   Thumb Code    38  disp.o(i.display_bat_bit4)
    display_bat_bit5                         0x0800364f   Thumb Code    46  disp.o(i.display_bat_bit5)
    display_bat_bit6                         0x0800367d   Thumb Code    54  disp.o(i.display_bat_bit6)
    display_bat_bit7                         0x080036b3   Thumb Code    30  disp.o(i.display_bat_bit7)
    display_bat_bit8                         0x080036d1   Thumb Code    62  disp.o(i.display_bat_bit8)
    display_bat_bit9                         0x0800370f   Thumb Code    54  disp.o(i.display_bat_bit9)
    display_bat_ten0                         0x08003745   Thumb Code    54  disp.o(i.display_bat_ten0)
    display_bat_ten1                         0x0800377b   Thumb Code    22  disp.o(i.display_bat_ten1)
    display_bat_ten2                         0x08003791   Thumb Code    46  disp.o(i.display_bat_ten2)
    display_bat_ten3                         0x080037bf   Thumb Code    46  disp.o(i.display_bat_ten3)
    display_bat_ten4                         0x080037ed   Thumb Code    38  disp.o(i.display_bat_ten4)
    display_bat_ten5                         0x08003813   Thumb Code    46  disp.o(i.display_bat_ten5)
    display_bat_ten6                         0x08003841   Thumb Code    54  disp.o(i.display_bat_ten6)
    display_bat_ten7                         0x08003877   Thumb Code    30  disp.o(i.display_bat_ten7)
    display_bat_ten8                         0x08003895   Thumb Code    62  disp.o(i.display_bat_ten8)
    display_bat_ten9                         0x080038d3   Thumb Code    54  disp.o(i.display_bat_ten9)
    display_geras                            0x08003909   Thumb Code   132  disp.o(i.display_geras)
    display_logo                             0x08003991   Thumb Code    12  disp.o(i.display_logo)
    display_oil                              0x0800399d   Thumb Code   164  disp.o(i.display_oil)
    display_oil_100                          0x08003a49   Thumb Code    12  disp.o(i.display_oil_100)
    display_oil_bit0                         0x08003a55   Thumb Code    54  disp.o(i.display_oil_bit0)
    display_oil_bit1                         0x08003a8b   Thumb Code    22  disp.o(i.display_oil_bit1)
    display_oil_bit2                         0x08003aa1   Thumb Code    46  disp.o(i.display_oil_bit2)
    display_oil_bit3                         0x08003acf   Thumb Code    46  disp.o(i.display_oil_bit3)
    display_oil_bit4                         0x08003afd   Thumb Code    38  disp.o(i.display_oil_bit4)
    display_oil_bit5                         0x08003b23   Thumb Code    46  disp.o(i.display_oil_bit5)
    display_oil_bit6                         0x08003b51   Thumb Code    54  disp.o(i.display_oil_bit6)
    display_oil_bit7                         0x08003b87   Thumb Code    30  disp.o(i.display_oil_bit7)
    display_oil_bit8                         0x08003ba5   Thumb Code    62  disp.o(i.display_oil_bit8)
    display_oil_bit9                         0x08003be3   Thumb Code    54  disp.o(i.display_oil_bit9)
    display_oil_ten0                         0x08003c19   Thumb Code    54  disp.o(i.display_oil_ten0)
    display_oil_ten1                         0x08003c4f   Thumb Code    22  disp.o(i.display_oil_ten1)
    display_oil_ten2                         0x08003c65   Thumb Code    46  disp.o(i.display_oil_ten2)
    display_oil_ten3                         0x08003c93   Thumb Code    46  disp.o(i.display_oil_ten3)
    display_oil_ten4                         0x08003cc1   Thumb Code    38  disp.o(i.display_oil_ten4)
    display_oil_ten5                         0x08003ce7   Thumb Code    46  disp.o(i.display_oil_ten5)
    display_oil_ten6                         0x08003d15   Thumb Code    54  disp.o(i.display_oil_ten6)
    display_oil_ten7                         0x08003d4b   Thumb Code    30  disp.o(i.display_oil_ten7)
    display_oil_ten8                         0x08003d69   Thumb Code    62  disp.o(i.display_oil_ten8)
    display_oil_ten9                         0x08003da7   Thumb Code    54  disp.o(i.display_oil_ten9)
    enter_stop                               0x08003ddd   Thumb Code   502  sleep.o(i.enter_stop)
    high_run                                 0x08004015   Thumb Code  1252  disp.o(i.high_run)
    iic_start                                0x08004501   Thumb Code    30  aip33a06.o(i.iic_start)
    iic_stop                                 0x08004525   Thumb Code    24  aip33a06.o(i.iic_stop)
    iwdg_init                                0x08004541   Thumb Code    60  pwr.o(i.iwdg_init)
    low_run                                  0x08004595   Thumb Code  1192  disp.o(i.low_run)
    lptim_init                               0x08004a41   Thumb Code   124  lptim.o(i.lptim_init)
    lptim_start                              0x08004ac9   Thumb Code    56  lptim.o(i.lptim_start)
    main                                     0x08004b05   Thumb Code   282  main.o(i.main)
    option_init                              0x08004c4d   Thumb Code    86  pwr.o(i.option_init)
    sysinit                                  0x08004ca9   Thumb Code    52  aip33a06.o(i.sysinit)
    timer14_init                             0x08004cdd   Thumb Code    86  tim.o(i.timer14_init)
    timer1_init                              0x08004d3d   Thumb Code    96  tim.o(i.timer1_init)
    update_pwm_and_write                     0x08004da5   Thumb Code    70  disp.o(i.update_pwm_and_write)
    update_pwm_and_write_descending          0x08004df1   Thumb Code    68  disp.o(i.update_pwm_and_write_descending)
    write_data                               0x08004e39   Thumb Code    56  aip33a06.o(i.write_data)
    _FlashTimmingParam                       0x08004e70   Data          32  py32c642_hal_flash.o(.constdata)
    lights_25_h                              0x08004e90   Data           2  disp.o(.constdata)
    lights_50_h                              0x08004e92   Data           3  disp.o(.constdata)
    lights_75_h                              0x08004e95   Data           6  disp.o(.constdata)
    lights_0_h                               0x08004e9b   Data           8  disp.o(.constdata)
    lights_0                                 0x08004ea3   Data          17  disp.o(.constdata)
    descending_lights_0                      0x08004eb4   Data           9  disp.o(.constdata)
    brightening_lights_0                     0x08004ebd   Data          12  disp.o(.constdata)
    lights_25                                0x08004ec9   Data          18  disp.o(.constdata)
    lights_50                                0x08004edb   Data          18  disp.o(.constdata)
    lights_75                                0x08004eed   Data          20  disp.o(.constdata)
    descending_lights_0_h                    0x08004f01   Data          25  disp.o(.constdata)
    brightening_lights_0_h                   0x08004f1a   Data          16  disp.o(.constdata)
    descending_star_0_h                      0x08004f2a   Data           9  disp.o(.constdata)
    brightening_star_0_h                     0x08004f33   Data          13  disp.o(.constdata)
    lights_all                               0x08004f40   Data          82  disp.o(.constdata)
    descending_star                          0x08004f92   Data           9  disp.o(.constdata)
    brightening_star                         0x08004f9b   Data          13  disp.o(.constdata)
    _Bat_Leve_digit_List                     0x08004fa8   Data         400  baterry.o(.constdata)
    Region$$Table$$Base                      0x08005138   Number         0  anon$$obj.o(Region$$Table)
    Region$$Table$$Limit                     0x08005158   Number         0  anon$$obj.o(Region$$Table)
    SystemCoreClock                          0x20000000   Data           4  system_py32c642.o(.data)
    tim_flag                                 0x20000004   Data           1  main.o(.data)
    uwTickPrio                               0x20000008   Data           4  py32c642_hal.o(.data)
    uwTickFreq                               0x2000000c   Data           4  py32c642_hal.o(.data)
    uwTick                                   0x20000010   Data           4  py32c642_hal.o(.data)
    vref_LDO                                 0x20000014   Data           2  adc.o(.data)
    vref                                     0x20000018   Data           4  adc.o(.data)
    Smg_Paoma_En                             0x2000001c   Data           1  disp.o(.data)
    Smg_Paoma_En_stop                        0x2000001d   Data           1  disp.o(.data)
    display_bat_bit                          0x20000020   Data          40  disp.o(.data)
    display_bat_ten                          0x20000048   Data          40  disp.o(.data)
    display_oil_bit                          0x20000070   Data          40  disp.o(.data)
    display_oil_ten                          0x20000098   Data          40  disp.o(.data)
    Key_Out_EN                               0x200000c0   Data           1  portscan.o(.data)
    Key_Long_Time_Cnt                        0x200000c4   Data           4  portscan.o(.data)
    Smok_Down_EN                             0x200000c8   Data           1  baterry.o(.data)
    Charge_Vol_offset                        0x200000c9   Data           1  baterry.o(.data)
    mic_bit_temp                             0x200000ca   Data           1  sleep.o(.data)
    usb_bit_temp                             0x200000cb   Data           1  sleep.o(.data)
    usb_ad_bit_temp                          0x200000cc   Data           1  sleep.o(.data)
    key_bit_temp                             0x200000cd   Data           1  sleep.o(.data)
    mic_bit_temp1                            0x200000ce   Data           1  sleep.o(.data)
    usb_bit_temp1                            0x200000cf   Data           1  sleep.o(.data)
    usb_ad_bit_temp1                         0x200000d0   Data           1  sleep.o(.data)
    key_bit_temp1                            0x200000d1   Data           1  sleep.o(.data)
    mic_bit_up                               0x200000d2   Data           1  sleep.o(.data)
    swInfo                                   0x200000d3   Data           2  switchdip.o(.data)
    pFlash                                   0x200000d8   Data          24  py32c642_hal_flash.o(.bss)
    Dispinfo                                 0x200000f0   Data          84  disp.o(.bss)
    SysInfo                                  0x20000144   Data          10  sys.o(.bss)
    OutInfo                                  0x20000150   Data          60  out.o(.bss)
    ScanInfo                                 0x2000018c   Data          16  portscan.o(.bss)
    BatInfo                                  0x2000019c   Data          64  baterry.o(.bss)
    __initial_sp                             0x200005e0   Data           0  startup_py32c642xx.o(STACK)
    Out_Oil_Time                             0x20000a00   Data           4  main.o(.ARM.__AT_0x20000A00)
    Bat_Leve                                 0x20000a10   Data           1  main.o(.ARM.__AT_0x20000A10)
    Oil_Leve                                 0x20000a20   Data           1  main.o(.ARM.__AT_0x20000A20)
    Short_Reset_Flag                         0x20000a30   Data           4  main.o(.ARM.__AT_0x20000A30)
    Short_Reset_Flag1                        0x20000a40   Data           4  main.o(.ARM.__AT_0x20000A40)



==============================================================================

Memory Map of the image

  Image Entry point : 0x080000c1

  Load Region LR_IROM1 (Base: 0x08000000, Size: 0x00005230, Max: 0x00006000, ABSOLUTE)

    Execution Region ER_IROM1 (Exec base: 0x08000000, Load base: 0x08000000, Size: 0x00005158, Max: 0x00006000, ABSOLUTE)

    Exec Addr    Load Addr    Size         Type   Attr      Idx    E Section Name        Object

    0x08000000   0x08000000   0x000000c0   Data   RO           66    RESET               startup_py32c642xx.o
    0x080000c0   0x080000c0   0x00000000   Code   RO         2520  * .ARM.Collect$$$$00000000  mc_p.l(entry.o)
    0x080000c0   0x080000c0   0x00000004   Code   RO         2547    .ARM.Collect$$$$00000001  mc_p.l(entry2.o)
    0x080000c4   0x080000c4   0x00000004   Code   RO         2550    .ARM.Collect$$$$00000004  mc_p.l(entry5.o)
    0x080000c8   0x080000c8   0x00000000   Code   RO         2552    .ARM.Collect$$$$00000008  mc_p.l(entry7b.o)
    0x080000c8   0x080000c8   0x00000000   Code   RO         2554    .ARM.Collect$$$$0000000A  mc_p.l(entry8b.o)
    0x080000c8   0x080000c8   0x00000008   Code   RO         2555    .ARM.Collect$$$$0000000B  mc_p.l(entry9a.o)
    0x080000d0   0x080000d0   0x00000004   Code   RO         2562    .ARM.Collect$$$$0000000E  mc_p.l(entry12b.o)
    0x080000d4   0x080000d4   0x00000000   Code   RO         2557    .ARM.Collect$$$$0000000F  mc_p.l(entry10a.o)
    0x080000d4   0x080000d4   0x00000000   Code   RO         2559    .ARM.Collect$$$$00000011  mc_p.l(entry11a.o)
    0x080000d4   0x080000d4   0x00000004   Code   RO         2548    .ARM.Collect$$$$00002712  mc_p.l(entry2.o)
    0x080000d8   0x080000d8   0x0000001c   Code   RO           67    .text               startup_py32c642xx.o
    0x080000f4   0x080000f4   0x0000002c   Code   RO         2523    .text               mc_p.l(uidiv.o)
    0x08000120   0x08000120   0x00000024   Code   RO         2525    .text               mc_p.l(memseta.o)
    0x08000144   0x08000144   0x0000007a   Code   RO         2527    .text               mf_p.l(fmul.o)
    0x080001be   0x080001be   0x00000002   PAD
    0x080001c0   0x080001c0   0x00000168   Code   RO         2529    .text               mf_p.l(dadd.o)
    0x08000328   0x08000328   0x000000d0   Code   RO         2531    .text               mf_p.l(dmul.o)
    0x080003f8   0x080003f8   0x000000f0   Code   RO         2533    .text               mf_p.l(ddiv.o)
    0x080004e8   0x080004e8   0x0000000e   Code   RO         2535    .text               mf_p.l(ffltui.o)
    0x080004f6   0x080004f6   0x00000002   PAD
    0x080004f8   0x080004f8   0x0000001c   Code   RO         2537    .text               mf_p.l(dfltui.o)
    0x08000514   0x08000514   0x00000028   Code   RO         2539    .text               mf_p.l(ffixui.o)
    0x0800053c   0x0800053c   0x0000003c   Code   RO         2541    .text               mf_p.l(dfixui.o)
    0x08000578   0x08000578   0x00000028   Code   RO         2543    .text               mf_p.l(f2d.o)
    0x080005a0   0x080005a0   0x00000038   Code   RO         2545    .text               mf_p.l(d2f.o)
    0x080005d8   0x080005d8   0x00000020   Code   RO         2563    .text               mc_p.l(llshl.o)
    0x080005f8   0x080005f8   0x00000022   Code   RO         2565    .text               mc_p.l(llushr.o)
    0x0800061a   0x0800061a   0x00000026   Code   RO         2567    .text               mc_p.l(llsshr.o)
    0x08000640   0x08000640   0x00000000   Code   RO         2569    .text               mc_p.l(iusefp.o)
    0x08000640   0x08000640   0x00000082   Code   RO         2570    .text               mf_p.l(fepilogue.o)
    0x080006c2   0x080006c2   0x000000be   Code   RO         2572    .text               mf_p.l(depilogue.o)
    0x08000780   0x08000780   0x00000024   Code   RO         2576    .text               mc_p.l(init.o)
    0x080007a4   0x080007a4   0x00000002   Code   RO           73    i.APP_ErrorHandler  main.o
    0x080007a6   0x080007a6   0x00000002   PAD
    0x080007a8   0x080007a8   0x00000084   Code   RO         2058    i.APP_SystemClockConfig  sys.o
    0x0800082c   0x0800082c   0x000000a8   Code   RO         1339    i.Adc_CalBatRef     adc.o
    0x080008d4   0x080008d4   0x0000003c   Code   RO         2431    i.AiP33A06_ACK      aip33a06.o
    0x08000910   0x08000910   0x00000040   Code   RO         2432    i.AiP33A06_writebyte  aip33a06.o
    0x08000950   0x08000950   0x0000001a   Code   RO         2433    i.AiP33A06_writecmd  aip33a06.o
    0x0800096a   0x0800096a   0x00000002   PAD
    0x0800096c   0x0800096c   0x00000024   Code   RO         2226    i.BatVoltage        baterry.o
    0x08000990   0x08000990   0x00000010   Code   RO         1340    i.Bcd2ToByte        adc.o
    0x080009a0   0x080009a0   0x00000014   Code   RO         2096    i.ClrShortData      out.o
    0x080009b4   0x080009b4   0x000003cc   Code   RO         1685    i.DISP_Deal         disp.o
    0x08000d80   0x08000d80   0x00000018   Code   RO            3    i.DelayTime         system_py32c642.o
    0x08000d98   0x08000d98   0x00000028   Code   RO          255    i.EXTI0_1_IRQHandler  py32c642_it.o
    0x08000dc0   0x08000dc0   0x00000028   Code   RO          256    i.EXTI2_3_IRQHandler  py32c642_it.o
    0x08000de8   0x08000de8   0x00000028   Code   RO          257    i.EXTI4_15_IRQHandler  py32c642_it.o
    0x08000e10   0x08000e10   0x0000001c   Code   RO          710    i.FLASH_OB_OptrConfig  py32c642_hal_flash.o
    0x08000e2c   0x08000e2c   0x00000034   Code   RO          714    i.FLASH_WaitForLastOperation  py32c642_hal_flash.o
    0x08000e60   0x08000e60   0x0000003c   Code   RO         1341    i.GetADCValue       adc.o
    0x08000e9c   0x08000e9c   0x00000134   Code   RO         2227    i.Get_Bat_Leve      baterry.o
    0x08000fd0   0x08000fd0   0x00000004   Code   RO         2228    i.Get_Bat_Leve_Map  baterry.o
    0x08000fd4   0x08000fd4   0x00000038   Code   RO         2097    i.Get_Oil_Leve      out.o
    0x0800100c   0x0800100c   0x00000004   Code   RO         2098    i.Get_Oil_Leve_Map  out.o
    0x08001010   0x08001010   0x00000030   Code   RO         2099    i.Get_Out_Volt      out.o
    0x08001040   0x08001040   0x00000074   Code   RO         2229    i.Get_Power_Rest_BatLeve  baterry.o
    0x080010b4   0x080010b4   0x0000001c   Code   RO         2165    i.Get_Usb_Ad        portscan.o
    0x080010d0   0x080010d0   0x00000138   Code   RO         1450    i.Gpio_Init         gpio.o
    0x08001208   0x08001208   0x00000160   Code   RO         2282    i.Gpio_Wake         sleep.o
    0x08001368   0x08001368   0x0000001c   Code   RO          720    i.HAL_FLASH_Lock    py32c642_hal_flash.o
    0x08001384   0x08001384   0x00000134   Code   RO          724    i.HAL_FLASH_OBProgram  py32c642_hal_flash.o
    0x080014b8   0x080014b8   0x00000014   Code   RO          725    i.HAL_FLASH_OB_Launch  py32c642_hal_flash.o
    0x080014cc   0x080014cc   0x0000001c   Code   RO          726    i.HAL_FLASH_OB_Lock  py32c642_hal_flash.o
    0x080014e8   0x080014e8   0x00000028   Code   RO          727    i.HAL_FLASH_OB_Unlock  py32c642_hal_flash.o
    0x08001510   0x08001510   0x00000028   Code   RO          733    i.HAL_FLASH_Unlock  py32c642_hal_flash.o
    0x08001538   0x08001538   0x0000000c   Code   RO          888    i.HAL_GetTick       py32c642_hal.o
    0x08001544   0x08001544   0x00000002   Code   RO          258    i.HardFault_Handler  py32c642_it.o
    0x08001546   0x08001546   0x00000002   PAD
    0x08001548   0x08001548   0x0000003c   Code   RO          457    i.LL_ADC_Init       py32c642_ll_adc.o
    0x08001584   0x08001584   0x00000034   Code   RO          458    i.LL_ADC_REG_Init   py32c642_ll_adc.o
    0x080015b8   0x080015b8   0x00000018   Code   RO         1599    i.LL_APB1_GRP2_EnableClock  tim.o
    0x080015d0   0x080015d0   0x00000018   Code   RO         2283    i.LL_APB1_GRP2_EnableClock  sleep.o
    0x080015e8   0x080015e8   0x000000bc   Code   RO          675    i.LL_EXTI_Init      py32c642_ll_exti.o
    0x080016a4   0x080016a4   0x00000014   Code   RO          259    i.LL_EXTI_IsActiveFlag  py32c642_it.o
    0x080016b8   0x080016b8   0x00000024   Code   RO         2284    i.LL_EXTI_SetEXTISource  sleep.o
    0x080016dc   0x080016dc   0x000000a8   Code   RO          512    i.LL_GPIO_Init      py32c642_ll_gpio.o
    0x08001784   0x08001784   0x0000000e   Code   RO         2166    i.LL_GPIO_IsInputPinSet  portscan.o
    0x08001792   0x08001792   0x0000000e   Code   RO         2285    i.LL_GPIO_IsInputPinSet  sleep.o
    0x080017a0   0x080017a0   0x00000014   Code   RO         1343    i.LL_GPIO_SetPinMode  adc.o
    0x080017b4   0x080017b4   0x00000014   Code   RO         1451    i.LL_GPIO_SetPinMode  gpio.o
    0x080017c8   0x080017c8   0x00000014   Code   RO         1686    i.LL_GPIO_SetPinMode  disp.o
    0x080017dc   0x080017dc   0x00000014   Code   RO         2167    i.LL_GPIO_SetPinMode  portscan.o
    0x080017f0   0x080017f0   0x00000014   Code   RO         2286    i.LL_GPIO_SetPinMode  sleep.o
    0x08001804   0x08001804   0x00000014   Code   RO         2434    i.LL_GPIO_SetPinMode  aip33a06.o
    0x08001818   0x08001818   0x0000000c   Code   RO         1452    i.LL_GPIO_SetPinOutputType  gpio.o
    0x08001824   0x08001824   0x0000000c   Code   RO         2287    i.LL_GPIO_SetPinOutputType  sleep.o
    0x08001830   0x08001830   0x00000014   Code   RO         1453    i.LL_GPIO_SetPinPull  gpio.o
    0x08001844   0x08001844   0x00000014   Code   RO         2288    i.LL_GPIO_SetPinPull  sleep.o
    0x08001858   0x08001858   0x00000014   Code   RO         1454    i.LL_GPIO_SetPinSpeed  gpio.o
    0x0800186c   0x0800186c   0x00000014   Code   RO         2289    i.LL_GPIO_SetPinSpeed  sleep.o
    0x08001880   0x08001880   0x00000020   Code   RO          630    i.LL_Init1msTick    py32c642_ll_utils.o
    0x080018a0   0x080018a0   0x0000002c   Code   RO         1302    i.LL_LPTIM_Init     py32c642_ll_lptim.o
    0x080018cc   0x080018cc   0x0000000c   Code   RO          632    i.LL_SetSystemCoreClock  py32c642_ll_utils.o
    0x080018d8   0x080018d8   0x00000050   Code   RO         1176    i.LL_TIM_Init       py32c642_ll_tim.o
    0x08001928   0x08001928   0x00000024   Code   RO          633    i.LL_mDelay         py32c642_ll_utils.o
    0x0800194c   0x0800194c   0x00000002   Code   RO          260    i.NMI_Handler       py32c642_it.o
    0x0800194e   0x0800194e   0x00000002   PAD
    0x08001950   0x08001950   0x00000044   Code   RO         1600    i.NVIC_SetPriority  tim.o
    0x08001994   0x08001994   0x00000044   Code   RO         2290    i.NVIC_SetPriority  sleep.o
    0x080019d8   0x080019d8   0x00000654   Code   RO         2101    i.Out_Deal          out.o
    0x0800202c   0x0800202c   0x0000004c   Code   RO         2168    i.Out_Stop          portscan.o
    0x08002078   0x08002078   0x00000002   Code   RO          261    i.PendSV_Handler    py32c642_it.o
    0x0800207a   0x0800207a   0x00000002   PAD
    0x0800207c   0x0800207c   0x0000023c   Code   RO         2169    i.Port_Scan         portscan.o
    0x080022b8   0x080022b8   0x00000078   Code   RO         2170    i.Power_Reset_Port_Scan  portscan.o
    0x08002330   0x08002330   0x000007a0   Code   RO         1687    i.Power_on_run      disp.o
    0x08002ad0   0x08002ad0   0x0000002c   Code   RO         2435    i.Ram_Clear         aip33a06.o
    0x08002afc   0x08002afc   0x00000002   Code   RO          262    i.SVC_Handler       py32c642_it.o
    0x08002afe   0x08002afe   0x00000002   PAD
    0x08002b00   0x08002b00   0x0000001c   Code   RO         2102    i.SetShortData      out.o
    0x08002b1c   0x08002b1c   0x00000068   Code   RO         1688    i.Set_Disp_Num      disp.o
    0x08002b84   0x08002b84   0x00000028   Code   RO         2103    i.ShortIsData       out.o
    0x08002bac   0x08002bac   0x000000e0   Code   RO         2291    i.Sleep             sleep.o
    0x08002c8c   0x08002c8c   0x00000230   Code   RO         2292    i.Sleep_Gpio        sleep.o
    0x08002ebc   0x08002ebc   0x0000016c   Code   RO         1689    i.Smok_Disp_Deal    disp.o
    0x08003028   0x08003028   0x00000054   Code   RO         2230    i.Smok_Start_Bat_Leve_Deal  baterry.o
    0x0800307c   0x0800307c   0x00000002   Code   RO          263    i.SysTick_Handler   py32c642_it.o
    0x0800307e   0x0800307e   0x00000002   PAD
    0x08003080   0x08003080   0x00000044   Code   RO            5    i.SystemInit        system_py32c642.o
    0x080030c4   0x080030c4   0x00000168   Code   RO          264    i.TIM14_IRQHandler  py32c642_it.o
    0x0800322c   0x0800322c   0x00000020   Code   RO          265    i.TIM1_BRK_UP_TRG_COM_IRQHandler  py32c642_it.o
    0x0800324c   0x0800324c   0x0000002e   Code   RO         2574    i.__ARM_clz         mf_p.l(depilogue.o)
    0x0800327a   0x0800327a   0x0000001a   Code   RO         1434    i.__ARM_common_switch8  adc.o
    0x08003294   0x08003294   0x0000000e   Code   RO         2580    i.__scatterload_copy  mc_p.l(handlers.o)
    0x080032a2   0x080032a2   0x00000002   Code   RO         2581    i.__scatterload_null  mc_p.l(handlers.o)
    0x080032a4   0x080032a4   0x0000000e   Code   RO         2582    i.__scatterload_zeroinit  mc_p.l(handlers.o)
    0x080032b2   0x080032b2   0x00000010   Code   RO         2436    i._delay_us         aip33a06.o
    0x080032c2   0x080032c2   0x00000002   PAD
    0x080032c4   0x080032c4   0x000000c8   Code   RO         1344    i.adc_channel_config  adc.o
    0x0800338c   0x0800338c   0x00000018   Code   RO         1346    i.adc_disable       adc.o
    0x080033a4   0x080033a4   0x00000020   Code   RO         1348    i.adc_enable        adc.o
    0x080033c4   0x080033c4   0x00000094   Code   RO         1349    i.adc_init          adc.o
    0x08003458   0x08003458   0x0000001a   Code   RO         1352    i.delay_us          adc.o
    0x08003472   0x08003472   0x0000000e   Code   RO         2438    i.dis_sleep         aip33a06.o
    0x08003480   0x08003480   0x00000028   Code   RO         2439    i.display           aip33a06.o
    0x080034a8   0x080034a8   0x00000016   Code   RO         1691    i.display_Bat_logo  disp.o
    0x080034be   0x080034be   0x0000000c   Code   RO         1692    i.display_Oil_logo  disp.o
    0x080034ca   0x080034ca   0x00000002   PAD
    0x080034cc   0x080034cc   0x000000a8   Code   RO         1693    i.display_bat       disp.o
    0x08003574   0x08003574   0x0000000c   Code   RO         1694    i.display_bat_100   disp.o
    0x08003580   0x08003580   0x00000036   Code   RO         1695    i.display_bat_bit0  disp.o
    0x080035b6   0x080035b6   0x00000016   Code   RO         1696    i.display_bat_bit1  disp.o
    0x080035cc   0x080035cc   0x0000002e   Code   RO         1697    i.display_bat_bit2  disp.o
    0x080035fa   0x080035fa   0x0000002e   Code   RO         1698    i.display_bat_bit3  disp.o
    0x08003628   0x08003628   0x00000026   Code   RO         1699    i.display_bat_bit4  disp.o
    0x0800364e   0x0800364e   0x0000002e   Code   RO         1700    i.display_bat_bit5  disp.o
    0x0800367c   0x0800367c   0x00000036   Code   RO         1701    i.display_bat_bit6  disp.o
    0x080036b2   0x080036b2   0x0000001e   Code   RO         1702    i.display_bat_bit7  disp.o
    0x080036d0   0x080036d0   0x0000003e   Code   RO         1703    i.display_bat_bit8  disp.o
    0x0800370e   0x0800370e   0x00000036   Code   RO         1704    i.display_bat_bit9  disp.o
    0x08003744   0x08003744   0x00000036   Code   RO         1705    i.display_bat_ten0  disp.o
    0x0800377a   0x0800377a   0x00000016   Code   RO         1706    i.display_bat_ten1  disp.o
    0x08003790   0x08003790   0x0000002e   Code   RO         1707    i.display_bat_ten2  disp.o
    0x080037be   0x080037be   0x0000002e   Code   RO         1708    i.display_bat_ten3  disp.o
    0x080037ec   0x080037ec   0x00000026   Code   RO         1709    i.display_bat_ten4  disp.o
    0x08003812   0x08003812   0x0000002e   Code   RO         1710    i.display_bat_ten5  disp.o
    0x08003840   0x08003840   0x00000036   Code   RO         1711    i.display_bat_ten6  disp.o
    0x08003876   0x08003876   0x0000001e   Code   RO         1712    i.display_bat_ten7  disp.o
    0x08003894   0x08003894   0x0000003e   Code   RO         1713    i.display_bat_ten8  disp.o
    0x080038d2   0x080038d2   0x00000036   Code   RO         1714    i.display_bat_ten9  disp.o
    0x08003908   0x08003908   0x00000088   Code   RO         1715    i.display_geras     disp.o
    0x08003990   0x08003990   0x0000000c   Code   RO         1716    i.display_logo      disp.o
    0x0800399c   0x0800399c   0x000000ac   Code   RO         1717    i.display_oil       disp.o
    0x08003a48   0x08003a48   0x0000000c   Code   RO         1718    i.display_oil_100   disp.o
    0x08003a54   0x08003a54   0x00000036   Code   RO         1719    i.display_oil_bit0  disp.o
    0x08003a8a   0x08003a8a   0x00000016   Code   RO         1720    i.display_oil_bit1  disp.o
    0x08003aa0   0x08003aa0   0x0000002e   Code   RO         1721    i.display_oil_bit2  disp.o
    0x08003ace   0x08003ace   0x0000002e   Code   RO         1722    i.display_oil_bit3  disp.o
    0x08003afc   0x08003afc   0x00000026   Code   RO         1723    i.display_oil_bit4  disp.o
    0x08003b22   0x08003b22   0x0000002e   Code   RO         1724    i.display_oil_bit5  disp.o
    0x08003b50   0x08003b50   0x00000036   Code   RO         1725    i.display_oil_bit6  disp.o
    0x08003b86   0x08003b86   0x0000001e   Code   RO         1726    i.display_oil_bit7  disp.o
    0x08003ba4   0x08003ba4   0x0000003e   Code   RO         1727    i.display_oil_bit8  disp.o
    0x08003be2   0x08003be2   0x00000036   Code   RO         1728    i.display_oil_bit9  disp.o
    0x08003c18   0x08003c18   0x00000036   Code   RO         1729    i.display_oil_ten0  disp.o
    0x08003c4e   0x08003c4e   0x00000016   Code   RO         1730    i.display_oil_ten1  disp.o
    0x08003c64   0x08003c64   0x0000002e   Code   RO         1731    i.display_oil_ten2  disp.o
    0x08003c92   0x08003c92   0x0000002e   Code   RO         1732    i.display_oil_ten3  disp.o
    0x08003cc0   0x08003cc0   0x00000026   Code   RO         1733    i.display_oil_ten4  disp.o
    0x08003ce6   0x08003ce6   0x0000002e   Code   RO         1734    i.display_oil_ten5  disp.o
    0x08003d14   0x08003d14   0x00000036   Code   RO         1735    i.display_oil_ten6  disp.o
    0x08003d4a   0x08003d4a   0x0000001e   Code   RO         1736    i.display_oil_ten7  disp.o
    0x08003d68   0x08003d68   0x0000003e   Code   RO         1737    i.display_oil_ten8  disp.o
    0x08003da6   0x08003da6   0x00000036   Code   RO         1738    i.display_oil_ten9  disp.o
    0x08003ddc   0x08003ddc   0x00000238   Code   RO         2293    i.enter_stop        sleep.o
    0x08004014   0x08004014   0x000004ec   Code   RO         1739    i.high_run          disp.o
    0x08004500   0x08004500   0x00000024   Code   RO         2440    i.iic_start         aip33a06.o
    0x08004524   0x08004524   0x0000001c   Code   RO         2441    i.iic_stop          aip33a06.o
    0x08004540   0x08004540   0x00000054   Code   RO         1505    i.iwdg_init         pwr.o
    0x08004594   0x08004594   0x000004ac   Code   RO         1740    i.low_run           disp.o
    0x08004a40   0x08004a40   0x00000088   Code   RO         1647    i.lptim_init        lptim.o
    0x08004ac8   0x08004ac8   0x0000003c   Code   RO         1648    i.lptim_start       lptim.o
    0x08004b04   0x08004b04   0x00000148   Code   RO           74    i.main              main.o
    0x08004c4c   0x08004c4c   0x0000005c   Code   RO         1506    i.option_init       pwr.o
    0x08004ca8   0x08004ca8   0x00000034   Code   RO         2442    i.sysinit           aip33a06.o
    0x08004cdc   0x08004cdc   0x00000060   Code   RO         1601    i.timer14_init      tim.o
    0x08004d3c   0x08004d3c   0x00000068   Code   RO         1602    i.timer1_init       tim.o
    0x08004da4   0x08004da4   0x0000004c   Code   RO         1741    i.update_pwm_and_write  disp.o
    0x08004df0   0x08004df0   0x00000048   Code   RO         1742    i.update_pwm_and_write_descending  disp.o
    0x08004e38   0x08004e38   0x00000038   Code   RO         2443    i.write_data        aip33a06.o
    0x08004e70   0x08004e70   0x00000020   Data   RO          735    .constdata          py32c642_hal_flash.o
    0x08004e90   0x08004e90   0x00000118   Data   RO         1744    .constdata          disp.o
    0x08004fa8   0x08004fa8   0x00000190   Data   RO         2232    .constdata          baterry.o
    0x08005138   0x08005138   0x00000020   Data   RO         2578    Region$$Table       anon$$obj.o


    Execution Region RW_IRAM1 (Exec base: 0x20000000, Load base: 0x08005158, Size: 0x000005e0, Max: 0x00000a00, ABSOLUTE)

    Exec Addr    Load Addr    Size         Type   Attr      Idx    E Section Name        Object

    0x20000000   0x08005158   0x00000004   Data   RW            8    .data               system_py32c642.o
    0x20000004   0x0800515c   0x00000001   Data   RW           82    .data               main.o
    0x20000005   0x0800515d   0x00000003   PAD
    0x20000008   0x08005160   0x0000000c   Data   RW          909    .data               py32c642_hal.o
    0x20000014   0x0800516c   0x00000008   Data   RW         1353    .data               adc.o
    0x2000001c   0x08005174   0x000000a4   Data   RW         1745    .data               disp.o
    0x200000c0   0x08005218   0x00000008   Data   RW         2172    .data               portscan.o
    0x200000c8   0x08005220   0x00000002   Data   RW         2236    .data               baterry.o
    0x200000ca   0x08005222   0x00000009   Data   RW         2294    .data               sleep.o
    0x200000d3   0x0800522b   0x00000002   Data   RW         2387    .data               switchdip.o
    0x200000d5   0x0800522d   0x00000003   PAD
    0x200000d8        -       0x00000018   Zero   RW          734    .bss                py32c642_hal_flash.o
    0x200000f0        -       0x00000054   Zero   RW         1743    .bss                disp.o
    0x20000144        -       0x0000000a   Zero   RW         2060    .bss                sys.o
    0x2000014e   0x0800522d   0x00000002   PAD
    0x20000150        -       0x0000003c   Zero   RW         2104    .bss                out.o
    0x2000018c        -       0x00000010   Zero   RW         2171    .bss                portscan.o
    0x2000019c        -       0x00000040   Zero   RW         2231    .bss                baterry.o
    0x200001dc   0x0800522d   0x00000004   PAD
    0x200001e0        -       0x00000400   Zero   RW           64    STACK               startup_py32c642xx.o


    Execution Region RW_IRAM2 (Exec base: 0x20000a00, Load base: 0x08005230, Size: 0x00000044, Max: 0x00000200, ABSOLUTE, UNINIT)

    Exec Addr    Load Addr    Size         Type   Attr      Idx    E Section Name        Object

    0x20000a00        -       0x00000004   Zero   RW           75    .ARM.__AT_0x20000A00  main.o
    0x20000a04   0x08005230   0x0000000c   PAD
    0x20000a10        -       0x00000001   Zero   RW           76    .ARM.__AT_0x20000A10  main.o
    0x20000a11   0x08005230   0x0000000f   PAD
    0x20000a20        -       0x00000001   Zero   RW           77    .ARM.__AT_0x20000A20  main.o
    0x20000a21   0x08005230   0x0000000f   PAD
    0x20000a30        -       0x00000004   Zero   RW           78    .ARM.__AT_0x20000A30  main.o
    0x20000a34   0x08005230   0x0000000c   PAD
    0x20000a40        -       0x00000004   Zero   RW           79    .ARM.__AT_0x20000A40  main.o


==============================================================================

Image component sizes


      Code (inc. data)   RO Data    RW Data    ZI Data      Debug   Object Name

       720        104          0          8          0      32377   adc.o
       456         20          0          0          0       6828   aip33a06.o
       548         80        400          2         64       4396   baterry.o
      8370        180        280        164         84      54590   disp.o
       384         14          0          0          0       6864   gpio.o
       196         16          0          0          0      19039   lptim.o
       330         46          0          1         14      18581   main.o
      1816        140          0          0         60       7057   out.o
       830         76          0          8         16      13024   portscan.o
       176         30          0          0          0      11974   pwr.o
        12          6          0         12          0       1469   py32c642_hal.o
       544         78         32          0         24      14647   py32c642_hal_flash.o
       542         56          0          0          0      35479   py32c642_it.o
       112         12          0          0          0      24100   py32c642_ll_adc.o
       188          6          0          0          0       6203   py32c642_ll_exti.o
       168          0          0          0          0       6943   py32c642_ll_gpio.o
        44          6          0          0          0       4544   py32c642_ll_lptim.o
        80          8          0          0          0      26826   py32c642_ll_tim.o
        80         18          0          0          0       3981   py32c642_ll_utils.o
         0          0          0          0          0       2336   py32c642xx_ll_start_kit.o
      1918        154          0          9          0      50696   sleep.o
        28          8        192          0       1024        572   startup_py32c642xx.o
         0          0          0          2          0        597   switchdip.o
       132         14          0          0         10      12906   sys.o
        92         22          0          4          0     112760   system_py32c642.o
       292         32          0          0          0      30777   tim.o

    ----------------------------------------------------------------------
     18076       1126        936        216       1356     509566   Object Totals
         0          0         32          0          0          0   (incl. Generated)
        18          0          0          6         60          0   (incl. Padding)

    ----------------------------------------------------------------------

      Code (inc. data)   RO Data    RW Data    ZI Data      Debug   Library Member Name

         0          0          0          0          0          0   entry.o
         0          0          0          0          0          0   entry10a.o
         0          0          0          0          0          0   entry11a.o
         4          0          0          0          0          0   entry12b.o
         8          4          0          0          0          0   entry2.o
         4          0          0          0          0          0   entry5.o
         0          0          0          0          0          0   entry7b.o
         0          0          0          0          0          0   entry8b.o
         8          4          0          0          0          0   entry9a.o
        30          0          0          0          0          0   handlers.o
        36          8          0          0          0         68   init.o
         0          0          0          0          0          0   iusefp.o
        32          0          0          0          0         68   llshl.o
        38          0          0          0          0         68   llsshr.o
        34          0          0          0          0         68   llushr.o
        36          0          0          0          0        100   memseta.o
        44          0          0          0          0         72   uidiv.o
        56          0          0          0          0         68   d2f.o
       360          6          0          0          0        140   dadd.o
       240          6          0          0          0         84   ddiv.o
       236          0          0          0          0        216   depilogue.o
        60         10          0          0          0         68   dfixui.o
        28          4          0          0          0         68   dfltui.o
       208          6          0          0          0         88   dmul.o
        40          0          0          0          0         60   f2d.o
       130          0          0          0          0        144   fepilogue.o
        40          0          0          0          0         60   ffixui.o
        14          0          0          0          0         68   ffltui.o
       122          0          0          0          0         72   fmul.o

    ----------------------------------------------------------------------
      1812         48          0          0          0       1580   Library Totals
         4          0          0          0          0          0   (incl. Padding)

    ----------------------------------------------------------------------

      Code (inc. data)   RO Data    RW Data    ZI Data      Debug   Library Name

       274         16          0          0          0        444   mc_p.l
      1534         32          0          0          0       1136   mf_p.l

    ----------------------------------------------------------------------
      1812         48          0          0          0       1580   Library Totals

    ----------------------------------------------------------------------

==============================================================================


      Code (inc. data)   RO Data    RW Data    ZI Data      Debug   

     19888       1174        936        216       1356     503906   Grand Totals
     19888       1174        936        216       1356     503906   ELF Image Totals
     19888       1174        936        216          0          0   ROM Totals

==============================================================================

    Total RO  Size (Code + RO Data)                20824 (  20.34kB)
    Total RW  Size (RW Data + ZI Data)              1572 (   1.54kB)
    Total ROM Size (Code + RO Data + RW Data)      21040 (  20.55kB)

==============================================================================

