<!doctype html public "-//w3c//dtd html 4.0 transitional//en">
<html><head>
<title>Static Call Graph - [.\Objects\Project.axf]</title></head>
<body><HR>
<H1>Static Call Graph for image .\Objects\Project.axf</H1><HR>
<BR><P>#&#060CALLGRAPH&#062# ARM Linker, 5060960: Last Updated: Wed Sep 04 14:19:41 2024
<BR><P>
<H3>Maximum Stack Usage =         72 bytes + Unknown(Cycles, Untraceable Function Pointers)</H3><H3>
Call chain for Maximum Stack Depth:</H3>
main &rArr; option_init &rArr; HAL_FLASH_OBProgram &rArr; FLASH_WaitForLastOperation
<P>
<H3>
Mutually Recursive functions
</H3> <LI><a href="#[b]">ADC_COMP_IRQHandler</a>&nbsp;&nbsp;&nbsp;&rArr;&nbsp;&nbsp;&nbsp;<a href="#[b]">ADC_COMP_IRQHandler</a><BR>
 <LI><a href="#[2]">HardFault_Handler</a>&nbsp;&nbsp;&nbsp;&rArr;&nbsp;&nbsp;&nbsp;<a href="#[2]">HardFault_Handler</a><BR>
 <LI><a href="#[1b]">APP_ErrorHandler</a>&nbsp;&nbsp;&nbsp;&rArr;&nbsp;&nbsp;&nbsp;<a href="#[1b]">APP_ErrorHandler</a><BR>
</UL>
<P>
<H3>
Function Pointers
</H3><UL>
 <LI><a href="#[b]">ADC_COMP_IRQHandler</a> from startup_py32c642xx.o(.text) referenced from startup_py32c642xx.o(RESET)
 <LI><a href="#[8]">EXTI0_1_IRQHandler</a> from py32c642_it.o(i.EXTI0_1_IRQHandler) referenced from startup_py32c642xx.o(RESET)
 <LI><a href="#[9]">EXTI2_3_IRQHandler</a> from py32c642_it.o(i.EXTI2_3_IRQHandler) referenced from startup_py32c642xx.o(RESET)
 <LI><a href="#[a]">EXTI4_15_IRQHandler</a> from py32c642_it.o(i.EXTI4_15_IRQHandler) referenced from startup_py32c642xx.o(RESET)
 <LI><a href="#[6]">FLASH_IRQHandler</a> from startup_py32c642xx.o(.text) referenced from startup_py32c642xx.o(RESET)
 <LI><a href="#[2]">HardFault_Handler</a> from py32c642_it.o(i.HardFault_Handler) referenced from startup_py32c642xx.o(RESET)
 <LI><a href="#[e]">LPTIM1_IRQHandler</a> from startup_py32c642xx.o(.text) referenced from startup_py32c642xx.o(RESET)
 <LI><a href="#[1]">NMI_Handler</a> from py32c642_it.o(i.NMI_Handler) referenced from startup_py32c642xx.o(RESET)
 <LI><a href="#[4]">PendSV_Handler</a> from py32c642_it.o(i.PendSV_Handler) referenced from startup_py32c642xx.o(RESET)
 <LI><a href="#[7]">RCC_IRQHandler</a> from startup_py32c642xx.o(.text) referenced from startup_py32c642xx.o(RESET)
 <LI><a href="#[0]">Reset_Handler</a> from startup_py32c642xx.o(.text) referenced from startup_py32c642xx.o(RESET)
 <LI><a href="#[3]">SVC_Handler</a> from py32c642_it.o(i.SVC_Handler) referenced from startup_py32c642xx.o(RESET)
 <LI><a href="#[5]">SysTick_Handler</a> from py32c642_it.o(i.SysTick_Handler) referenced from startup_py32c642xx.o(RESET)
 <LI><a href="#[11]">SystemInit</a> from system_py32c642.o(i.SystemInit) referenced from startup_py32c642xx.o(.text)
 <LI><a href="#[f]">TIM14_IRQHandler</a> from py32c642_it.o(i.TIM14_IRQHandler) referenced from startup_py32c642xx.o(RESET)
 <LI><a href="#[c]">TIM1_BRK_UP_TRG_COM_IRQHandler</a> from py32c642_it.o(i.TIM1_BRK_UP_TRG_COM_IRQHandler) referenced from startup_py32c642xx.o(RESET)
 <LI><a href="#[d]">TIM1_CC_IRQHandler</a> from startup_py32c642xx.o(.text) referenced from startup_py32c642xx.o(RESET)
 <LI><a href="#[12]">__main</a> from entry.o(.ARM.Collect$$$$00000000) referenced from startup_py32c642xx.o(.text)
 <LI><a href="#[10]">main</a> from main.o(i.main) referenced from entry9a.o(.ARM.Collect$$$$0000000B)
</UL>
<P>
<H3>
Global Symbols
</H3>
<P><STRONG><a name="[12]"></a>__main</STRONG> (Thumb, 0 bytes, Stack size unknown bytes, entry.o(.ARM.Collect$$$$00000000))
<BR>[Address Reference Count : 1]<UL><LI> startup_py32c642xx.o(.text)
</UL>
<P><STRONG><a name="[4d]"></a>_main_stk</STRONG> (Thumb, 0 bytes, Stack size unknown bytes, entry2.o(.ARM.Collect$$$$00000001))

<P><STRONG><a name="[13]"></a>_main_scatterload</STRONG> (Thumb, 0 bytes, Stack size unknown bytes, entry5.o(.ARM.Collect$$$$00000004))
<BR><BR>[Calls]<UL><LI><a href="#[14]">&gt;&gt;</a>&nbsp;&nbsp;&nbsp;__scatterload
</UL>

<P><STRONG><a name="[1a]"></a>__main_after_scatterload</STRONG> (Thumb, 0 bytes, Stack size unknown bytes, entry5.o(.ARM.Collect$$$$00000004))
<BR><BR>[Called By]<UL><LI><a href="#[14]">&gt;&gt;</a>&nbsp;&nbsp;&nbsp;__scatterload
</UL>

<P><STRONG><a name="[4e]"></a>_main_clock</STRONG> (Thumb, 0 bytes, Stack size unknown bytes, entry7b.o(.ARM.Collect$$$$00000008))

<P><STRONG><a name="[4f]"></a>_main_cpp_init</STRONG> (Thumb, 0 bytes, Stack size unknown bytes, entry8b.o(.ARM.Collect$$$$0000000A))

<P><STRONG><a name="[50]"></a>_main_init</STRONG> (Thumb, 0 bytes, Stack size unknown bytes, entry9a.o(.ARM.Collect$$$$0000000B))

<P><STRONG><a name="[15]"></a>__rt_lib_shutdown_fini</STRONG> (Thumb, 0 bytes, Stack size unknown bytes, entry12b.o(.ARM.Collect$$$$0000000E))
<BR><BR>[Calls]<UL><LI><a href="#[16]">&gt;&gt;</a>&nbsp;&nbsp;&nbsp;__arm_fini_ (Weak Reference)
</UL>

<P><STRONG><a name="[51]"></a>__rt_final_cpp</STRONG> (Thumb, 0 bytes, Stack size unknown bytes, entry10a.o(.ARM.Collect$$$$0000000F))

<P><STRONG><a name="[52]"></a>__rt_final_exit</STRONG> (Thumb, 0 bytes, Stack size unknown bytes, entry11a.o(.ARM.Collect$$$$00000011))

<P><STRONG><a name="[0]"></a>Reset_Handler</STRONG> (Thumb, 8 bytes, Stack size 0 bytes, startup_py32c642xx.o(.text))
<BR>[Address Reference Count : 1]<UL><LI> startup_py32c642xx.o(RESET)
</UL>
<P><STRONG><a name="[b]"></a>ADC_COMP_IRQHandler</STRONG> (Thumb, 0 bytes, Stack size 0 bytes, startup_py32c642xx.o(.text))
<BR><BR>[Calls]<UL><LI><a href="#[b]">&gt;&gt;</a>&nbsp;&nbsp;&nbsp;ADC_COMP_IRQHandler
</UL>
<BR>[Called By]<UL><LI><a href="#[b]">&gt;&gt;</a>&nbsp;&nbsp;&nbsp;ADC_COMP_IRQHandler
</UL>
<BR>[Address Reference Count : 1]<UL><LI> startup_py32c642xx.o(RESET)
</UL>
<P><STRONG><a name="[6]"></a>FLASH_IRQHandler</STRONG> (Thumb, 0 bytes, Stack size 0 bytes, startup_py32c642xx.o(.text))
<BR>[Address Reference Count : 1]<UL><LI> startup_py32c642xx.o(RESET)
</UL>
<P><STRONG><a name="[e]"></a>LPTIM1_IRQHandler</STRONG> (Thumb, 0 bytes, Stack size 0 bytes, startup_py32c642xx.o(.text))
<BR>[Address Reference Count : 1]<UL><LI> startup_py32c642xx.o(RESET)
</UL>
<P><STRONG><a name="[7]"></a>RCC_IRQHandler</STRONG> (Thumb, 0 bytes, Stack size 0 bytes, startup_py32c642xx.o(.text))
<BR>[Address Reference Count : 1]<UL><LI> startup_py32c642xx.o(RESET)
</UL>
<P><STRONG><a name="[d]"></a>TIM1_CC_IRQHandler</STRONG> (Thumb, 0 bytes, Stack size 0 bytes, startup_py32c642xx.o(.text))
<BR>[Address Reference Count : 1]<UL><LI> startup_py32c642xx.o(RESET)
</UL>
<P><STRONG><a name="[53]"></a>__aeabi_uidiv</STRONG> (Thumb, 0 bytes, Stack size 12 bytes, uidiv.o(.text), UNUSED)

<P><STRONG><a name="[2a]"></a>__aeabi_uidivmod</STRONG> (Thumb, 44 bytes, Stack size 12 bytes, uidiv.o(.text))
<BR><BR>[Stack]<UL><LI>Max Depth = 12<LI>Call Chain = __aeabi_uidivmod
</UL>
<BR>[Called By]<UL><LI><a href="#[1d]">&gt;&gt;</a>&nbsp;&nbsp;&nbsp;LL_Init1msTick
<LI><a href="#[29]">&gt;&gt;</a>&nbsp;&nbsp;&nbsp;Get_Oil_Leve
</UL>

<P><STRONG><a name="[18]"></a>__aeabi_memset</STRONG> (Thumb, 14 bytes, Stack size 0 bytes, memseta.o(.text), UNUSED)
<BR><BR>[Called By]<UL><LI><a href="#[19]">&gt;&gt;</a>&nbsp;&nbsp;&nbsp;_memset$wrapper
<LI><a href="#[17]">&gt;&gt;</a>&nbsp;&nbsp;&nbsp;__aeabi_memclr
</UL>

<P><STRONG><a name="[54]"></a>__aeabi_memset4</STRONG> (Thumb, 0 bytes, Stack size 0 bytes, memseta.o(.text), UNUSED)

<P><STRONG><a name="[55]"></a>__aeabi_memset8</STRONG> (Thumb, 0 bytes, Stack size 0 bytes, memseta.o(.text), UNUSED)

<P><STRONG><a name="[17]"></a>__aeabi_memclr</STRONG> (Thumb, 4 bytes, Stack size 0 bytes, memseta.o(.text), UNUSED)
<BR><BR>[Calls]<UL><LI><a href="#[18]">&gt;&gt;</a>&nbsp;&nbsp;&nbsp;__aeabi_memset
</UL>

<P><STRONG><a name="[44]"></a>__aeabi_memclr4</STRONG> (Thumb, 0 bytes, Stack size 0 bytes, memseta.o(.text))
<BR><BR>[Called By]<UL><LI><a href="#[41]">&gt;&gt;</a>&nbsp;&nbsp;&nbsp;timer1_init
<LI><a href="#[42]">&gt;&gt;</a>&nbsp;&nbsp;&nbsp;timer14_init
<LI><a href="#[3f]">&gt;&gt;</a>&nbsp;&nbsp;&nbsp;option_init
</UL>

<P><STRONG><a name="[56]"></a>__aeabi_memclr8</STRONG> (Thumb, 0 bytes, Stack size 0 bytes, memseta.o(.text), UNUSED)

<P><STRONG><a name="[19]"></a>_memset$wrapper</STRONG> (Thumb, 18 bytes, Stack size 8 bytes, memseta.o(.text), UNUSED)
<BR><BR>[Calls]<UL><LI><a href="#[18]">&gt;&gt;</a>&nbsp;&nbsp;&nbsp;__aeabi_memset
</UL>

<P><STRONG><a name="[14]"></a>__scatterload</STRONG> (Thumb, 28 bytes, Stack size 0 bytes, init.o(.text))
<BR><BR>[Calls]<UL><LI><a href="#[1a]">&gt;&gt;</a>&nbsp;&nbsp;&nbsp;__main_after_scatterload
</UL>
<BR>[Called By]<UL><LI><a href="#[13]">&gt;&gt;</a>&nbsp;&nbsp;&nbsp;_main_scatterload
</UL>

<P><STRONG><a name="[57]"></a>__scatterload_rt2</STRONG> (Thumb, 0 bytes, Stack size 0 bytes, init.o(.text), UNUSED)

<P><STRONG><a name="[1b]"></a>APP_ErrorHandler</STRONG> (Thumb, 2 bytes, Stack size 0 bytes, main.o(i.APP_ErrorHandler))
<BR><BR>[Calls]<UL><LI><a href="#[1b]">&gt;&gt;</a>&nbsp;&nbsp;&nbsp;APP_ErrorHandler
</UL>
<BR>[Called By]<UL><LI><a href="#[3b]">&gt;&gt;</a>&nbsp;&nbsp;&nbsp;lptim_init
<LI><a href="#[1b]">&gt;&gt;</a>&nbsp;&nbsp;&nbsp;APP_ErrorHandler
</UL>

<P><STRONG><a name="[1c]"></a>APP_SystemClockConfig</STRONG> (Thumb, 118 bytes, Stack size 16 bytes, sys.o(i.APP_SystemClockConfig))
<BR><BR>[Stack]<UL><LI>Max Depth = 36<LI>Call Chain = APP_SystemClockConfig &rArr; LL_Init1msTick &rArr; __aeabi_uidivmod
</UL>
<BR>[Calls]<UL><LI><a href="#[1e]">&gt;&gt;</a>&nbsp;&nbsp;&nbsp;LL_SetSystemCoreClock
<LI><a href="#[1d]">&gt;&gt;</a>&nbsp;&nbsp;&nbsp;LL_Init1msTick
</UL>
<BR>[Called By]<UL><LI><a href="#[10]">&gt;&gt;</a>&nbsp;&nbsp;&nbsp;main
</UL>

<P><STRONG><a name="[1f]"></a>AiP33A06_ACK</STRONG> (Thumb, 50 bytes, Stack size 8 bytes, aip33a06.o(i.AiP33A06_ACK))
<BR><BR>[Stack]<UL><LI>Max Depth = 16<LI>Call Chain = AiP33A06_ACK &rArr; LL_GPIO_SetPinMode
</UL>
<BR>[Calls]<UL><LI><a href="#[21]">&gt;&gt;</a>&nbsp;&nbsp;&nbsp;_delay_us
<LI><a href="#[20]">&gt;&gt;</a>&nbsp;&nbsp;&nbsp;LL_GPIO_SetPinMode
</UL>
<BR>[Called By]<UL><LI><a href="#[22]">&gt;&gt;</a>&nbsp;&nbsp;&nbsp;AiP33A06_writebyte
</UL>

<P><STRONG><a name="[22]"></a>AiP33A06_writebyte</STRONG> (Thumb, 56 bytes, Stack size 8 bytes, aip33a06.o(i.AiP33A06_writebyte))
<BR><BR>[Stack]<UL><LI>Max Depth = 24<LI>Call Chain = AiP33A06_writebyte &rArr; AiP33A06_ACK &rArr; LL_GPIO_SetPinMode
</UL>
<BR>[Calls]<UL><LI><a href="#[21]">&gt;&gt;</a>&nbsp;&nbsp;&nbsp;_delay_us
<LI><a href="#[1f]">&gt;&gt;</a>&nbsp;&nbsp;&nbsp;AiP33A06_ACK
</UL>
<BR>[Called By]<UL><LI><a href="#[3a]">&gt;&gt;</a>&nbsp;&nbsp;&nbsp;display
<LI><a href="#[33]">&gt;&gt;</a>&nbsp;&nbsp;&nbsp;Ram_Clear
<LI><a href="#[23]">&gt;&gt;</a>&nbsp;&nbsp;&nbsp;AiP33A06_writecmd
</UL>

<P><STRONG><a name="[23]"></a>AiP33A06_writecmd</STRONG> (Thumb, 26 bytes, Stack size 8 bytes, aip33a06.o(i.AiP33A06_writecmd))
<BR><BR>[Stack]<UL><LI>Max Depth = 32<LI>Call Chain = AiP33A06_writecmd &rArr; AiP33A06_writebyte &rArr; AiP33A06_ACK &rArr; LL_GPIO_SetPinMode
</UL>
<BR>[Calls]<UL><LI><a href="#[25]">&gt;&gt;</a>&nbsp;&nbsp;&nbsp;iic_stop
<LI><a href="#[24]">&gt;&gt;</a>&nbsp;&nbsp;&nbsp;iic_start
<LI><a href="#[22]">&gt;&gt;</a>&nbsp;&nbsp;&nbsp;AiP33A06_writebyte
</UL>
<BR>[Called By]<UL><LI><a href="#[43]">&gt;&gt;</a>&nbsp;&nbsp;&nbsp;sysinit
<LI><a href="#[33]">&gt;&gt;</a>&nbsp;&nbsp;&nbsp;Ram_Clear
</UL>

<P><STRONG><a name="[8]"></a>EXTI0_1_IRQHandler</STRONG> (Thumb, 34 bytes, Stack size 8 bytes, py32c642_it.o(i.EXTI0_1_IRQHandler))
<BR><BR>[Stack]<UL><LI>Max Depth = 8<LI>Call Chain = EXTI0_1_IRQHandler
</UL>
<BR>[Calls]<UL><LI><a href="#[26]">&gt;&gt;</a>&nbsp;&nbsp;&nbsp;LL_EXTI_IsActiveFlag
</UL>
<BR>[Address Reference Count : 1]<UL><LI> startup_py32c642xx.o(RESET)
</UL>
<P><STRONG><a name="[9]"></a>EXTI2_3_IRQHandler</STRONG> (Thumb, 34 bytes, Stack size 8 bytes, py32c642_it.o(i.EXTI2_3_IRQHandler))
<BR><BR>[Stack]<UL><LI>Max Depth = 8<LI>Call Chain = EXTI2_3_IRQHandler
</UL>
<BR>[Calls]<UL><LI><a href="#[26]">&gt;&gt;</a>&nbsp;&nbsp;&nbsp;LL_EXTI_IsActiveFlag
</UL>
<BR>[Address Reference Count : 1]<UL><LI> startup_py32c642xx.o(RESET)
</UL>
<P><STRONG><a name="[a]"></a>EXTI4_15_IRQHandler</STRONG> (Thumb, 34 bytes, Stack size 8 bytes, py32c642_it.o(i.EXTI4_15_IRQHandler))
<BR><BR>[Stack]<UL><LI>Max Depth = 8<LI>Call Chain = EXTI4_15_IRQHandler
</UL>
<BR>[Calls]<UL><LI><a href="#[26]">&gt;&gt;</a>&nbsp;&nbsp;&nbsp;LL_EXTI_IsActiveFlag
</UL>
<BR>[Address Reference Count : 1]<UL><LI> startup_py32c642xx.o(RESET)
</UL>
<P><STRONG><a name="[27]"></a>FLASH_WaitForLastOperation</STRONG> (Thumb, 42 bytes, Stack size 16 bytes, py32c642_hal_flash.o(i.FLASH_WaitForLastOperation))
<BR><BR>[Stack]<UL><LI>Max Depth = 16<LI>Call Chain = FLASH_WaitForLastOperation
</UL>
<BR>[Calls]<UL><LI><a href="#[28]">&gt;&gt;</a>&nbsp;&nbsp;&nbsp;HAL_GetTick
</UL>
<BR>[Called By]<UL><LI><a href="#[31]">&gt;&gt;</a>&nbsp;&nbsp;&nbsp;HAL_FLASH_OBProgram
</UL>

<P><STRONG><a name="[29]"></a>Get_Oil_Leve</STRONG> (Thumb, 40 bytes, Stack size 8 bytes, out.o(i.Get_Oil_Leve))
<BR><BR>[Stack]<UL><LI>Max Depth = 20<LI>Call Chain = Get_Oil_Leve &rArr; __aeabi_uidivmod
</UL>
<BR>[Calls]<UL><LI><a href="#[2b]">&gt;&gt;</a>&nbsp;&nbsp;&nbsp;Get_Oil_Leve_Map
<LI><a href="#[2a]">&gt;&gt;</a>&nbsp;&nbsp;&nbsp;__aeabi_uidivmod
</UL>
<BR>[Called By]<UL><LI><a href="#[f]">&gt;&gt;</a>&nbsp;&nbsp;&nbsp;TIM14_IRQHandler
</UL>

<P><STRONG><a name="[2b]"></a>Get_Oil_Leve_Map</STRONG> (Thumb, 4 bytes, Stack size 0 bytes, out.o(i.Get_Oil_Leve_Map))
<BR><BR>[Called By]<UL><LI><a href="#[29]">&gt;&gt;</a>&nbsp;&nbsp;&nbsp;Get_Oil_Leve
</UL>

<P><STRONG><a name="[2c]"></a>Gpio_Init</STRONG> (Thumb, 294 bytes, Stack size 16 bytes, gpio.o(i.Gpio_Init))
<BR><BR>[Stack]<UL><LI>Max Depth = 24<LI>Call Chain = Gpio_Init &rArr; LL_GPIO_SetPinSpeed
</UL>
<BR>[Calls]<UL><LI><a href="#[30]">&gt;&gt;</a>&nbsp;&nbsp;&nbsp;LL_GPIO_SetPinSpeed
<LI><a href="#[2e]">&gt;&gt;</a>&nbsp;&nbsp;&nbsp;LL_GPIO_SetPinPull
<LI><a href="#[2f]">&gt;&gt;</a>&nbsp;&nbsp;&nbsp;LL_GPIO_SetPinOutputType
<LI><a href="#[2d]">&gt;&gt;</a>&nbsp;&nbsp;&nbsp;LL_GPIO_SetPinMode
</UL>
<BR>[Called By]<UL><LI><a href="#[10]">&gt;&gt;</a>&nbsp;&nbsp;&nbsp;main
</UL>

<P><STRONG><a name="[47]"></a>HAL_FLASH_Lock</STRONG> (Thumb, 22 bytes, Stack size 0 bytes, py32c642_hal_flash.o(i.HAL_FLASH_Lock))
<BR><BR>[Called By]<UL><LI><a href="#[3f]">&gt;&gt;</a>&nbsp;&nbsp;&nbsp;option_init
</UL>

<P><STRONG><a name="[31]"></a>HAL_FLASH_OBProgram</STRONG> (Thumb, 286 bytes, Stack size 24 bytes, py32c642_hal_flash.o(i.HAL_FLASH_OBProgram))
<BR><BR>[Stack]<UL><LI>Max Depth = 40<LI>Call Chain = HAL_FLASH_OBProgram &rArr; FLASH_WaitForLastOperation
</UL>
<BR>[Calls]<UL><LI><a href="#[27]">&gt;&gt;</a>&nbsp;&nbsp;&nbsp;FLASH_WaitForLastOperation
<LI><a href="#[32]">&gt;&gt;</a>&nbsp;&nbsp;&nbsp;FLASH_OB_OptrConfig
</UL>
<BR>[Called By]<UL><LI><a href="#[3f]">&gt;&gt;</a>&nbsp;&nbsp;&nbsp;option_init
</UL>

<P><STRONG><a name="[49]"></a>HAL_FLASH_OB_Launch</STRONG> (Thumb, 16 bytes, Stack size 0 bytes, py32c642_hal_flash.o(i.HAL_FLASH_OB_Launch))
<BR><BR>[Called By]<UL><LI><a href="#[3f]">&gt;&gt;</a>&nbsp;&nbsp;&nbsp;option_init
</UL>

<P><STRONG><a name="[48]"></a>HAL_FLASH_OB_Lock</STRONG> (Thumb, 22 bytes, Stack size 0 bytes, py32c642_hal_flash.o(i.HAL_FLASH_OB_Lock))
<BR><BR>[Called By]<UL><LI><a href="#[3f]">&gt;&gt;</a>&nbsp;&nbsp;&nbsp;option_init
</UL>

<P><STRONG><a name="[46]"></a>HAL_FLASH_OB_Unlock</STRONG> (Thumb, 28 bytes, Stack size 0 bytes, py32c642_hal_flash.o(i.HAL_FLASH_OB_Unlock))
<BR><BR>[Called By]<UL><LI><a href="#[3f]">&gt;&gt;</a>&nbsp;&nbsp;&nbsp;option_init
</UL>

<P><STRONG><a name="[45]"></a>HAL_FLASH_Unlock</STRONG> (Thumb, 28 bytes, Stack size 0 bytes, py32c642_hal_flash.o(i.HAL_FLASH_Unlock))
<BR><BR>[Called By]<UL><LI><a href="#[3f]">&gt;&gt;</a>&nbsp;&nbsp;&nbsp;option_init
</UL>

<P><STRONG><a name="[28]"></a>HAL_GetTick</STRONG> (Thumb, 6 bytes, Stack size 0 bytes, py32c642_hal.o(i.HAL_GetTick))
<BR><BR>[Called By]<UL><LI><a href="#[27]">&gt;&gt;</a>&nbsp;&nbsp;&nbsp;FLASH_WaitForLastOperation
</UL>

<P><STRONG><a name="[2]"></a>HardFault_Handler</STRONG> (Thumb, 2 bytes, Stack size 0 bytes, py32c642_it.o(i.HardFault_Handler))
<BR><BR>[Calls]<UL><LI><a href="#[2]">&gt;&gt;</a>&nbsp;&nbsp;&nbsp;HardFault_Handler
</UL>
<BR>[Called By]<UL><LI><a href="#[2]">&gt;&gt;</a>&nbsp;&nbsp;&nbsp;HardFault_Handler
</UL>
<BR>[Address Reference Count : 1]<UL><LI> startup_py32c642xx.o(RESET)
</UL>
<P><STRONG><a name="[36]"></a>LL_ADC_Init</STRONG> (Thumb, 54 bytes, Stack size 16 bytes, py32c642_ll_adc.o(i.LL_ADC_Init))
<BR><BR>[Stack]<UL><LI>Max Depth = 16<LI>Call Chain = LL_ADC_Init
</UL>
<BR>[Called By]<UL><LI><a href="#[35]">&gt;&gt;</a>&nbsp;&nbsp;&nbsp;adc_init
</UL>

<P><STRONG><a name="[37]"></a>LL_ADC_REG_Init</STRONG> (Thumb, 46 bytes, Stack size 8 bytes, py32c642_ll_adc.o(i.LL_ADC_REG_Init))
<BR><BR>[Stack]<UL><LI>Max Depth = 8<LI>Call Chain = LL_ADC_REG_Init
</UL>
<BR>[Called By]<UL><LI><a href="#[35]">&gt;&gt;</a>&nbsp;&nbsp;&nbsp;adc_init
</UL>

<P><STRONG><a name="[1d]"></a>LL_Init1msTick</STRONG> (Thumb, 26 bytes, Stack size 8 bytes, py32c642_ll_utils.o(i.LL_Init1msTick))
<BR><BR>[Stack]<UL><LI>Max Depth = 20<LI>Call Chain = LL_Init1msTick &rArr; __aeabi_uidivmod
</UL>
<BR>[Calls]<UL><LI><a href="#[2a]">&gt;&gt;</a>&nbsp;&nbsp;&nbsp;__aeabi_uidivmod
</UL>
<BR>[Called By]<UL><LI><a href="#[1c]">&gt;&gt;</a>&nbsp;&nbsp;&nbsp;APP_SystemClockConfig
</UL>

<P><STRONG><a name="[3c]"></a>LL_LPTIM_Init</STRONG> (Thumb, 38 bytes, Stack size 8 bytes, py32c642_ll_lptim.o(i.LL_LPTIM_Init))
<BR><BR>[Stack]<UL><LI>Max Depth = 8<LI>Call Chain = LL_LPTIM_Init
</UL>
<BR>[Called By]<UL><LI><a href="#[3b]">&gt;&gt;</a>&nbsp;&nbsp;&nbsp;lptim_init
</UL>

<P><STRONG><a name="[1e]"></a>LL_SetSystemCoreClock</STRONG> (Thumb, 6 bytes, Stack size 0 bytes, py32c642_ll_utils.o(i.LL_SetSystemCoreClock))
<BR><BR>[Called By]<UL><LI><a href="#[1c]">&gt;&gt;</a>&nbsp;&nbsp;&nbsp;APP_SystemClockConfig
</UL>

<P><STRONG><a name="[4b]"></a>LL_TIM_Init</STRONG> (Thumb, 72 bytes, Stack size 12 bytes, py32c642_ll_tim.o(i.LL_TIM_Init))
<BR><BR>[Stack]<UL><LI>Max Depth = 12<LI>Call Chain = LL_TIM_Init
</UL>
<BR>[Called By]<UL><LI><a href="#[41]">&gt;&gt;</a>&nbsp;&nbsp;&nbsp;timer1_init
<LI><a href="#[42]">&gt;&gt;</a>&nbsp;&nbsp;&nbsp;timer14_init
</UL>

<P><STRONG><a name="[38]"></a>LL_mDelay</STRONG> (Thumb, 30 bytes, Stack size 8 bytes, py32c642_ll_utils.o(i.LL_mDelay))
<BR><BR>[Stack]<UL><LI>Max Depth = 8<LI>Call Chain = LL_mDelay
</UL>
<BR>[Called By]<UL><LI><a href="#[35]">&gt;&gt;</a>&nbsp;&nbsp;&nbsp;adc_init
<LI><a href="#[10]">&gt;&gt;</a>&nbsp;&nbsp;&nbsp;main
</UL>

<P><STRONG><a name="[1]"></a>NMI_Handler</STRONG> (Thumb, 2 bytes, Stack size 0 bytes, py32c642_it.o(i.NMI_Handler))
<BR>[Address Reference Count : 1]<UL><LI> startup_py32c642xx.o(RESET)
</UL>
<P><STRONG><a name="[4]"></a>PendSV_Handler</STRONG> (Thumb, 2 bytes, Stack size 0 bytes, py32c642_it.o(i.PendSV_Handler))
<BR>[Address Reference Count : 1]<UL><LI> startup_py32c642xx.o(RESET)
</UL>
<P><STRONG><a name="[33]"></a>Ram_Clear</STRONG> (Thumb, 44 bytes, Stack size 8 bytes, aip33a06.o(i.Ram_Clear))
<BR><BR>[Stack]<UL><LI>Max Depth = 40<LI>Call Chain = Ram_Clear &rArr; AiP33A06_writecmd &rArr; AiP33A06_writebyte &rArr; AiP33A06_ACK &rArr; LL_GPIO_SetPinMode
</UL>
<BR>[Calls]<UL><LI><a href="#[25]">&gt;&gt;</a>&nbsp;&nbsp;&nbsp;iic_stop
<LI><a href="#[24]">&gt;&gt;</a>&nbsp;&nbsp;&nbsp;iic_start
<LI><a href="#[23]">&gt;&gt;</a>&nbsp;&nbsp;&nbsp;AiP33A06_writecmd
<LI><a href="#[22]">&gt;&gt;</a>&nbsp;&nbsp;&nbsp;AiP33A06_writebyte
</UL>
<BR>[Called By]<UL><LI><a href="#[10]">&gt;&gt;</a>&nbsp;&nbsp;&nbsp;main
</UL>

<P><STRONG><a name="[3]"></a>SVC_Handler</STRONG> (Thumb, 2 bytes, Stack size 0 bytes, py32c642_it.o(i.SVC_Handler))
<BR>[Address Reference Count : 1]<UL><LI> startup_py32c642xx.o(RESET)
</UL>
<P><STRONG><a name="[5]"></a>SysTick_Handler</STRONG> (Thumb, 2 bytes, Stack size 0 bytes, py32c642_it.o(i.SysTick_Handler))
<BR>[Address Reference Count : 1]<UL><LI> startup_py32c642xx.o(RESET)
</UL>
<P><STRONG><a name="[11]"></a>SystemInit</STRONG> (Thumb, 50 bytes, Stack size 8 bytes, system_py32c642.o(i.SystemInit))
<BR><BR>[Stack]<UL><LI>Max Depth = 16<LI>Call Chain = SystemInit &rArr; DelayTime
</UL>
<BR>[Calls]<UL><LI><a href="#[34]">&gt;&gt;</a>&nbsp;&nbsp;&nbsp;DelayTime
</UL>
<BR>[Address Reference Count : 1]<UL><LI> startup_py32c642xx.o(.text)
</UL>
<P><STRONG><a name="[f]"></a>TIM14_IRQHandler</STRONG> (Thumb, 332 bytes, Stack size 24 bytes, py32c642_it.o(i.TIM14_IRQHandler))
<BR><BR>[Stack]<UL><LI>Max Depth = 44<LI>Call Chain = TIM14_IRQHandler &rArr; Get_Oil_Leve &rArr; __aeabi_uidivmod
</UL>
<BR>[Calls]<UL><LI><a href="#[29]">&gt;&gt;</a>&nbsp;&nbsp;&nbsp;Get_Oil_Leve
</UL>
<BR>[Address Reference Count : 1]<UL><LI> startup_py32c642xx.o(RESET)
</UL>
<P><STRONG><a name="[c]"></a>TIM1_BRK_UP_TRG_COM_IRQHandler</STRONG> (Thumb, 26 bytes, Stack size 0 bytes, py32c642_it.o(i.TIM1_BRK_UP_TRG_COM_IRQHandler))
<BR>[Address Reference Count : 1]<UL><LI> startup_py32c642xx.o(RESET)
</UL>
<P><STRONG><a name="[58]"></a>__scatterload_copy</STRONG> (Thumb, 14 bytes, Stack size unknown bytes, handlers.o(i.__scatterload_copy), UNUSED)

<P><STRONG><a name="[59]"></a>__scatterload_null</STRONG> (Thumb, 2 bytes, Stack size unknown bytes, handlers.o(i.__scatterload_null), UNUSED)

<P><STRONG><a name="[5a]"></a>__scatterload_zeroinit</STRONG> (Thumb, 14 bytes, Stack size unknown bytes, handlers.o(i.__scatterload_zeroinit), UNUSED)

<P><STRONG><a name="[21]"></a>_delay_us</STRONG> (Thumb, 12 bytes, Stack size 0 bytes, aip33a06.o(i._delay_us))
<BR><BR>[Called By]<UL><LI><a href="#[39]">&gt;&gt;</a>&nbsp;&nbsp;&nbsp;delay_ms
<LI><a href="#[25]">&gt;&gt;</a>&nbsp;&nbsp;&nbsp;iic_stop
<LI><a href="#[24]">&gt;&gt;</a>&nbsp;&nbsp;&nbsp;iic_start
<LI><a href="#[22]">&gt;&gt;</a>&nbsp;&nbsp;&nbsp;AiP33A06_writebyte
<LI><a href="#[1f]">&gt;&gt;</a>&nbsp;&nbsp;&nbsp;AiP33A06_ACK
</UL>

<P><STRONG><a name="[35]"></a>adc_init</STRONG> (Thumb, 138 bytes, Stack size 56 bytes, adc.o(i.adc_init))
<BR><BR>[Stack]<UL><LI>Max Depth = 72<LI>Call Chain = adc_init &rArr; LL_ADC_Init
</UL>
<BR>[Calls]<UL><LI><a href="#[37]">&gt;&gt;</a>&nbsp;&nbsp;&nbsp;LL_ADC_REG_Init
<LI><a href="#[36]">&gt;&gt;</a>&nbsp;&nbsp;&nbsp;LL_ADC_Init
<LI><a href="#[38]">&gt;&gt;</a>&nbsp;&nbsp;&nbsp;LL_mDelay
</UL>
<BR>[Called By]<UL><LI><a href="#[10]">&gt;&gt;</a>&nbsp;&nbsp;&nbsp;main
</UL>

<P><STRONG><a name="[39]"></a>delay_ms</STRONG> (Thumb, 28 bytes, Stack size 4 bytes, aip33a06.o(i.delay_ms))
<BR><BR>[Stack]<UL><LI>Max Depth = 4<LI>Call Chain = delay_ms
</UL>
<BR>[Calls]<UL><LI><a href="#[21]">&gt;&gt;</a>&nbsp;&nbsp;&nbsp;_delay_us
</UL>
<BR>[Called By]<UL><LI><a href="#[10]">&gt;&gt;</a>&nbsp;&nbsp;&nbsp;main
</UL>

<P><STRONG><a name="[3e]"></a>delay_us</STRONG> (Thumb, 26 bytes, Stack size 0 bytes, adc.o(i.delay_us))
<BR><BR>[Called By]<UL><LI><a href="#[3d]">&gt;&gt;</a>&nbsp;&nbsp;&nbsp;lptim_start
</UL>

<P><STRONG><a name="[3a]"></a>display</STRONG> (Thumb, 40 bytes, Stack size 8 bytes, aip33a06.o(i.display))
<BR><BR>[Stack]<UL><LI>Max Depth = 32<LI>Call Chain = display &rArr; AiP33A06_writebyte &rArr; AiP33A06_ACK &rArr; LL_GPIO_SetPinMode
</UL>
<BR>[Calls]<UL><LI><a href="#[25]">&gt;&gt;</a>&nbsp;&nbsp;&nbsp;iic_stop
<LI><a href="#[24]">&gt;&gt;</a>&nbsp;&nbsp;&nbsp;iic_start
<LI><a href="#[22]">&gt;&gt;</a>&nbsp;&nbsp;&nbsp;AiP33A06_writebyte
</UL>
<BR>[Called By]<UL><LI><a href="#[10]">&gt;&gt;</a>&nbsp;&nbsp;&nbsp;main
</UL>

<P><STRONG><a name="[24]"></a>iic_start</STRONG> (Thumb, 26 bytes, Stack size 4 bytes, aip33a06.o(i.iic_start))
<BR><BR>[Stack]<UL><LI>Max Depth = 4<LI>Call Chain = iic_start
</UL>
<BR>[Calls]<UL><LI><a href="#[21]">&gt;&gt;</a>&nbsp;&nbsp;&nbsp;_delay_us
</UL>
<BR>[Called By]<UL><LI><a href="#[3a]">&gt;&gt;</a>&nbsp;&nbsp;&nbsp;display
<LI><a href="#[33]">&gt;&gt;</a>&nbsp;&nbsp;&nbsp;Ram_Clear
<LI><a href="#[23]">&gt;&gt;</a>&nbsp;&nbsp;&nbsp;AiP33A06_writecmd
</UL>

<P><STRONG><a name="[25]"></a>iic_stop</STRONG> (Thumb, 22 bytes, Stack size 4 bytes, aip33a06.o(i.iic_stop))
<BR><BR>[Stack]<UL><LI>Max Depth = 4<LI>Call Chain = iic_stop
</UL>
<BR>[Calls]<UL><LI><a href="#[21]">&gt;&gt;</a>&nbsp;&nbsp;&nbsp;_delay_us
</UL>
<BR>[Called By]<UL><LI><a href="#[3a]">&gt;&gt;</a>&nbsp;&nbsp;&nbsp;display
<LI><a href="#[33]">&gt;&gt;</a>&nbsp;&nbsp;&nbsp;Ram_Clear
<LI><a href="#[23]">&gt;&gt;</a>&nbsp;&nbsp;&nbsp;AiP33A06_writecmd
</UL>

<P><STRONG><a name="[40]"></a>iwdg_init</STRONG> (Thumb, 60 bytes, Stack size 0 bytes, pwr.o(i.iwdg_init))
<BR><BR>[Called By]<UL><LI><a href="#[10]">&gt;&gt;</a>&nbsp;&nbsp;&nbsp;main
</UL>

<P><STRONG><a name="[3b]"></a>lptim_init</STRONG> (Thumb, 124 bytes, Stack size 24 bytes, lptim.o(i.lptim_init))
<BR><BR>[Stack]<UL><LI>Max Depth = 32<LI>Call Chain = lptim_init &rArr; LL_LPTIM_Init
</UL>
<BR>[Calls]<UL><LI><a href="#[1b]">&gt;&gt;</a>&nbsp;&nbsp;&nbsp;APP_ErrorHandler
<LI><a href="#[3c]">&gt;&gt;</a>&nbsp;&nbsp;&nbsp;LL_LPTIM_Init
</UL>
<BR>[Called By]<UL><LI><a href="#[10]">&gt;&gt;</a>&nbsp;&nbsp;&nbsp;main
</UL>

<P><STRONG><a name="[3d]"></a>lptim_start</STRONG> (Thumb, 56 bytes, Stack size 8 bytes, lptim.o(i.lptim_start))
<BR><BR>[Stack]<UL><LI>Max Depth = 8<LI>Call Chain = lptim_start
</UL>
<BR>[Calls]<UL><LI><a href="#[3e]">&gt;&gt;</a>&nbsp;&nbsp;&nbsp;delay_us
</UL>
<BR>[Called By]<UL><LI><a href="#[10]">&gt;&gt;</a>&nbsp;&nbsp;&nbsp;main
</UL>

<P><STRONG><a name="[10]"></a>main</STRONG> (Thumb, 76 bytes, Stack size 0 bytes, main.o(i.main))
<BR><BR>[Stack]<UL><LI>Max Depth = 72<LI>Call Chain = main &rArr; option_init &rArr; HAL_FLASH_OBProgram &rArr; FLASH_WaitForLastOperation
</UL>
<BR>[Calls]<UL><LI><a href="#[41]">&gt;&gt;</a>&nbsp;&nbsp;&nbsp;timer1_init
<LI><a href="#[42]">&gt;&gt;</a>&nbsp;&nbsp;&nbsp;timer14_init
<LI><a href="#[43]">&gt;&gt;</a>&nbsp;&nbsp;&nbsp;sysinit
<LI><a href="#[3f]">&gt;&gt;</a>&nbsp;&nbsp;&nbsp;option_init
<LI><a href="#[3d]">&gt;&gt;</a>&nbsp;&nbsp;&nbsp;lptim_start
<LI><a href="#[3b]">&gt;&gt;</a>&nbsp;&nbsp;&nbsp;lptim_init
<LI><a href="#[40]">&gt;&gt;</a>&nbsp;&nbsp;&nbsp;iwdg_init
<LI><a href="#[3a]">&gt;&gt;</a>&nbsp;&nbsp;&nbsp;display
<LI><a href="#[39]">&gt;&gt;</a>&nbsp;&nbsp;&nbsp;delay_ms
<LI><a href="#[35]">&gt;&gt;</a>&nbsp;&nbsp;&nbsp;adc_init
<LI><a href="#[33]">&gt;&gt;</a>&nbsp;&nbsp;&nbsp;Ram_Clear
<LI><a href="#[38]">&gt;&gt;</a>&nbsp;&nbsp;&nbsp;LL_mDelay
<LI><a href="#[2c]">&gt;&gt;</a>&nbsp;&nbsp;&nbsp;Gpio_Init
<LI><a href="#[1c]">&gt;&gt;</a>&nbsp;&nbsp;&nbsp;APP_SystemClockConfig
</UL>
<BR>[Address Reference Count : 1]<UL><LI> entry9a.o(.ARM.Collect$$$$0000000B)
</UL>
<P><STRONG><a name="[3f]"></a>option_init</STRONG> (Thumb, 86 bytes, Stack size 32 bytes, pwr.o(i.option_init))
<BR><BR>[Stack]<UL><LI>Max Depth = 72<LI>Call Chain = option_init &rArr; HAL_FLASH_OBProgram &rArr; FLASH_WaitForLastOperation
</UL>
<BR>[Calls]<UL><LI><a href="#[45]">&gt;&gt;</a>&nbsp;&nbsp;&nbsp;HAL_FLASH_Unlock
<LI><a href="#[46]">&gt;&gt;</a>&nbsp;&nbsp;&nbsp;HAL_FLASH_OB_Unlock
<LI><a href="#[48]">&gt;&gt;</a>&nbsp;&nbsp;&nbsp;HAL_FLASH_OB_Lock
<LI><a href="#[49]">&gt;&gt;</a>&nbsp;&nbsp;&nbsp;HAL_FLASH_OB_Launch
<LI><a href="#[31]">&gt;&gt;</a>&nbsp;&nbsp;&nbsp;HAL_FLASH_OBProgram
<LI><a href="#[47]">&gt;&gt;</a>&nbsp;&nbsp;&nbsp;HAL_FLASH_Lock
<LI><a href="#[44]">&gt;&gt;</a>&nbsp;&nbsp;&nbsp;__aeabi_memclr4
</UL>
<BR>[Called By]<UL><LI><a href="#[10]">&gt;&gt;</a>&nbsp;&nbsp;&nbsp;main
</UL>

<P><STRONG><a name="[43]"></a>sysinit</STRONG> (Thumb, 52 bytes, Stack size 8 bytes, aip33a06.o(i.sysinit))
<BR><BR>[Stack]<UL><LI>Max Depth = 40<LI>Call Chain = sysinit &rArr; AiP33A06_writecmd &rArr; AiP33A06_writebyte &rArr; AiP33A06_ACK &rArr; LL_GPIO_SetPinMode
</UL>
<BR>[Calls]<UL><LI><a href="#[23]">&gt;&gt;</a>&nbsp;&nbsp;&nbsp;AiP33A06_writecmd
</UL>
<BR>[Called By]<UL><LI><a href="#[10]">&gt;&gt;</a>&nbsp;&nbsp;&nbsp;main
</UL>

<P><STRONG><a name="[42]"></a>timer14_init</STRONG> (Thumb, 86 bytes, Stack size 32 bytes, tim.o(i.timer14_init))
<BR><BR>[Stack]<UL><LI>Max Depth = 44<LI>Call Chain = timer14_init &rArr; LL_TIM_Init
</UL>
<BR>[Calls]<UL><LI><a href="#[4b]">&gt;&gt;</a>&nbsp;&nbsp;&nbsp;LL_TIM_Init
<LI><a href="#[4c]">&gt;&gt;</a>&nbsp;&nbsp;&nbsp;NVIC_SetPriority
<LI><a href="#[4a]">&gt;&gt;</a>&nbsp;&nbsp;&nbsp;LL_APB1_GRP2_EnableClock
<LI><a href="#[44]">&gt;&gt;</a>&nbsp;&nbsp;&nbsp;__aeabi_memclr4
</UL>
<BR>[Called By]<UL><LI><a href="#[10]">&gt;&gt;</a>&nbsp;&nbsp;&nbsp;main
</UL>

<P><STRONG><a name="[41]"></a>timer1_init</STRONG> (Thumb, 96 bytes, Stack size 32 bytes, tim.o(i.timer1_init))
<BR><BR>[Stack]<UL><LI>Max Depth = 44<LI>Call Chain = timer1_init &rArr; LL_TIM_Init
</UL>
<BR>[Calls]<UL><LI><a href="#[4b]">&gt;&gt;</a>&nbsp;&nbsp;&nbsp;LL_TIM_Init
<LI><a href="#[4c]">&gt;&gt;</a>&nbsp;&nbsp;&nbsp;NVIC_SetPriority
<LI><a href="#[4a]">&gt;&gt;</a>&nbsp;&nbsp;&nbsp;LL_APB1_GRP2_EnableClock
<LI><a href="#[44]">&gt;&gt;</a>&nbsp;&nbsp;&nbsp;__aeabi_memclr4
</UL>
<BR>[Called By]<UL><LI><a href="#[10]">&gt;&gt;</a>&nbsp;&nbsp;&nbsp;main
</UL>
<P>
<H3>
Local Symbols
</H3>
<P><STRONG><a name="[34]"></a>DelayTime</STRONG> (Thumb, 20 bytes, Stack size 8 bytes, system_py32c642.o(i.DelayTime))
<BR><BR>[Stack]<UL><LI>Max Depth = 8<LI>Call Chain = DelayTime
</UL>
<BR>[Called By]<UL><LI><a href="#[11]">&gt;&gt;</a>&nbsp;&nbsp;&nbsp;SystemInit
</UL>

<P><STRONG><a name="[26]"></a>LL_EXTI_IsActiveFlag</STRONG> (Thumb, 16 bytes, Stack size 0 bytes, py32c642_it.o(i.LL_EXTI_IsActiveFlag))
<BR><BR>[Called By]<UL><LI><a href="#[a]">&gt;&gt;</a>&nbsp;&nbsp;&nbsp;EXTI4_15_IRQHandler
<LI><a href="#[9]">&gt;&gt;</a>&nbsp;&nbsp;&nbsp;EXTI2_3_IRQHandler
<LI><a href="#[8]">&gt;&gt;</a>&nbsp;&nbsp;&nbsp;EXTI0_1_IRQHandler
</UL>

<P><STRONG><a name="[32]"></a>FLASH_OB_OptrConfig</STRONG> (Thumb, 22 bytes, Stack size 8 bytes, py32c642_hal_flash.o(i.FLASH_OB_OptrConfig))
<BR><BR>[Stack]<UL><LI>Max Depth = 8<LI>Call Chain = FLASH_OB_OptrConfig
</UL>
<BR>[Called By]<UL><LI><a href="#[31]">&gt;&gt;</a>&nbsp;&nbsp;&nbsp;HAL_FLASH_OBProgram
</UL>

<P><STRONG><a name="[2d]"></a>LL_GPIO_SetPinMode</STRONG> (Thumb, 20 bytes, Stack size 8 bytes, gpio.o(i.LL_GPIO_SetPinMode))
<BR><BR>[Stack]<UL><LI>Max Depth = 8<LI>Call Chain = LL_GPIO_SetPinMode
</UL>
<BR>[Called By]<UL><LI><a href="#[2c]">&gt;&gt;</a>&nbsp;&nbsp;&nbsp;Gpio_Init
</UL>

<P><STRONG><a name="[2f]"></a>LL_GPIO_SetPinOutputType</STRONG> (Thumb, 12 bytes, Stack size 0 bytes, gpio.o(i.LL_GPIO_SetPinOutputType))
<BR><BR>[Called By]<UL><LI><a href="#[2c]">&gt;&gt;</a>&nbsp;&nbsp;&nbsp;Gpio_Init
</UL>

<P><STRONG><a name="[2e]"></a>LL_GPIO_SetPinPull</STRONG> (Thumb, 20 bytes, Stack size 8 bytes, gpio.o(i.LL_GPIO_SetPinPull))
<BR><BR>[Stack]<UL><LI>Max Depth = 8<LI>Call Chain = LL_GPIO_SetPinPull
</UL>
<BR>[Called By]<UL><LI><a href="#[2c]">&gt;&gt;</a>&nbsp;&nbsp;&nbsp;Gpio_Init
</UL>

<P><STRONG><a name="[30]"></a>LL_GPIO_SetPinSpeed</STRONG> (Thumb, 20 bytes, Stack size 8 bytes, gpio.o(i.LL_GPIO_SetPinSpeed))
<BR><BR>[Stack]<UL><LI>Max Depth = 8<LI>Call Chain = LL_GPIO_SetPinSpeed
</UL>
<BR>[Called By]<UL><LI><a href="#[2c]">&gt;&gt;</a>&nbsp;&nbsp;&nbsp;Gpio_Init
</UL>

<P><STRONG><a name="[4a]"></a>LL_APB1_GRP2_EnableClock</STRONG> (Thumb, 18 bytes, Stack size 8 bytes, tim.o(i.LL_APB1_GRP2_EnableClock))
<BR><BR>[Stack]<UL><LI>Max Depth = 8<LI>Call Chain = LL_APB1_GRP2_EnableClock
</UL>
<BR>[Called By]<UL><LI><a href="#[41]">&gt;&gt;</a>&nbsp;&nbsp;&nbsp;timer1_init
<LI><a href="#[42]">&gt;&gt;</a>&nbsp;&nbsp;&nbsp;timer14_init
</UL>

<P><STRONG><a name="[4c]"></a>NVIC_SetPriority</STRONG> (Thumb, 60 bytes, Stack size 0 bytes, tim.o(i.NVIC_SetPriority))
<BR><BR>[Called By]<UL><LI><a href="#[41]">&gt;&gt;</a>&nbsp;&nbsp;&nbsp;timer1_init
<LI><a href="#[42]">&gt;&gt;</a>&nbsp;&nbsp;&nbsp;timer14_init
</UL>

<P><STRONG><a name="[20]"></a>LL_GPIO_SetPinMode</STRONG> (Thumb, 20 bytes, Stack size 8 bytes, aip33a06.o(i.LL_GPIO_SetPinMode))
<BR><BR>[Stack]<UL><LI>Max Depth = 8<LI>Call Chain = LL_GPIO_SetPinMode
</UL>
<BR>[Called By]<UL><LI><a href="#[1f]">&gt;&gt;</a>&nbsp;&nbsp;&nbsp;AiP33A06_ACK
</UL>
<P>
<H3>
Undefined Global Symbols
</H3>
<P><STRONG><a name="[16]"></a>__arm_fini_</STRONG> (Unknown, 0 bytes, Stack size 0 bytes, UNDEFINED)
<BR><BR>[Called By]<UL><LI><a href="#[15]">&gt;&gt;</a>&nbsp;&nbsp;&nbsp;__rt_lib_shutdown_fini
</UL>
<HR></body></html>
