<!doctype html public "-//w3c//dtd html 4.0 transitional//en">
<html><head>
<title>Static Call Graph - [.\Objects\Project.axf]</title></head>
<body><HR>
<H1>Static Call Graph for image .\Objects\Project.axf</H1><HR>
<BR><P>#&#060CALLGRAPH&#062# ARM Linker, 5060960: Last Updated: Sat Nov 30 18:28:59 2024
<BR><P>
<H3>Maximum Stack Usage =        280 bytes + Unknown(Cycles, Untraceable Function Pointers)</H3><H3>
Call chain for Maximum Stack Depth:</H3>
main &rArr; DISP_Deal &rArr; Power_on_run &rArr; update_pwm_and_write_descending &rArr; __aeabi_dmul &rArr; _double_epilogue &rArr; __aeabi_llsr
<P>
<H3>
Mutually Recursive functions
</H3> <LI><a href="#[b]">ADC_COMP_IRQHandler</a>&nbsp;&nbsp;&nbsp;&rArr;&nbsp;&nbsp;&nbsp;<a href="#[b]">ADC_COMP_IRQHandler</a><BR>
 <LI><a href="#[2]">HardFault_Handler</a>&nbsp;&nbsp;&nbsp;&rArr;&nbsp;&nbsp;&nbsp;<a href="#[2]">HardFault_Handler</a><BR>
 <LI><a href="#[54]">APP_ErrorHandler</a>&nbsp;&nbsp;&nbsp;&rArr;&nbsp;&nbsp;&nbsp;<a href="#[54]">APP_ErrorHandler</a><BR>
</UL>
<P>
<H3>
Function Pointers
</H3><UL>
 <LI><a href="#[b]">ADC_COMP_IRQHandler</a> from startup_py32c642xx.o(.text) referenced from startup_py32c642xx.o(RESET)
 <LI><a href="#[8]">EXTI0_1_IRQHandler</a> from py32c642_it.o(i.EXTI0_1_IRQHandler) referenced from startup_py32c642xx.o(RESET)
 <LI><a href="#[9]">EXTI2_3_IRQHandler</a> from py32c642_it.o(i.EXTI2_3_IRQHandler) referenced from startup_py32c642xx.o(RESET)
 <LI><a href="#[a]">EXTI4_15_IRQHandler</a> from py32c642_it.o(i.EXTI4_15_IRQHandler) referenced from startup_py32c642xx.o(RESET)
 <LI><a href="#[6]">FLASH_IRQHandler</a> from startup_py32c642xx.o(.text) referenced from startup_py32c642xx.o(RESET)
 <LI><a href="#[2]">HardFault_Handler</a> from py32c642_it.o(i.HardFault_Handler) referenced from startup_py32c642xx.o(RESET)
 <LI><a href="#[e]">LPTIM1_IRQHandler</a> from startup_py32c642xx.o(.text) referenced from startup_py32c642xx.o(RESET)
 <LI><a href="#[1]">NMI_Handler</a> from py32c642_it.o(i.NMI_Handler) referenced from startup_py32c642xx.o(RESET)
 <LI><a href="#[4]">PendSV_Handler</a> from py32c642_it.o(i.PendSV_Handler) referenced from startup_py32c642xx.o(RESET)
 <LI><a href="#[7]">RCC_IRQHandler</a> from startup_py32c642xx.o(.text) referenced from startup_py32c642xx.o(RESET)
 <LI><a href="#[0]">Reset_Handler</a> from startup_py32c642xx.o(.text) referenced from startup_py32c642xx.o(RESET)
 <LI><a href="#[3]">SVC_Handler</a> from py32c642_it.o(i.SVC_Handler) referenced from startup_py32c642xx.o(RESET)
 <LI><a href="#[5]">SysTick_Handler</a> from py32c642_it.o(i.SysTick_Handler) referenced from startup_py32c642xx.o(RESET)
 <LI><a href="#[11]">SystemInit</a> from system_py32c642.o(i.SystemInit) referenced from startup_py32c642xx.o(.text)
 <LI><a href="#[f]">TIM14_IRQHandler</a> from py32c642_it.o(i.TIM14_IRQHandler) referenced from startup_py32c642xx.o(RESET)
 <LI><a href="#[c]">TIM1_BRK_UP_TRG_COM_IRQHandler</a> from py32c642_it.o(i.TIM1_BRK_UP_TRG_COM_IRQHandler) referenced from startup_py32c642xx.o(RESET)
 <LI><a href="#[d]">TIM1_CC_IRQHandler</a> from startup_py32c642xx.o(.text) referenced from startup_py32c642xx.o(RESET)
 <LI><a href="#[12]">__main</a> from entry.o(.ARM.Collect$$$$00000000) referenced from startup_py32c642xx.o(.text)
 <LI><a href="#[13]">display_bat_bit0</a> from disp.o(i.display_bat_bit0) referenced from disp.o(.data)
 <LI><a href="#[14]">display_bat_bit1</a> from disp.o(i.display_bat_bit1) referenced from disp.o(.data)
 <LI><a href="#[15]">display_bat_bit2</a> from disp.o(i.display_bat_bit2) referenced from disp.o(.data)
 <LI><a href="#[16]">display_bat_bit3</a> from disp.o(i.display_bat_bit3) referenced from disp.o(.data)
 <LI><a href="#[17]">display_bat_bit4</a> from disp.o(i.display_bat_bit4) referenced from disp.o(.data)
 <LI><a href="#[18]">display_bat_bit5</a> from disp.o(i.display_bat_bit5) referenced from disp.o(.data)
 <LI><a href="#[19]">display_bat_bit6</a> from disp.o(i.display_bat_bit6) referenced from disp.o(.data)
 <LI><a href="#[1a]">display_bat_bit7</a> from disp.o(i.display_bat_bit7) referenced from disp.o(.data)
 <LI><a href="#[1b]">display_bat_bit8</a> from disp.o(i.display_bat_bit8) referenced from disp.o(.data)
 <LI><a href="#[1c]">display_bat_bit9</a> from disp.o(i.display_bat_bit9) referenced from disp.o(.data)
 <LI><a href="#[1d]">display_bat_ten0</a> from disp.o(i.display_bat_ten0) referenced from disp.o(.data)
 <LI><a href="#[1e]">display_bat_ten1</a> from disp.o(i.display_bat_ten1) referenced from disp.o(.data)
 <LI><a href="#[1f]">display_bat_ten2</a> from disp.o(i.display_bat_ten2) referenced from disp.o(.data)
 <LI><a href="#[20]">display_bat_ten3</a> from disp.o(i.display_bat_ten3) referenced from disp.o(.data)
 <LI><a href="#[21]">display_bat_ten4</a> from disp.o(i.display_bat_ten4) referenced from disp.o(.data)
 <LI><a href="#[22]">display_bat_ten5</a> from disp.o(i.display_bat_ten5) referenced from disp.o(.data)
 <LI><a href="#[23]">display_bat_ten6</a> from disp.o(i.display_bat_ten6) referenced from disp.o(.data)
 <LI><a href="#[24]">display_bat_ten7</a> from disp.o(i.display_bat_ten7) referenced from disp.o(.data)
 <LI><a href="#[25]">display_bat_ten8</a> from disp.o(i.display_bat_ten8) referenced from disp.o(.data)
 <LI><a href="#[26]">display_bat_ten9</a> from disp.o(i.display_bat_ten9) referenced from disp.o(.data)
 <LI><a href="#[27]">display_oil_bit0</a> from disp.o(i.display_oil_bit0) referenced from disp.o(.data)
 <LI><a href="#[28]">display_oil_bit1</a> from disp.o(i.display_oil_bit1) referenced from disp.o(.data)
 <LI><a href="#[29]">display_oil_bit2</a> from disp.o(i.display_oil_bit2) referenced from disp.o(.data)
 <LI><a href="#[2a]">display_oil_bit3</a> from disp.o(i.display_oil_bit3) referenced from disp.o(.data)
 <LI><a href="#[2b]">display_oil_bit4</a> from disp.o(i.display_oil_bit4) referenced from disp.o(.data)
 <LI><a href="#[2c]">display_oil_bit5</a> from disp.o(i.display_oil_bit5) referenced from disp.o(.data)
 <LI><a href="#[2d]">display_oil_bit6</a> from disp.o(i.display_oil_bit6) referenced from disp.o(.data)
 <LI><a href="#[2e]">display_oil_bit7</a> from disp.o(i.display_oil_bit7) referenced from disp.o(.data)
 <LI><a href="#[2f]">display_oil_bit8</a> from disp.o(i.display_oil_bit8) referenced from disp.o(.data)
 <LI><a href="#[30]">display_oil_bit9</a> from disp.o(i.display_oil_bit9) referenced from disp.o(.data)
 <LI><a href="#[31]">display_oil_ten0</a> from disp.o(i.display_oil_ten0) referenced from disp.o(.data)
 <LI><a href="#[32]">display_oil_ten1</a> from disp.o(i.display_oil_ten1) referenced from disp.o(.data)
 <LI><a href="#[33]">display_oil_ten2</a> from disp.o(i.display_oil_ten2) referenced from disp.o(.data)
 <LI><a href="#[34]">display_oil_ten3</a> from disp.o(i.display_oil_ten3) referenced from disp.o(.data)
 <LI><a href="#[35]">display_oil_ten4</a> from disp.o(i.display_oil_ten4) referenced from disp.o(.data)
 <LI><a href="#[36]">display_oil_ten5</a> from disp.o(i.display_oil_ten5) referenced from disp.o(.data)
 <LI><a href="#[37]">display_oil_ten6</a> from disp.o(i.display_oil_ten6) referenced from disp.o(.data)
 <LI><a href="#[38]">display_oil_ten7</a> from disp.o(i.display_oil_ten7) referenced from disp.o(.data)
 <LI><a href="#[39]">display_oil_ten8</a> from disp.o(i.display_oil_ten8) referenced from disp.o(.data)
 <LI><a href="#[3a]">display_oil_ten9</a> from disp.o(i.display_oil_ten9) referenced from disp.o(.data)
 <LI><a href="#[10]">main</a> from main.o(i.main) referenced from entry9a.o(.ARM.Collect$$$$0000000B)
</UL>
<P>
<H3>
Global Symbols
</H3>
<P><STRONG><a name="[12]"></a>__main</STRONG> (Thumb, 0 bytes, Stack size unknown bytes, entry.o(.ARM.Collect$$$$00000000))
<BR>[Address Reference Count : 1]<UL><LI> startup_py32c642xx.o(.text)
</UL>
<P><STRONG><a name="[c1]"></a>_main_stk</STRONG> (Thumb, 0 bytes, Stack size unknown bytes, entry2.o(.ARM.Collect$$$$00000001))

<P><STRONG><a name="[3b]"></a>_main_scatterload</STRONG> (Thumb, 0 bytes, Stack size unknown bytes, entry5.o(.ARM.Collect$$$$00000004))
<BR><BR>[Calls]<UL><LI><a href="#[3c]">&gt;&gt;</a>&nbsp;&nbsp;&nbsp;__scatterload
</UL>

<P><STRONG><a name="[53]"></a>__main_after_scatterload</STRONG> (Thumb, 0 bytes, Stack size unknown bytes, entry5.o(.ARM.Collect$$$$00000004))
<BR><BR>[Called By]<UL><LI><a href="#[3c]">&gt;&gt;</a>&nbsp;&nbsp;&nbsp;__scatterload
</UL>

<P><STRONG><a name="[c2]"></a>_main_clock</STRONG> (Thumb, 0 bytes, Stack size unknown bytes, entry7b.o(.ARM.Collect$$$$00000008))

<P><STRONG><a name="[c3]"></a>_main_cpp_init</STRONG> (Thumb, 0 bytes, Stack size unknown bytes, entry8b.o(.ARM.Collect$$$$0000000A))

<P><STRONG><a name="[c4]"></a>_main_init</STRONG> (Thumb, 0 bytes, Stack size unknown bytes, entry9a.o(.ARM.Collect$$$$0000000B))

<P><STRONG><a name="[3d]"></a>__rt_lib_shutdown_fini</STRONG> (Thumb, 0 bytes, Stack size unknown bytes, entry12b.o(.ARM.Collect$$$$0000000E))
<BR><BR>[Calls]<UL><LI><a href="#[3e]">&gt;&gt;</a>&nbsp;&nbsp;&nbsp;__arm_fini_ (Weak Reference)
</UL>

<P><STRONG><a name="[c5]"></a>__rt_final_cpp</STRONG> (Thumb, 0 bytes, Stack size unknown bytes, entry10a.o(.ARM.Collect$$$$0000000F))

<P><STRONG><a name="[c6]"></a>__rt_final_exit</STRONG> (Thumb, 0 bytes, Stack size unknown bytes, entry11a.o(.ARM.Collect$$$$00000011))

<P><STRONG><a name="[0]"></a>Reset_Handler</STRONG> (Thumb, 8 bytes, Stack size 0 bytes, startup_py32c642xx.o(.text))
<BR>[Address Reference Count : 1]<UL><LI> startup_py32c642xx.o(RESET)
</UL>
<P><STRONG><a name="[b]"></a>ADC_COMP_IRQHandler</STRONG> (Thumb, 0 bytes, Stack size 0 bytes, startup_py32c642xx.o(.text))
<BR><BR>[Calls]<UL><LI><a href="#[b]">&gt;&gt;</a>&nbsp;&nbsp;&nbsp;ADC_COMP_IRQHandler
</UL>
<BR>[Called By]<UL><LI><a href="#[b]">&gt;&gt;</a>&nbsp;&nbsp;&nbsp;ADC_COMP_IRQHandler
</UL>
<BR>[Address Reference Count : 1]<UL><LI> startup_py32c642xx.o(RESET)
</UL>
<P><STRONG><a name="[6]"></a>FLASH_IRQHandler</STRONG> (Thumb, 0 bytes, Stack size 0 bytes, startup_py32c642xx.o(.text))
<BR>[Address Reference Count : 1]<UL><LI> startup_py32c642xx.o(RESET)
</UL>
<P><STRONG><a name="[e]"></a>LPTIM1_IRQHandler</STRONG> (Thumb, 0 bytes, Stack size 0 bytes, startup_py32c642xx.o(.text))
<BR>[Address Reference Count : 1]<UL><LI> startup_py32c642xx.o(RESET)
</UL>
<P><STRONG><a name="[7]"></a>RCC_IRQHandler</STRONG> (Thumb, 0 bytes, Stack size 0 bytes, startup_py32c642xx.o(.text))
<BR>[Address Reference Count : 1]<UL><LI> startup_py32c642xx.o(RESET)
</UL>
<P><STRONG><a name="[d]"></a>TIM1_CC_IRQHandler</STRONG> (Thumb, 0 bytes, Stack size 0 bytes, startup_py32c642xx.o(.text))
<BR>[Address Reference Count : 1]<UL><LI> startup_py32c642xx.o(RESET)
</UL>
<P><STRONG><a name="[c7]"></a>__aeabi_uidiv</STRONG> (Thumb, 0 bytes, Stack size 12 bytes, uidiv.o(.text), UNUSED)

<P><STRONG><a name="[5a]"></a>__aeabi_uidivmod</STRONG> (Thumb, 44 bytes, Stack size 12 bytes, uidiv.o(.text))
<BR><BR>[Stack]<UL><LI>Max Depth = 12<LI>Call Chain = __aeabi_uidivmod
</UL>
<BR>[Called By]<UL><LI><a href="#[56]">&gt;&gt;</a>&nbsp;&nbsp;&nbsp;LL_Init1msTick
<LI><a href="#[7b]">&gt;&gt;</a>&nbsp;&nbsp;&nbsp;Get_Oil_Leve
<LI><a href="#[8d]">&gt;&gt;</a>&nbsp;&nbsp;&nbsp;Out_Deal
<LI><a href="#[58]">&gt;&gt;</a>&nbsp;&nbsp;&nbsp;Adc_CalBatRef
<LI><a href="#[65]">&gt;&gt;</a>&nbsp;&nbsp;&nbsp;BatVoltage
<LI><a href="#[69]">&gt;&gt;</a>&nbsp;&nbsp;&nbsp;display_oil
<LI><a href="#[6a]">&gt;&gt;</a>&nbsp;&nbsp;&nbsp;display_bat
</UL>

<P><STRONG><a name="[40]"></a>__aeabi_memset</STRONG> (Thumb, 14 bytes, Stack size 0 bytes, memseta.o(.text), UNUSED)
<BR><BR>[Called By]<UL><LI><a href="#[41]">&gt;&gt;</a>&nbsp;&nbsp;&nbsp;_memset$wrapper
<LI><a href="#[3f]">&gt;&gt;</a>&nbsp;&nbsp;&nbsp;__aeabi_memclr
</UL>

<P><STRONG><a name="[c8]"></a>__aeabi_memset4</STRONG> (Thumb, 0 bytes, Stack size 0 bytes, memseta.o(.text), UNUSED)

<P><STRONG><a name="[c9]"></a>__aeabi_memset8</STRONG> (Thumb, 0 bytes, Stack size 0 bytes, memseta.o(.text), UNUSED)

<P><STRONG><a name="[3f]"></a>__aeabi_memclr</STRONG> (Thumb, 4 bytes, Stack size 0 bytes, memseta.o(.text), UNUSED)
<BR><BR>[Calls]<UL><LI><a href="#[40]">&gt;&gt;</a>&nbsp;&nbsp;&nbsp;__aeabi_memset
</UL>

<P><STRONG><a name="[9e]"></a>__aeabi_memclr4</STRONG> (Thumb, 0 bytes, Stack size 0 bytes, memseta.o(.text))
<BR><BR>[Called By]<UL><LI><a href="#[b6]">&gt;&gt;</a>&nbsp;&nbsp;&nbsp;timer1_init
<LI><a href="#[b7]">&gt;&gt;</a>&nbsp;&nbsp;&nbsp;timer14_init
<LI><a href="#[b4]">&gt;&gt;</a>&nbsp;&nbsp;&nbsp;option_init
<LI><a href="#[9d]">&gt;&gt;</a>&nbsp;&nbsp;&nbsp;Sleep_Gpio
</UL>

<P><STRONG><a name="[ca]"></a>__aeabi_memclr8</STRONG> (Thumb, 0 bytes, Stack size 0 bytes, memseta.o(.text), UNUSED)

<P><STRONG><a name="[41]"></a>_memset$wrapper</STRONG> (Thumb, 18 bytes, Stack size 8 bytes, memseta.o(.text), UNUSED)
<BR><BR>[Calls]<UL><LI><a href="#[40]">&gt;&gt;</a>&nbsp;&nbsp;&nbsp;__aeabi_memset
</UL>

<P><STRONG><a name="[5c]"></a>__aeabi_fmul</STRONG> (Thumb, 122 bytes, Stack size 16 bytes, fmul.o(.text))
<BR><BR>[Stack]<UL><LI>Max Depth = 16<LI>Call Chain = __aeabi_fmul
</UL>
<BR>[Called By]<UL><LI><a href="#[58]">&gt;&gt;</a>&nbsp;&nbsp;&nbsp;Adc_CalBatRef
</UL>

<P><STRONG><a name="[42]"></a>__aeabi_dadd</STRONG> (Thumb, 330 bytes, Stack size 48 bytes, dadd.o(.text))
<BR><BR>[Stack]<UL><LI>Max Depth = 104<LI>Call Chain = __aeabi_dadd &rArr; _double_epilogue &rArr; __aeabi_llsr
</UL>
<BR>[Calls]<UL><LI><a href="#[44]">&gt;&gt;</a>&nbsp;&nbsp;&nbsp;__aeabi_lasr
<LI><a href="#[43]">&gt;&gt;</a>&nbsp;&nbsp;&nbsp;__aeabi_llsl
<LI><a href="#[46]">&gt;&gt;</a>&nbsp;&nbsp;&nbsp;_double_round
<LI><a href="#[45]">&gt;&gt;</a>&nbsp;&nbsp;&nbsp;_double_epilogue
</UL>
<BR>[Called By]<UL><LI><a href="#[58]">&gt;&gt;</a>&nbsp;&nbsp;&nbsp;Adc_CalBatRef
<LI><a href="#[48]">&gt;&gt;</a>&nbsp;&nbsp;&nbsp;__aeabi_drsub
<LI><a href="#[47]">&gt;&gt;</a>&nbsp;&nbsp;&nbsp;__aeabi_dsub
</UL>

<P><STRONG><a name="[47]"></a>__aeabi_dsub</STRONG> (Thumb, 12 bytes, Stack size 8 bytes, dadd.o(.text), UNUSED)
<BR><BR>[Calls]<UL><LI><a href="#[42]">&gt;&gt;</a>&nbsp;&nbsp;&nbsp;__aeabi_dadd
</UL>

<P><STRONG><a name="[48]"></a>__aeabi_drsub</STRONG> (Thumb, 12 bytes, Stack size 8 bytes, dadd.o(.text))
<BR><BR>[Stack]<UL><LI>Max Depth = 112<LI>Call Chain = __aeabi_drsub &rArr; __aeabi_dadd &rArr; _double_epilogue &rArr; __aeabi_llsr
</UL>
<BR>[Calls]<UL><LI><a href="#[42]">&gt;&gt;</a>&nbsp;&nbsp;&nbsp;__aeabi_dadd
</UL>
<BR>[Called By]<UL><LI><a href="#[a5]">&gt;&gt;</a>&nbsp;&nbsp;&nbsp;low_run
<LI><a href="#[a4]">&gt;&gt;</a>&nbsp;&nbsp;&nbsp;high_run
<LI><a href="#[6f]">&gt;&gt;</a>&nbsp;&nbsp;&nbsp;Power_on_run
</UL>

<P><STRONG><a name="[49]"></a>__aeabi_dmul</STRONG> (Thumb, 202 bytes, Stack size 72 bytes, dmul.o(.text))
<BR><BR>[Stack]<UL><LI>Max Depth = 128<LI>Call Chain = __aeabi_dmul &rArr; _double_epilogue &rArr; __aeabi_llsr
</UL>
<BR>[Calls]<UL><LI><a href="#[45]">&gt;&gt;</a>&nbsp;&nbsp;&nbsp;_double_epilogue
</UL>
<BR>[Called By]<UL><LI><a href="#[58]">&gt;&gt;</a>&nbsp;&nbsp;&nbsp;Adc_CalBatRef
<LI><a href="#[98]">&gt;&gt;</a>&nbsp;&nbsp;&nbsp;update_pwm_and_write_descending
<LI><a href="#[97]">&gt;&gt;</a>&nbsp;&nbsp;&nbsp;update_pwm_and_write
<LI><a href="#[a5]">&gt;&gt;</a>&nbsp;&nbsp;&nbsp;low_run
<LI><a href="#[a4]">&gt;&gt;</a>&nbsp;&nbsp;&nbsp;high_run
<LI><a href="#[6f]">&gt;&gt;</a>&nbsp;&nbsp;&nbsp;Power_on_run
</UL>

<P><STRONG><a name="[4a]"></a>__aeabi_ddiv</STRONG> (Thumb, 234 bytes, Stack size 40 bytes, ddiv.o(.text))
<BR><BR>[Stack]<UL><LI>Max Depth = 48<LI>Call Chain = __aeabi_ddiv &rArr; _double_round
</UL>
<BR>[Calls]<UL><LI><a href="#[46]">&gt;&gt;</a>&nbsp;&nbsp;&nbsp;_double_round
</UL>
<BR>[Called By]<UL><LI><a href="#[98]">&gt;&gt;</a>&nbsp;&nbsp;&nbsp;update_pwm_and_write_descending
<LI><a href="#[97]">&gt;&gt;</a>&nbsp;&nbsp;&nbsp;update_pwm_and_write
<LI><a href="#[a5]">&gt;&gt;</a>&nbsp;&nbsp;&nbsp;low_run
<LI><a href="#[a4]">&gt;&gt;</a>&nbsp;&nbsp;&nbsp;high_run
<LI><a href="#[6f]">&gt;&gt;</a>&nbsp;&nbsp;&nbsp;Power_on_run
</UL>

<P><STRONG><a name="[4b]"></a>__aeabi_ui2f</STRONG> (Thumb, 14 bytes, Stack size 8 bytes, ffltui.o(.text))
<BR><BR>[Stack]<UL><LI>Max Depth = 20<LI>Call Chain = __aeabi_ui2f &rArr; _float_epilogue
</UL>
<BR>[Calls]<UL><LI><a href="#[4c]">&gt;&gt;</a>&nbsp;&nbsp;&nbsp;_float_epilogue
</UL>
<BR>[Called By]<UL><LI><a href="#[58]">&gt;&gt;</a>&nbsp;&nbsp;&nbsp;Adc_CalBatRef
</UL>

<P><STRONG><a name="[4d]"></a>__aeabi_ui2d</STRONG> (Thumb, 24 bytes, Stack size 16 bytes, dfltui.o(.text))
<BR><BR>[Stack]<UL><LI>Max Depth = 72<LI>Call Chain = __aeabi_ui2d &rArr; _double_epilogue &rArr; __aeabi_llsr
</UL>
<BR>[Calls]<UL><LI><a href="#[45]">&gt;&gt;</a>&nbsp;&nbsp;&nbsp;_double_epilogue
</UL>
<BR>[Called By]<UL><LI><a href="#[58]">&gt;&gt;</a>&nbsp;&nbsp;&nbsp;Adc_CalBatRef
<LI><a href="#[98]">&gt;&gt;</a>&nbsp;&nbsp;&nbsp;update_pwm_and_write_descending
<LI><a href="#[97]">&gt;&gt;</a>&nbsp;&nbsp;&nbsp;update_pwm_and_write
<LI><a href="#[a5]">&gt;&gt;</a>&nbsp;&nbsp;&nbsp;low_run
<LI><a href="#[a4]">&gt;&gt;</a>&nbsp;&nbsp;&nbsp;high_run
<LI><a href="#[6f]">&gt;&gt;</a>&nbsp;&nbsp;&nbsp;Power_on_run
</UL>

<P><STRONG><a name="[5d]"></a>__aeabi_f2uiz</STRONG> (Thumb, 40 bytes, Stack size 0 bytes, ffixui.o(.text))
<BR><BR>[Called By]<UL><LI><a href="#[58]">&gt;&gt;</a>&nbsp;&nbsp;&nbsp;Adc_CalBatRef
</UL>

<P><STRONG><a name="[4e]"></a>__aeabi_d2uiz</STRONG> (Thumb, 50 bytes, Stack size 8 bytes, dfixui.o(.text))
<BR><BR>[Stack]<UL><LI>Max Depth = 16<LI>Call Chain = __aeabi_d2uiz &rArr; __aeabi_llsr
</UL>
<BR>[Calls]<UL><LI><a href="#[4f]">&gt;&gt;</a>&nbsp;&nbsp;&nbsp;__aeabi_llsr
</UL>
<BR>[Called By]<UL><LI><a href="#[98]">&gt;&gt;</a>&nbsp;&nbsp;&nbsp;update_pwm_and_write_descending
<LI><a href="#[97]">&gt;&gt;</a>&nbsp;&nbsp;&nbsp;update_pwm_and_write
<LI><a href="#[a5]">&gt;&gt;</a>&nbsp;&nbsp;&nbsp;low_run
<LI><a href="#[a4]">&gt;&gt;</a>&nbsp;&nbsp;&nbsp;high_run
<LI><a href="#[6f]">&gt;&gt;</a>&nbsp;&nbsp;&nbsp;Power_on_run
</UL>

<P><STRONG><a name="[5b]"></a>__aeabi_f2d</STRONG> (Thumb, 40 bytes, Stack size 0 bytes, f2d.o(.text))
<BR><BR>[Called By]<UL><LI><a href="#[58]">&gt;&gt;</a>&nbsp;&nbsp;&nbsp;Adc_CalBatRef
</UL>

<P><STRONG><a name="[50]"></a>__aeabi_d2f</STRONG> (Thumb, 56 bytes, Stack size 8 bytes, d2f.o(.text))
<BR><BR>[Stack]<UL><LI>Max Depth = 8<LI>Call Chain = __aeabi_d2f
</UL>
<BR>[Calls]<UL><LI><a href="#[51]">&gt;&gt;</a>&nbsp;&nbsp;&nbsp;_float_round
</UL>
<BR>[Called By]<UL><LI><a href="#[58]">&gt;&gt;</a>&nbsp;&nbsp;&nbsp;Adc_CalBatRef
</UL>

<P><STRONG><a name="[43]"></a>__aeabi_llsl</STRONG> (Thumb, 32 bytes, Stack size 8 bytes, llshl.o(.text))
<BR><BR>[Stack]<UL><LI>Max Depth = 8<LI>Call Chain = __aeabi_llsl
</UL>
<BR>[Called By]<UL><LI><a href="#[42]">&gt;&gt;</a>&nbsp;&nbsp;&nbsp;__aeabi_dadd
<LI><a href="#[45]">&gt;&gt;</a>&nbsp;&nbsp;&nbsp;_double_epilogue
</UL>

<P><STRONG><a name="[cb]"></a>_ll_shift_l</STRONG> (Thumb, 0 bytes, Stack size 8 bytes, llshl.o(.text), UNUSED)

<P><STRONG><a name="[4f]"></a>__aeabi_llsr</STRONG> (Thumb, 34 bytes, Stack size 8 bytes, llushr.o(.text))
<BR><BR>[Stack]<UL><LI>Max Depth = 8<LI>Call Chain = __aeabi_llsr
</UL>
<BR>[Called By]<UL><LI><a href="#[4e]">&gt;&gt;</a>&nbsp;&nbsp;&nbsp;__aeabi_d2uiz
<LI><a href="#[45]">&gt;&gt;</a>&nbsp;&nbsp;&nbsp;_double_epilogue
</UL>

<P><STRONG><a name="[cc]"></a>_ll_ushift_r</STRONG> (Thumb, 0 bytes, Stack size 8 bytes, llushr.o(.text), UNUSED)

<P><STRONG><a name="[44]"></a>__aeabi_lasr</STRONG> (Thumb, 38 bytes, Stack size 8 bytes, llsshr.o(.text))
<BR><BR>[Stack]<UL><LI>Max Depth = 8<LI>Call Chain = __aeabi_lasr
</UL>
<BR>[Called By]<UL><LI><a href="#[42]">&gt;&gt;</a>&nbsp;&nbsp;&nbsp;__aeabi_dadd
</UL>

<P><STRONG><a name="[cd]"></a>_ll_sshift_r</STRONG> (Thumb, 0 bytes, Stack size 8 bytes, llsshr.o(.text), UNUSED)

<P><STRONG><a name="[ce]"></a>__I$use$fp</STRONG> (Thumb, 0 bytes, Stack size 0 bytes, iusefp.o(.text), UNUSED)

<P><STRONG><a name="[51]"></a>_float_round</STRONG> (Thumb, 16 bytes, Stack size 0 bytes, fepilogue.o(.text))
<BR><BR>[Called By]<UL><LI><a href="#[50]">&gt;&gt;</a>&nbsp;&nbsp;&nbsp;__aeabi_d2f
</UL>

<P><STRONG><a name="[4c]"></a>_float_epilogue</STRONG> (Thumb, 114 bytes, Stack size 12 bytes, fepilogue.o(.text))
<BR><BR>[Stack]<UL><LI>Max Depth = 12<LI>Call Chain = _float_epilogue
</UL>
<BR>[Called By]<UL><LI><a href="#[4b]">&gt;&gt;</a>&nbsp;&nbsp;&nbsp;__aeabi_ui2f
</UL>

<P><STRONG><a name="[46]"></a>_double_round</STRONG> (Thumb, 26 bytes, Stack size 8 bytes, depilogue.o(.text))
<BR><BR>[Stack]<UL><LI>Max Depth = 8<LI>Call Chain = _double_round
</UL>
<BR>[Called By]<UL><LI><a href="#[42]">&gt;&gt;</a>&nbsp;&nbsp;&nbsp;__aeabi_dadd
<LI><a href="#[4a]">&gt;&gt;</a>&nbsp;&nbsp;&nbsp;__aeabi_ddiv
<LI><a href="#[45]">&gt;&gt;</a>&nbsp;&nbsp;&nbsp;_double_epilogue
</UL>

<P><STRONG><a name="[45]"></a>_double_epilogue</STRONG> (Thumb, 164 bytes, Stack size 48 bytes, depilogue.o(.text))
<BR><BR>[Stack]<UL><LI>Max Depth = 56<LI>Call Chain = _double_epilogue &rArr; __aeabi_llsr
</UL>
<BR>[Calls]<UL><LI><a href="#[52]">&gt;&gt;</a>&nbsp;&nbsp;&nbsp;__ARM_clz
<LI><a href="#[4f]">&gt;&gt;</a>&nbsp;&nbsp;&nbsp;__aeabi_llsr
<LI><a href="#[43]">&gt;&gt;</a>&nbsp;&nbsp;&nbsp;__aeabi_llsl
<LI><a href="#[46]">&gt;&gt;</a>&nbsp;&nbsp;&nbsp;_double_round
</UL>
<BR>[Called By]<UL><LI><a href="#[4d]">&gt;&gt;</a>&nbsp;&nbsp;&nbsp;__aeabi_ui2d
<LI><a href="#[49]">&gt;&gt;</a>&nbsp;&nbsp;&nbsp;__aeabi_dmul
<LI><a href="#[42]">&gt;&gt;</a>&nbsp;&nbsp;&nbsp;__aeabi_dadd
</UL>

<P><STRONG><a name="[3c]"></a>__scatterload</STRONG> (Thumb, 28 bytes, Stack size 0 bytes, init.o(.text))
<BR><BR>[Calls]<UL><LI><a href="#[53]">&gt;&gt;</a>&nbsp;&nbsp;&nbsp;__main_after_scatterload
</UL>
<BR>[Called By]<UL><LI><a href="#[3b]">&gt;&gt;</a>&nbsp;&nbsp;&nbsp;_main_scatterload
</UL>

<P><STRONG><a name="[cf]"></a>__scatterload_rt2</STRONG> (Thumb, 0 bytes, Stack size 0 bytes, init.o(.text), UNUSED)

<P><STRONG><a name="[54]"></a>APP_ErrorHandler</STRONG> (Thumb, 2 bytes, Stack size 0 bytes, main.o(i.APP_ErrorHandler))
<BR><BR>[Calls]<UL><LI><a href="#[54]">&gt;&gt;</a>&nbsp;&nbsp;&nbsp;APP_ErrorHandler
</UL>
<BR>[Called By]<UL><LI><a href="#[b2]">&gt;&gt;</a>&nbsp;&nbsp;&nbsp;lptim_init
<LI><a href="#[54]">&gt;&gt;</a>&nbsp;&nbsp;&nbsp;APP_ErrorHandler
</UL>

<P><STRONG><a name="[55]"></a>APP_SystemClockConfig</STRONG> (Thumb, 118 bytes, Stack size 16 bytes, sys.o(i.APP_SystemClockConfig))
<BR><BR>[Stack]<UL><LI>Max Depth = 36<LI>Call Chain = APP_SystemClockConfig &rArr; LL_Init1msTick &rArr; __aeabi_uidivmod
</UL>
<BR>[Calls]<UL><LI><a href="#[57]">&gt;&gt;</a>&nbsp;&nbsp;&nbsp;LL_SetSystemCoreClock
<LI><a href="#[56]">&gt;&gt;</a>&nbsp;&nbsp;&nbsp;LL_Init1msTick
</UL>
<BR>[Called By]<UL><LI><a href="#[10]">&gt;&gt;</a>&nbsp;&nbsp;&nbsp;main
</UL>

<P><STRONG><a name="[58]"></a>Adc_CalBatRef</STRONG> (Thumb, 134 bytes, Stack size 24 bytes, adc.o(i.Adc_CalBatRef))
<BR><BR>[Stack]<UL><LI>Max Depth = 152<LI>Call Chain = Adc_CalBatRef &rArr; __aeabi_dmul &rArr; _double_epilogue &rArr; __aeabi_llsr
</UL>
<BR>[Calls]<UL><LI><a href="#[4b]">&gt;&gt;</a>&nbsp;&nbsp;&nbsp;__aeabi_ui2f
<LI><a href="#[4d]">&gt;&gt;</a>&nbsp;&nbsp;&nbsp;__aeabi_ui2d
<LI><a href="#[5c]">&gt;&gt;</a>&nbsp;&nbsp;&nbsp;__aeabi_fmul
<LI><a href="#[5d]">&gt;&gt;</a>&nbsp;&nbsp;&nbsp;__aeabi_f2uiz
<LI><a href="#[5b]">&gt;&gt;</a>&nbsp;&nbsp;&nbsp;__aeabi_f2d
<LI><a href="#[49]">&gt;&gt;</a>&nbsp;&nbsp;&nbsp;__aeabi_dmul
<LI><a href="#[42]">&gt;&gt;</a>&nbsp;&nbsp;&nbsp;__aeabi_dadd
<LI><a href="#[50]">&gt;&gt;</a>&nbsp;&nbsp;&nbsp;__aeabi_d2f
<LI><a href="#[59]">&gt;&gt;</a>&nbsp;&nbsp;&nbsp;Bcd2ToByte
<LI><a href="#[5a]">&gt;&gt;</a>&nbsp;&nbsp;&nbsp;__aeabi_uidivmod
</UL>
<BR>[Called By]<UL><LI><a href="#[65]">&gt;&gt;</a>&nbsp;&nbsp;&nbsp;BatVoltage
</UL>

<P><STRONG><a name="[5e]"></a>AiP33A06_ACK</STRONG> (Thumb, 54 bytes, Stack size 8 bytes, aip33a06.o(i.AiP33A06_ACK))
<BR><BR>[Stack]<UL><LI>Max Depth = 16<LI>Call Chain = AiP33A06_ACK &rArr; LL_GPIO_SetPinMode
</UL>
<BR>[Calls]<UL><LI><a href="#[60]">&gt;&gt;</a>&nbsp;&nbsp;&nbsp;_delay_us
<LI><a href="#[5f]">&gt;&gt;</a>&nbsp;&nbsp;&nbsp;LL_GPIO_SetPinMode
</UL>
<BR>[Called By]<UL><LI><a href="#[61]">&gt;&gt;</a>&nbsp;&nbsp;&nbsp;AiP33A06_writebyte
</UL>

<P><STRONG><a name="[61]"></a>AiP33A06_writebyte</STRONG> (Thumb, 60 bytes, Stack size 8 bytes, aip33a06.o(i.AiP33A06_writebyte))
<BR><BR>[Stack]<UL><LI>Max Depth = 24<LI>Call Chain = AiP33A06_writebyte &rArr; AiP33A06_ACK &rArr; LL_GPIO_SetPinMode
</UL>
<BR>[Calls]<UL><LI><a href="#[60]">&gt;&gt;</a>&nbsp;&nbsp;&nbsp;_delay_us
<LI><a href="#[5e]">&gt;&gt;</a>&nbsp;&nbsp;&nbsp;AiP33A06_ACK
</UL>
<BR>[Called By]<UL><LI><a href="#[68]">&gt;&gt;</a>&nbsp;&nbsp;&nbsp;Ram_Clear
<LI><a href="#[ae]">&gt;&gt;</a>&nbsp;&nbsp;&nbsp;write_data
<LI><a href="#[6e]">&gt;&gt;</a>&nbsp;&nbsp;&nbsp;display
<LI><a href="#[62]">&gt;&gt;</a>&nbsp;&nbsp;&nbsp;AiP33A06_writecmd
</UL>

<P><STRONG><a name="[62]"></a>AiP33A06_writecmd</STRONG> (Thumb, 26 bytes, Stack size 8 bytes, aip33a06.o(i.AiP33A06_writecmd))
<BR><BR>[Stack]<UL><LI>Max Depth = 32<LI>Call Chain = AiP33A06_writecmd &rArr; AiP33A06_writebyte &rArr; AiP33A06_ACK &rArr; LL_GPIO_SetPinMode
</UL>
<BR>[Calls]<UL><LI><a href="#[64]">&gt;&gt;</a>&nbsp;&nbsp;&nbsp;iic_stop
<LI><a href="#[63]">&gt;&gt;</a>&nbsp;&nbsp;&nbsp;iic_start
<LI><a href="#[61]">&gt;&gt;</a>&nbsp;&nbsp;&nbsp;AiP33A06_writebyte
</UL>
<BR>[Called By]<UL><LI><a href="#[70]">&gt;&gt;</a>&nbsp;&nbsp;&nbsp;sysinit
<LI><a href="#[68]">&gt;&gt;</a>&nbsp;&nbsp;&nbsp;Ram_Clear
<LI><a href="#[ae]">&gt;&gt;</a>&nbsp;&nbsp;&nbsp;write_data
<LI><a href="#[9b]">&gt;&gt;</a>&nbsp;&nbsp;&nbsp;dis_sleep
</UL>

<P><STRONG><a name="[65]"></a>BatVoltage</STRONG> (Thumb, 32 bytes, Stack size 8 bytes, baterry.o(i.BatVoltage))
<BR><BR>[Stack]<UL><LI>Max Depth = 160<LI>Call Chain = BatVoltage &rArr; Adc_CalBatRef &rArr; __aeabi_dmul &rArr; _double_epilogue &rArr; __aeabi_llsr
</UL>
<BR>[Calls]<UL><LI><a href="#[66]">&gt;&gt;</a>&nbsp;&nbsp;&nbsp;GetADCValue
<LI><a href="#[58]">&gt;&gt;</a>&nbsp;&nbsp;&nbsp;Adc_CalBatRef
<LI><a href="#[5a]">&gt;&gt;</a>&nbsp;&nbsp;&nbsp;__aeabi_uidivmod
</UL>
<BR>[Called By]<UL><LI><a href="#[a3]">&gt;&gt;</a>&nbsp;&nbsp;&nbsp;Smok_Disp_Deal
<LI><a href="#[8d]">&gt;&gt;</a>&nbsp;&nbsp;&nbsp;Out_Deal
<LI><a href="#[7e]">&gt;&gt;</a>&nbsp;&nbsp;&nbsp;Get_Power_Rest_BatLeve
<LI><a href="#[79]">&gt;&gt;</a>&nbsp;&nbsp;&nbsp;Get_Bat_Leve
<LI><a href="#[67]">&gt;&gt;</a>&nbsp;&nbsp;&nbsp;DISP_Deal
<LI><a href="#[7f]">&gt;&gt;</a>&nbsp;&nbsp;&nbsp;Get_Usb_Ad
<LI><a href="#[9c]">&gt;&gt;</a>&nbsp;&nbsp;&nbsp;enter_stop
</UL>

<P><STRONG><a name="[59]"></a>Bcd2ToByte</STRONG> (Thumb, 16 bytes, Stack size 0 bytes, adc.o(i.Bcd2ToByte))
<BR><BR>[Called By]<UL><LI><a href="#[58]">&gt;&gt;</a>&nbsp;&nbsp;&nbsp;Adc_CalBatRef
</UL>

<P><STRONG><a name="[91]"></a>ClrShortData</STRONG> (Thumb, 12 bytes, Stack size 0 bytes, out.o(i.ClrShortData))
<BR><BR>[Called By]<UL><LI><a href="#[72]">&gt;&gt;</a>&nbsp;&nbsp;&nbsp;Set_Disp_Num
<LI><a href="#[10]">&gt;&gt;</a>&nbsp;&nbsp;&nbsp;main
<LI><a href="#[90]">&gt;&gt;</a>&nbsp;&nbsp;&nbsp;Out_Stop
</UL>

<P><STRONG><a name="[67]"></a>DISP_Deal</STRONG> (Thumb, 932 bytes, Stack size 32 bytes, disp.o(i.DISP_Deal))
<BR><BR>[Stack]<UL><LI>Max Depth = 272<LI>Call Chain = DISP_Deal &rArr; Power_on_run &rArr; update_pwm_and_write_descending &rArr; __aeabi_dmul &rArr; _double_epilogue &rArr; __aeabi_llsr
</UL>
<BR>[Calls]<UL><LI><a href="#[70]">&gt;&gt;</a>&nbsp;&nbsp;&nbsp;sysinit
<LI><a href="#[72]">&gt;&gt;</a>&nbsp;&nbsp;&nbsp;Set_Disp_Num
<LI><a href="#[68]">&gt;&gt;</a>&nbsp;&nbsp;&nbsp;Ram_Clear
<LI><a href="#[6e]">&gt;&gt;</a>&nbsp;&nbsp;&nbsp;display
<LI><a href="#[65]">&gt;&gt;</a>&nbsp;&nbsp;&nbsp;BatVoltage
<LI><a href="#[69]">&gt;&gt;</a>&nbsp;&nbsp;&nbsp;display_oil
<LI><a href="#[6b]">&gt;&gt;</a>&nbsp;&nbsp;&nbsp;display_geras
<LI><a href="#[6a]">&gt;&gt;</a>&nbsp;&nbsp;&nbsp;display_bat
<LI><a href="#[6c]">&gt;&gt;</a>&nbsp;&nbsp;&nbsp;display_Oil_logo
<LI><a href="#[6d]">&gt;&gt;</a>&nbsp;&nbsp;&nbsp;display_Bat_logo
<LI><a href="#[6f]">&gt;&gt;</a>&nbsp;&nbsp;&nbsp;Power_on_run
<LI><a href="#[71]">&gt;&gt;</a>&nbsp;&nbsp;&nbsp;LL_GPIO_SetPinMode
</UL>
<BR>[Called By]<UL><LI><a href="#[10]">&gt;&gt;</a>&nbsp;&nbsp;&nbsp;main
</UL>

<P><STRONG><a name="[8]"></a>EXTI0_1_IRQHandler</STRONG> (Thumb, 34 bytes, Stack size 8 bytes, py32c642_it.o(i.EXTI0_1_IRQHandler))
<BR><BR>[Stack]<UL><LI>Max Depth = 8<LI>Call Chain = EXTI0_1_IRQHandler
</UL>
<BR>[Calls]<UL><LI><a href="#[73]">&gt;&gt;</a>&nbsp;&nbsp;&nbsp;LL_EXTI_IsActiveFlag
</UL>
<BR>[Address Reference Count : 1]<UL><LI> startup_py32c642xx.o(RESET)
</UL>
<P><STRONG><a name="[9]"></a>EXTI2_3_IRQHandler</STRONG> (Thumb, 34 bytes, Stack size 8 bytes, py32c642_it.o(i.EXTI2_3_IRQHandler))
<BR><BR>[Stack]<UL><LI>Max Depth = 8<LI>Call Chain = EXTI2_3_IRQHandler
</UL>
<BR>[Calls]<UL><LI><a href="#[73]">&gt;&gt;</a>&nbsp;&nbsp;&nbsp;LL_EXTI_IsActiveFlag
</UL>
<BR>[Address Reference Count : 1]<UL><LI> startup_py32c642xx.o(RESET)
</UL>
<P><STRONG><a name="[a]"></a>EXTI4_15_IRQHandler</STRONG> (Thumb, 34 bytes, Stack size 8 bytes, py32c642_it.o(i.EXTI4_15_IRQHandler))
<BR><BR>[Stack]<UL><LI>Max Depth = 8<LI>Call Chain = EXTI4_15_IRQHandler
</UL>
<BR>[Calls]<UL><LI><a href="#[73]">&gt;&gt;</a>&nbsp;&nbsp;&nbsp;LL_EXTI_IsActiveFlag
</UL>
<BR>[Address Reference Count : 1]<UL><LI> startup_py32c642xx.o(RESET)
</UL>
<P><STRONG><a name="[74]"></a>FLASH_WaitForLastOperation</STRONG> (Thumb, 42 bytes, Stack size 16 bytes, py32c642_hal_flash.o(i.FLASH_WaitForLastOperation))
<BR><BR>[Stack]<UL><LI>Max Depth = 16<LI>Call Chain = FLASH_WaitForLastOperation
</UL>
<BR>[Calls]<UL><LI><a href="#[75]">&gt;&gt;</a>&nbsp;&nbsp;&nbsp;HAL_GetTick
</UL>
<BR>[Called By]<UL><LI><a href="#[8b]">&gt;&gt;</a>&nbsp;&nbsp;&nbsp;HAL_FLASH_OBProgram
</UL>

<P><STRONG><a name="[66]"></a>GetADCValue</STRONG> (Thumb, 50 bytes, Stack size 8 bytes, adc.o(i.GetADCValue))
<BR><BR>[Stack]<UL><LI>Max Depth = 32<LI>Call Chain = GetADCValue &rArr; adc_channel_config &rArr; __ARM_common_switch8
</UL>
<BR>[Calls]<UL><LI><a href="#[78]">&gt;&gt;</a>&nbsp;&nbsp;&nbsp;adc_enable
<LI><a href="#[76]">&gt;&gt;</a>&nbsp;&nbsp;&nbsp;adc_disable
<LI><a href="#[77]">&gt;&gt;</a>&nbsp;&nbsp;&nbsp;adc_channel_config
</UL>
<BR>[Called By]<UL><LI><a href="#[8d]">&gt;&gt;</a>&nbsp;&nbsp;&nbsp;Out_Deal
<LI><a href="#[7f]">&gt;&gt;</a>&nbsp;&nbsp;&nbsp;Get_Usb_Ad
<LI><a href="#[7d]">&gt;&gt;</a>&nbsp;&nbsp;&nbsp;Get_Out_Volt
<LI><a href="#[65]">&gt;&gt;</a>&nbsp;&nbsp;&nbsp;BatVoltage
</UL>

<P><STRONG><a name="[79]"></a>Get_Bat_Leve</STRONG> (Thumb, 276 bytes, Stack size 24 bytes, baterry.o(i.Get_Bat_Leve))
<BR><BR>[Stack]<UL><LI>Max Depth = 184<LI>Call Chain = Get_Bat_Leve &rArr; BatVoltage &rArr; Adc_CalBatRef &rArr; __aeabi_dmul &rArr; _double_epilogue &rArr; __aeabi_llsr
</UL>
<BR>[Calls]<UL><LI><a href="#[7a]">&gt;&gt;</a>&nbsp;&nbsp;&nbsp;Get_Bat_Leve_Map
<LI><a href="#[65]">&gt;&gt;</a>&nbsp;&nbsp;&nbsp;BatVoltage
</UL>
<BR>[Called By]<UL><LI><a href="#[10]">&gt;&gt;</a>&nbsp;&nbsp;&nbsp;main
</UL>

<P><STRONG><a name="[7a]"></a>Get_Bat_Leve_Map</STRONG> (Thumb, 4 bytes, Stack size 0 bytes, baterry.o(i.Get_Bat_Leve_Map))
<BR><BR>[Called By]<UL><LI><a href="#[72]">&gt;&gt;</a>&nbsp;&nbsp;&nbsp;Set_Disp_Num
<LI><a href="#[7e]">&gt;&gt;</a>&nbsp;&nbsp;&nbsp;Get_Power_Rest_BatLeve
<LI><a href="#[79]">&gt;&gt;</a>&nbsp;&nbsp;&nbsp;Get_Bat_Leve
<LI><a href="#[8e]">&gt;&gt;</a>&nbsp;&nbsp;&nbsp;Smok_Start_Bat_Leve_Deal
</UL>

<P><STRONG><a name="[7b]"></a>Get_Oil_Leve</STRONG> (Thumb, 38 bytes, Stack size 8 bytes, out.o(i.Get_Oil_Leve))
<BR><BR>[Stack]<UL><LI>Max Depth = 20<LI>Call Chain = Get_Oil_Leve &rArr; __aeabi_uidivmod
</UL>
<BR>[Calls]<UL><LI><a href="#[7c]">&gt;&gt;</a>&nbsp;&nbsp;&nbsp;Get_Oil_Leve_Map
<LI><a href="#[5a]">&gt;&gt;</a>&nbsp;&nbsp;&nbsp;__aeabi_uidivmod
</UL>
<BR>[Called By]<UL><LI><a href="#[f]">&gt;&gt;</a>&nbsp;&nbsp;&nbsp;TIM14_IRQHandler
</UL>

<P><STRONG><a name="[7c]"></a>Get_Oil_Leve_Map</STRONG> (Thumb, 4 bytes, Stack size 0 bytes, out.o(i.Get_Oil_Leve_Map))
<BR><BR>[Called By]<UL><LI><a href="#[7b]">&gt;&gt;</a>&nbsp;&nbsp;&nbsp;Get_Oil_Leve
</UL>

<P><STRONG><a name="[7d]"></a>Get_Out_Volt</STRONG> (Thumb, 40 bytes, Stack size 16 bytes, out.o(i.Get_Out_Volt))
<BR><BR>[Stack]<UL><LI>Max Depth = 48<LI>Call Chain = Get_Out_Volt &rArr; GetADCValue &rArr; adc_channel_config &rArr; __ARM_common_switch8
</UL>
<BR>[Calls]<UL><LI><a href="#[66]">&gt;&gt;</a>&nbsp;&nbsp;&nbsp;GetADCValue
</UL>
<BR>[Called By]<UL><LI><a href="#[8d]">&gt;&gt;</a>&nbsp;&nbsp;&nbsp;Out_Deal
</UL>

<P><STRONG><a name="[7e]"></a>Get_Power_Rest_BatLeve</STRONG> (Thumb, 90 bytes, Stack size 16 bytes, baterry.o(i.Get_Power_Rest_BatLeve))
<BR><BR>[Stack]<UL><LI>Max Depth = 176<LI>Call Chain = Get_Power_Rest_BatLeve &rArr; BatVoltage &rArr; Adc_CalBatRef &rArr; __aeabi_dmul &rArr; _double_epilogue &rArr; __aeabi_llsr
</UL>
<BR>[Calls]<UL><LI><a href="#[7a]">&gt;&gt;</a>&nbsp;&nbsp;&nbsp;Get_Bat_Leve_Map
<LI><a href="#[65]">&gt;&gt;</a>&nbsp;&nbsp;&nbsp;BatVoltage
</UL>
<BR>[Called By]<UL><LI><a href="#[99]">&gt;&gt;</a>&nbsp;&nbsp;&nbsp;Sleep
<LI><a href="#[10]">&gt;&gt;</a>&nbsp;&nbsp;&nbsp;main
</UL>

<P><STRONG><a name="[7f]"></a>Get_Usb_Ad</STRONG> (Thumb, 24 bytes, Stack size 8 bytes, portscan.o(i.Get_Usb_Ad))
<BR><BR>[Stack]<UL><LI>Max Depth = 168<LI>Call Chain = Get_Usb_Ad &rArr; BatVoltage &rArr; Adc_CalBatRef &rArr; __aeabi_dmul &rArr; _double_epilogue &rArr; __aeabi_llsr
</UL>
<BR>[Calls]<UL><LI><a href="#[66]">&gt;&gt;</a>&nbsp;&nbsp;&nbsp;GetADCValue
<LI><a href="#[65]">&gt;&gt;</a>&nbsp;&nbsp;&nbsp;BatVoltage
</UL>
<BR>[Called By]<UL><LI><a href="#[95]">&gt;&gt;</a>&nbsp;&nbsp;&nbsp;Power_Reset_Port_Scan
<LI><a href="#[93]">&gt;&gt;</a>&nbsp;&nbsp;&nbsp;Port_Scan
<LI><a href="#[9c]">&gt;&gt;</a>&nbsp;&nbsp;&nbsp;enter_stop
</UL>

<P><STRONG><a name="[80]"></a>Gpio_Init</STRONG> (Thumb, 298 bytes, Stack size 24 bytes, gpio.o(i.Gpio_Init))
<BR><BR>[Stack]<UL><LI>Max Depth = 32<LI>Call Chain = Gpio_Init &rArr; LL_GPIO_SetPinSpeed
</UL>
<BR>[Calls]<UL><LI><a href="#[84]">&gt;&gt;</a>&nbsp;&nbsp;&nbsp;LL_GPIO_SetPinSpeed
<LI><a href="#[82]">&gt;&gt;</a>&nbsp;&nbsp;&nbsp;LL_GPIO_SetPinPull
<LI><a href="#[83]">&gt;&gt;</a>&nbsp;&nbsp;&nbsp;LL_GPIO_SetPinOutputType
<LI><a href="#[81]">&gt;&gt;</a>&nbsp;&nbsp;&nbsp;LL_GPIO_SetPinMode
</UL>
<BR>[Called By]<UL><LI><a href="#[10]">&gt;&gt;</a>&nbsp;&nbsp;&nbsp;main
</UL>

<P><STRONG><a name="[85]"></a>Gpio_Wake</STRONG> (Thumb, 340 bytes, Stack size 16 bytes, sleep.o(i.Gpio_Wake))
<BR><BR>[Stack]<UL><LI>Max Depth = 56<LI>Call Chain = Gpio_Wake &rArr; sysinit &rArr; AiP33A06_writecmd &rArr; AiP33A06_writebyte &rArr; AiP33A06_ACK &rArr; LL_GPIO_SetPinMode
</UL>
<BR>[Calls]<UL><LI><a href="#[70]">&gt;&gt;</a>&nbsp;&nbsp;&nbsp;sysinit
<LI><a href="#[8a]">&gt;&gt;</a>&nbsp;&nbsp;&nbsp;LL_GPIO_SetPinSpeed
<LI><a href="#[89]">&gt;&gt;</a>&nbsp;&nbsp;&nbsp;LL_GPIO_SetPinPull
<LI><a href="#[88]">&gt;&gt;</a>&nbsp;&nbsp;&nbsp;LL_GPIO_SetPinOutputType
<LI><a href="#[87]">&gt;&gt;</a>&nbsp;&nbsp;&nbsp;LL_GPIO_SetPinMode
<LI><a href="#[86]">&gt;&gt;</a>&nbsp;&nbsp;&nbsp;LL_APB1_GRP2_EnableClock
</UL>
<BR>[Called By]<UL><LI><a href="#[99]">&gt;&gt;</a>&nbsp;&nbsp;&nbsp;Sleep
</UL>

<P><STRONG><a name="[bb]"></a>HAL_FLASH_Lock</STRONG> (Thumb, 22 bytes, Stack size 0 bytes, py32c642_hal_flash.o(i.HAL_FLASH_Lock))
<BR><BR>[Called By]<UL><LI><a href="#[b4]">&gt;&gt;</a>&nbsp;&nbsp;&nbsp;option_init
</UL>

<P><STRONG><a name="[8b]"></a>HAL_FLASH_OBProgram</STRONG> (Thumb, 286 bytes, Stack size 24 bytes, py32c642_hal_flash.o(i.HAL_FLASH_OBProgram))
<BR><BR>[Stack]<UL><LI>Max Depth = 40<LI>Call Chain = HAL_FLASH_OBProgram &rArr; FLASH_WaitForLastOperation
</UL>
<BR>[Calls]<UL><LI><a href="#[8c]">&gt;&gt;</a>&nbsp;&nbsp;&nbsp;FLASH_OB_OptrConfig
<LI><a href="#[74]">&gt;&gt;</a>&nbsp;&nbsp;&nbsp;FLASH_WaitForLastOperation
</UL>
<BR>[Called By]<UL><LI><a href="#[b4]">&gt;&gt;</a>&nbsp;&nbsp;&nbsp;option_init
</UL>

<P><STRONG><a name="[bd]"></a>HAL_FLASH_OB_Launch</STRONG> (Thumb, 16 bytes, Stack size 0 bytes, py32c642_hal_flash.o(i.HAL_FLASH_OB_Launch))
<BR><BR>[Called By]<UL><LI><a href="#[b4]">&gt;&gt;</a>&nbsp;&nbsp;&nbsp;option_init
</UL>

<P><STRONG><a name="[bc]"></a>HAL_FLASH_OB_Lock</STRONG> (Thumb, 22 bytes, Stack size 0 bytes, py32c642_hal_flash.o(i.HAL_FLASH_OB_Lock))
<BR><BR>[Called By]<UL><LI><a href="#[b4]">&gt;&gt;</a>&nbsp;&nbsp;&nbsp;option_init
</UL>

<P><STRONG><a name="[ba]"></a>HAL_FLASH_OB_Unlock</STRONG> (Thumb, 28 bytes, Stack size 0 bytes, py32c642_hal_flash.o(i.HAL_FLASH_OB_Unlock))
<BR><BR>[Called By]<UL><LI><a href="#[b4]">&gt;&gt;</a>&nbsp;&nbsp;&nbsp;option_init
</UL>

<P><STRONG><a name="[b9]"></a>HAL_FLASH_Unlock</STRONG> (Thumb, 28 bytes, Stack size 0 bytes, py32c642_hal_flash.o(i.HAL_FLASH_Unlock))
<BR><BR>[Called By]<UL><LI><a href="#[b4]">&gt;&gt;</a>&nbsp;&nbsp;&nbsp;option_init
</UL>

<P><STRONG><a name="[75]"></a>HAL_GetTick</STRONG> (Thumb, 6 bytes, Stack size 0 bytes, py32c642_hal.o(i.HAL_GetTick))
<BR><BR>[Called By]<UL><LI><a href="#[74]">&gt;&gt;</a>&nbsp;&nbsp;&nbsp;FLASH_WaitForLastOperation
</UL>

<P><STRONG><a name="[2]"></a>HardFault_Handler</STRONG> (Thumb, 2 bytes, Stack size 0 bytes, py32c642_it.o(i.HardFault_Handler))
<BR><BR>[Calls]<UL><LI><a href="#[2]">&gt;&gt;</a>&nbsp;&nbsp;&nbsp;HardFault_Handler
</UL>
<BR>[Called By]<UL><LI><a href="#[2]">&gt;&gt;</a>&nbsp;&nbsp;&nbsp;HardFault_Handler
</UL>
<BR>[Address Reference Count : 1]<UL><LI> startup_py32c642xx.o(RESET)
</UL>
<P><STRONG><a name="[ab]"></a>LL_ADC_Init</STRONG> (Thumb, 54 bytes, Stack size 16 bytes, py32c642_ll_adc.o(i.LL_ADC_Init))
<BR><BR>[Stack]<UL><LI>Max Depth = 16<LI>Call Chain = LL_ADC_Init
</UL>
<BR>[Called By]<UL><LI><a href="#[aa]">&gt;&gt;</a>&nbsp;&nbsp;&nbsp;adc_init
</UL>

<P><STRONG><a name="[ac]"></a>LL_ADC_REG_Init</STRONG> (Thumb, 46 bytes, Stack size 8 bytes, py32c642_ll_adc.o(i.LL_ADC_REG_Init))
<BR><BR>[Stack]<UL><LI>Max Depth = 8<LI>Call Chain = LL_ADC_REG_Init
</UL>
<BR>[Called By]<UL><LI><a href="#[aa]">&gt;&gt;</a>&nbsp;&nbsp;&nbsp;adc_init
</UL>

<P><STRONG><a name="[a0]"></a>LL_EXTI_Init</STRONG> (Thumb, 182 bytes, Stack size 8 bytes, py32c642_ll_exti.o(i.LL_EXTI_Init))
<BR><BR>[Stack]<UL><LI>Max Depth = 8<LI>Call Chain = LL_EXTI_Init
</UL>
<BR>[Called By]<UL><LI><a href="#[9d]">&gt;&gt;</a>&nbsp;&nbsp;&nbsp;Sleep_Gpio
</UL>

<P><STRONG><a name="[9f]"></a>LL_GPIO_Init</STRONG> (Thumb, 168 bytes, Stack size 20 bytes, py32c642_ll_gpio.o(i.LL_GPIO_Init))
<BR><BR>[Stack]<UL><LI>Max Depth = 20<LI>Call Chain = LL_GPIO_Init
</UL>
<BR>[Called By]<UL><LI><a href="#[9d]">&gt;&gt;</a>&nbsp;&nbsp;&nbsp;Sleep_Gpio
</UL>

<P><STRONG><a name="[56]"></a>LL_Init1msTick</STRONG> (Thumb, 26 bytes, Stack size 8 bytes, py32c642_ll_utils.o(i.LL_Init1msTick))
<BR><BR>[Stack]<UL><LI>Max Depth = 20<LI>Call Chain = LL_Init1msTick &rArr; __aeabi_uidivmod
</UL>
<BR>[Calls]<UL><LI><a href="#[5a]">&gt;&gt;</a>&nbsp;&nbsp;&nbsp;__aeabi_uidivmod
</UL>
<BR>[Called By]<UL><LI><a href="#[55]">&gt;&gt;</a>&nbsp;&nbsp;&nbsp;APP_SystemClockConfig
</UL>

<P><STRONG><a name="[b3]"></a>LL_LPTIM_Init</STRONG> (Thumb, 38 bytes, Stack size 8 bytes, py32c642_ll_lptim.o(i.LL_LPTIM_Init))
<BR><BR>[Stack]<UL><LI>Max Depth = 8<LI>Call Chain = LL_LPTIM_Init
</UL>
<BR>[Called By]<UL><LI><a href="#[b2]">&gt;&gt;</a>&nbsp;&nbsp;&nbsp;lptim_init
</UL>

<P><STRONG><a name="[57]"></a>LL_SetSystemCoreClock</STRONG> (Thumb, 6 bytes, Stack size 0 bytes, py32c642_ll_utils.o(i.LL_SetSystemCoreClock))
<BR><BR>[Called By]<UL><LI><a href="#[55]">&gt;&gt;</a>&nbsp;&nbsp;&nbsp;APP_SystemClockConfig
</UL>

<P><STRONG><a name="[bf]"></a>LL_TIM_Init</STRONG> (Thumb, 72 bytes, Stack size 12 bytes, py32c642_ll_tim.o(i.LL_TIM_Init))
<BR><BR>[Stack]<UL><LI>Max Depth = 12<LI>Call Chain = LL_TIM_Init
</UL>
<BR>[Called By]<UL><LI><a href="#[b6]">&gt;&gt;</a>&nbsp;&nbsp;&nbsp;timer1_init
<LI><a href="#[b7]">&gt;&gt;</a>&nbsp;&nbsp;&nbsp;timer14_init
</UL>

<P><STRONG><a name="[ad]"></a>LL_mDelay</STRONG> (Thumb, 30 bytes, Stack size 8 bytes, py32c642_ll_utils.o(i.LL_mDelay))
<BR><BR>[Stack]<UL><LI>Max Depth = 8<LI>Call Chain = LL_mDelay
</UL>
<BR>[Called By]<UL><LI><a href="#[aa]">&gt;&gt;</a>&nbsp;&nbsp;&nbsp;adc_init
</UL>

<P><STRONG><a name="[1]"></a>NMI_Handler</STRONG> (Thumb, 2 bytes, Stack size 0 bytes, py32c642_it.o(i.NMI_Handler))
<BR>[Address Reference Count : 1]<UL><LI> startup_py32c642xx.o(RESET)
</UL>
<P><STRONG><a name="[8d]"></a>Out_Deal</STRONG> (Thumb, 1592 bytes, Stack size 24 bytes, out.o(i.Out_Deal))
<BR><BR>[Stack]<UL><LI>Max Depth = 184<LI>Call Chain = Out_Deal &rArr; BatVoltage &rArr; Adc_CalBatRef &rArr; __aeabi_dmul &rArr; _double_epilogue &rArr; __aeabi_llsr
</UL>
<BR>[Calls]<UL><LI><a href="#[70]">&gt;&gt;</a>&nbsp;&nbsp;&nbsp;sysinit
<LI><a href="#[72]">&gt;&gt;</a>&nbsp;&nbsp;&nbsp;Set_Disp_Num
<LI><a href="#[66]">&gt;&gt;</a>&nbsp;&nbsp;&nbsp;GetADCValue
<LI><a href="#[8e]">&gt;&gt;</a>&nbsp;&nbsp;&nbsp;Smok_Start_Bat_Leve_Deal
<LI><a href="#[8f]">&gt;&gt;</a>&nbsp;&nbsp;&nbsp;SetShortData
<LI><a href="#[7d]">&gt;&gt;</a>&nbsp;&nbsp;&nbsp;Get_Out_Volt
<LI><a href="#[65]">&gt;&gt;</a>&nbsp;&nbsp;&nbsp;BatVoltage
<LI><a href="#[5a]">&gt;&gt;</a>&nbsp;&nbsp;&nbsp;__aeabi_uidivmod
</UL>
<BR>[Called By]<UL><LI><a href="#[10]">&gt;&gt;</a>&nbsp;&nbsp;&nbsp;main
</UL>

<P><STRONG><a name="[90]"></a>Out_Stop</STRONG> (Thumb, 64 bytes, Stack size 16 bytes, portscan.o(i.Out_Stop))
<BR><BR>[Stack]<UL><LI>Max Depth = 24<LI>Call Chain = Out_Stop &rArr; LL_GPIO_SetPinMode
</UL>
<BR>[Calls]<UL><LI><a href="#[91]">&gt;&gt;</a>&nbsp;&nbsp;&nbsp;ClrShortData
<LI><a href="#[92]">&gt;&gt;</a>&nbsp;&nbsp;&nbsp;LL_GPIO_SetPinMode
</UL>
<BR>[Called By]<UL><LI><a href="#[93]">&gt;&gt;</a>&nbsp;&nbsp;&nbsp;Port_Scan
</UL>

<P><STRONG><a name="[4]"></a>PendSV_Handler</STRONG> (Thumb, 2 bytes, Stack size 0 bytes, py32c642_it.o(i.PendSV_Handler))
<BR>[Address Reference Count : 1]<UL><LI> startup_py32c642xx.o(RESET)
</UL>
<P><STRONG><a name="[93]"></a>Port_Scan</STRONG> (Thumb, 530 bytes, Stack size 24 bytes, portscan.o(i.Port_Scan))
<BR><BR>[Stack]<UL><LI>Max Depth = 192<LI>Call Chain = Port_Scan &rArr; Get_Usb_Ad &rArr; BatVoltage &rArr; Adc_CalBatRef &rArr; __aeabi_dmul &rArr; _double_epilogue &rArr; __aeabi_llsr
</UL>
<BR>[Calls]<UL><LI><a href="#[70]">&gt;&gt;</a>&nbsp;&nbsp;&nbsp;sysinit
<LI><a href="#[72]">&gt;&gt;</a>&nbsp;&nbsp;&nbsp;Set_Disp_Num
<LI><a href="#[68]">&gt;&gt;</a>&nbsp;&nbsp;&nbsp;Ram_Clear
<LI><a href="#[90]">&gt;&gt;</a>&nbsp;&nbsp;&nbsp;Out_Stop
<LI><a href="#[7f]">&gt;&gt;</a>&nbsp;&nbsp;&nbsp;Get_Usb_Ad
<LI><a href="#[92]">&gt;&gt;</a>&nbsp;&nbsp;&nbsp;LL_GPIO_SetPinMode
<LI><a href="#[94]">&gt;&gt;</a>&nbsp;&nbsp;&nbsp;LL_GPIO_IsInputPinSet
</UL>
<BR>[Called By]<UL><LI><a href="#[10]">&gt;&gt;</a>&nbsp;&nbsp;&nbsp;main
</UL>

<P><STRONG><a name="[95]"></a>Power_Reset_Port_Scan</STRONG> (Thumb, 102 bytes, Stack size 8 bytes, portscan.o(i.Power_Reset_Port_Scan))
<BR><BR>[Stack]<UL><LI>Max Depth = 176<LI>Call Chain = Power_Reset_Port_Scan &rArr; Get_Usb_Ad &rArr; BatVoltage &rArr; Adc_CalBatRef &rArr; __aeabi_dmul &rArr; _double_epilogue &rArr; __aeabi_llsr
</UL>
<BR>[Calls]<UL><LI><a href="#[7f]">&gt;&gt;</a>&nbsp;&nbsp;&nbsp;Get_Usb_Ad
<LI><a href="#[94]">&gt;&gt;</a>&nbsp;&nbsp;&nbsp;LL_GPIO_IsInputPinSet
</UL>
<BR>[Called By]<UL><LI><a href="#[10]">&gt;&gt;</a>&nbsp;&nbsp;&nbsp;main
</UL>

<P><STRONG><a name="[6f]"></a>Power_on_run</STRONG> (Thumb, 1940 bytes, Stack size 72 bytes, disp.o(i.Power_on_run))
<BR><BR>[Stack]<UL><LI>Max Depth = 240<LI>Call Chain = Power_on_run &rArr; update_pwm_and_write_descending &rArr; __aeabi_dmul &rArr; _double_epilogue &rArr; __aeabi_llsr
</UL>
<BR>[Calls]<UL><LI><a href="#[68]">&gt;&gt;</a>&nbsp;&nbsp;&nbsp;Ram_Clear
<LI><a href="#[4d]">&gt;&gt;</a>&nbsp;&nbsp;&nbsp;__aeabi_ui2d
<LI><a href="#[49]">&gt;&gt;</a>&nbsp;&nbsp;&nbsp;__aeabi_dmul
<LI><a href="#[48]">&gt;&gt;</a>&nbsp;&nbsp;&nbsp;__aeabi_drsub
<LI><a href="#[4a]">&gt;&gt;</a>&nbsp;&nbsp;&nbsp;__aeabi_ddiv
<LI><a href="#[4e]">&gt;&gt;</a>&nbsp;&nbsp;&nbsp;__aeabi_d2uiz
<LI><a href="#[98]">&gt;&gt;</a>&nbsp;&nbsp;&nbsp;update_pwm_and_write_descending
<LI><a href="#[97]">&gt;&gt;</a>&nbsp;&nbsp;&nbsp;update_pwm_and_write
<LI><a href="#[69]">&gt;&gt;</a>&nbsp;&nbsp;&nbsp;display_oil
<LI><a href="#[96]">&gt;&gt;</a>&nbsp;&nbsp;&nbsp;display_logo
<LI><a href="#[6b]">&gt;&gt;</a>&nbsp;&nbsp;&nbsp;display_geras
<LI><a href="#[6a]">&gt;&gt;</a>&nbsp;&nbsp;&nbsp;display_bat
<LI><a href="#[6c]">&gt;&gt;</a>&nbsp;&nbsp;&nbsp;display_Oil_logo
<LI><a href="#[6d]">&gt;&gt;</a>&nbsp;&nbsp;&nbsp;display_Bat_logo
</UL>
<BR>[Called By]<UL><LI><a href="#[67]">&gt;&gt;</a>&nbsp;&nbsp;&nbsp;DISP_Deal
</UL>

<P><STRONG><a name="[68]"></a>Ram_Clear</STRONG> (Thumb, 44 bytes, Stack size 8 bytes, aip33a06.o(i.Ram_Clear))
<BR><BR>[Stack]<UL><LI>Max Depth = 40<LI>Call Chain = Ram_Clear &rArr; AiP33A06_writecmd &rArr; AiP33A06_writebyte &rArr; AiP33A06_ACK &rArr; LL_GPIO_SetPinMode
</UL>
<BR>[Calls]<UL><LI><a href="#[64]">&gt;&gt;</a>&nbsp;&nbsp;&nbsp;iic_stop
<LI><a href="#[63]">&gt;&gt;</a>&nbsp;&nbsp;&nbsp;iic_start
<LI><a href="#[62]">&gt;&gt;</a>&nbsp;&nbsp;&nbsp;AiP33A06_writecmd
<LI><a href="#[61]">&gt;&gt;</a>&nbsp;&nbsp;&nbsp;AiP33A06_writebyte
</UL>
<BR>[Called By]<UL><LI><a href="#[a3]">&gt;&gt;</a>&nbsp;&nbsp;&nbsp;Smok_Disp_Deal
<LI><a href="#[93]">&gt;&gt;</a>&nbsp;&nbsp;&nbsp;Port_Scan
<LI><a href="#[67]">&gt;&gt;</a>&nbsp;&nbsp;&nbsp;DISP_Deal
<LI><a href="#[10]">&gt;&gt;</a>&nbsp;&nbsp;&nbsp;main
<LI><a href="#[a5]">&gt;&gt;</a>&nbsp;&nbsp;&nbsp;low_run
<LI><a href="#[a4]">&gt;&gt;</a>&nbsp;&nbsp;&nbsp;high_run
<LI><a href="#[6f]">&gt;&gt;</a>&nbsp;&nbsp;&nbsp;Power_on_run
<LI><a href="#[9b]">&gt;&gt;</a>&nbsp;&nbsp;&nbsp;dis_sleep
</UL>

<P><STRONG><a name="[3]"></a>SVC_Handler</STRONG> (Thumb, 2 bytes, Stack size 0 bytes, py32c642_it.o(i.SVC_Handler))
<BR>[Address Reference Count : 1]<UL><LI> startup_py32c642xx.o(RESET)
</UL>
<P><STRONG><a name="[8f]"></a>SetShortData</STRONG> (Thumb, 14 bytes, Stack size 0 bytes, out.o(i.SetShortData))
<BR><BR>[Called By]<UL><LI><a href="#[8d]">&gt;&gt;</a>&nbsp;&nbsp;&nbsp;Out_Deal
</UL>

<P><STRONG><a name="[72]"></a>Set_Disp_Num</STRONG> (Thumb, 88 bytes, Stack size 40 bytes, disp.o(i.Set_Disp_Num))
<BR><BR>[Stack]<UL><LI>Max Depth = 48<LI>Call Chain = Set_Disp_Num &rArr; LL_GPIO_SetPinMode
</UL>
<BR>[Calls]<UL><LI><a href="#[91]">&gt;&gt;</a>&nbsp;&nbsp;&nbsp;ClrShortData
<LI><a href="#[7a]">&gt;&gt;</a>&nbsp;&nbsp;&nbsp;Get_Bat_Leve_Map
<LI><a href="#[71]">&gt;&gt;</a>&nbsp;&nbsp;&nbsp;LL_GPIO_SetPinMode
</UL>
<BR>[Called By]<UL><LI><a href="#[93]">&gt;&gt;</a>&nbsp;&nbsp;&nbsp;Port_Scan
<LI><a href="#[8d]">&gt;&gt;</a>&nbsp;&nbsp;&nbsp;Out_Deal
<LI><a href="#[67]">&gt;&gt;</a>&nbsp;&nbsp;&nbsp;DISP_Deal
<LI><a href="#[10]">&gt;&gt;</a>&nbsp;&nbsp;&nbsp;main
</UL>

<P><STRONG><a name="[b8]"></a>ShortIsData</STRONG> (Thumb, 28 bytes, Stack size 0 bytes, out.o(i.ShortIsData))
<BR><BR>[Called By]<UL><LI><a href="#[10]">&gt;&gt;</a>&nbsp;&nbsp;&nbsp;main
</UL>

<P><STRONG><a name="[99]"></a>Sleep</STRONG> (Thumb, 192 bytes, Stack size 24 bytes, sleep.o(i.Sleep))
<BR><BR>[Stack]<UL><LI>Max Depth = 216<LI>Call Chain = Sleep &rArr; enter_stop &rArr; Get_Usb_Ad &rArr; BatVoltage &rArr; Adc_CalBatRef &rArr; __aeabi_dmul &rArr; _double_epilogue &rArr; __aeabi_llsr
</UL>
<BR>[Calls]<UL><LI><a href="#[7e]">&gt;&gt;</a>&nbsp;&nbsp;&nbsp;Get_Power_Rest_BatLeve
<LI><a href="#[9a]">&gt;&gt;</a>&nbsp;&nbsp;&nbsp;LL_GPIO_IsInputPinSet
<LI><a href="#[9b]">&gt;&gt;</a>&nbsp;&nbsp;&nbsp;dis_sleep
<LI><a href="#[9c]">&gt;&gt;</a>&nbsp;&nbsp;&nbsp;enter_stop
<LI><a href="#[85]">&gt;&gt;</a>&nbsp;&nbsp;&nbsp;Gpio_Wake
</UL>
<BR>[Called By]<UL><LI><a href="#[10]">&gt;&gt;</a>&nbsp;&nbsp;&nbsp;main
</UL>

<P><STRONG><a name="[9d]"></a>Sleep_Gpio</STRONG> (Thumb, 536 bytes, Stack size 72 bytes, sleep.o(i.Sleep_Gpio))
<BR><BR>[Stack]<UL><LI>Max Depth = 92<LI>Call Chain = Sleep_Gpio &rArr; LL_GPIO_Init
</UL>
<BR>[Calls]<UL><LI><a href="#[a0]">&gt;&gt;</a>&nbsp;&nbsp;&nbsp;LL_EXTI_Init
<LI><a href="#[9f]">&gt;&gt;</a>&nbsp;&nbsp;&nbsp;LL_GPIO_Init
<LI><a href="#[a2]">&gt;&gt;</a>&nbsp;&nbsp;&nbsp;NVIC_SetPriority
<LI><a href="#[8a]">&gt;&gt;</a>&nbsp;&nbsp;&nbsp;LL_GPIO_SetPinSpeed
<LI><a href="#[89]">&gt;&gt;</a>&nbsp;&nbsp;&nbsp;LL_GPIO_SetPinPull
<LI><a href="#[88]">&gt;&gt;</a>&nbsp;&nbsp;&nbsp;LL_GPIO_SetPinOutputType
<LI><a href="#[87]">&gt;&gt;</a>&nbsp;&nbsp;&nbsp;LL_GPIO_SetPinMode
<LI><a href="#[a1]">&gt;&gt;</a>&nbsp;&nbsp;&nbsp;LL_EXTI_SetEXTISource
<LI><a href="#[9e]">&gt;&gt;</a>&nbsp;&nbsp;&nbsp;__aeabi_memclr4
</UL>
<BR>[Called By]<UL><LI><a href="#[9c]">&gt;&gt;</a>&nbsp;&nbsp;&nbsp;enter_stop
</UL>

<P><STRONG><a name="[a3]"></a>Smok_Disp_Deal</STRONG> (Thumb, 340 bytes, Stack size 24 bytes, disp.o(i.Smok_Disp_Deal))
<BR><BR>[Stack]<UL><LI>Max Depth = 224<LI>Call Chain = Smok_Disp_Deal &rArr; low_run &rArr; update_pwm_and_write_descending &rArr; __aeabi_dmul &rArr; _double_epilogue &rArr; __aeabi_llsr
</UL>
<BR>[Calls]<UL><LI><a href="#[70]">&gt;&gt;</a>&nbsp;&nbsp;&nbsp;sysinit
<LI><a href="#[68]">&gt;&gt;</a>&nbsp;&nbsp;&nbsp;Ram_Clear
<LI><a href="#[65]">&gt;&gt;</a>&nbsp;&nbsp;&nbsp;BatVoltage
<LI><a href="#[a5]">&gt;&gt;</a>&nbsp;&nbsp;&nbsp;low_run
<LI><a href="#[a4]">&gt;&gt;</a>&nbsp;&nbsp;&nbsp;high_run
<LI><a href="#[69]">&gt;&gt;</a>&nbsp;&nbsp;&nbsp;display_oil
<LI><a href="#[96]">&gt;&gt;</a>&nbsp;&nbsp;&nbsp;display_logo
<LI><a href="#[6a]">&gt;&gt;</a>&nbsp;&nbsp;&nbsp;display_bat
<LI><a href="#[6c]">&gt;&gt;</a>&nbsp;&nbsp;&nbsp;display_Oil_logo
<LI><a href="#[6d]">&gt;&gt;</a>&nbsp;&nbsp;&nbsp;display_Bat_logo
</UL>
<BR>[Called By]<UL><LI><a href="#[10]">&gt;&gt;</a>&nbsp;&nbsp;&nbsp;main
</UL>

<P><STRONG><a name="[8e]"></a>Smok_Start_Bat_Leve_Deal</STRONG> (Thumb, 66 bytes, Stack size 8 bytes, baterry.o(i.Smok_Start_Bat_Leve_Deal))
<BR><BR>[Stack]<UL><LI>Max Depth = 8<LI>Call Chain = Smok_Start_Bat_Leve_Deal
</UL>
<BR>[Calls]<UL><LI><a href="#[7a]">&gt;&gt;</a>&nbsp;&nbsp;&nbsp;Get_Bat_Leve_Map
</UL>
<BR>[Called By]<UL><LI><a href="#[8d]">&gt;&gt;</a>&nbsp;&nbsp;&nbsp;Out_Deal
</UL>

<P><STRONG><a name="[5]"></a>SysTick_Handler</STRONG> (Thumb, 2 bytes, Stack size 0 bytes, py32c642_it.o(i.SysTick_Handler))
<BR>[Address Reference Count : 1]<UL><LI> startup_py32c642xx.o(RESET)
</UL>
<P><STRONG><a name="[11]"></a>SystemInit</STRONG> (Thumb, 50 bytes, Stack size 8 bytes, system_py32c642.o(i.SystemInit))
<BR><BR>[Stack]<UL><LI>Max Depth = 16<LI>Call Chain = SystemInit &rArr; DelayTime
</UL>
<BR>[Calls]<UL><LI><a href="#[a6]">&gt;&gt;</a>&nbsp;&nbsp;&nbsp;DelayTime
</UL>
<BR>[Address Reference Count : 1]<UL><LI> startup_py32c642xx.o(.text)
</UL>
<P><STRONG><a name="[f]"></a>TIM14_IRQHandler</STRONG> (Thumb, 332 bytes, Stack size 24 bytes, py32c642_it.o(i.TIM14_IRQHandler))
<BR><BR>[Stack]<UL><LI>Max Depth = 44<LI>Call Chain = TIM14_IRQHandler &rArr; Get_Oil_Leve &rArr; __aeabi_uidivmod
</UL>
<BR>[Calls]<UL><LI><a href="#[7b]">&gt;&gt;</a>&nbsp;&nbsp;&nbsp;Get_Oil_Leve
</UL>
<BR>[Address Reference Count : 1]<UL><LI> startup_py32c642xx.o(RESET)
</UL>
<P><STRONG><a name="[c]"></a>TIM1_BRK_UP_TRG_COM_IRQHandler</STRONG> (Thumb, 26 bytes, Stack size 0 bytes, py32c642_it.o(i.TIM1_BRK_UP_TRG_COM_IRQHandler))
<BR>[Address Reference Count : 1]<UL><LI> startup_py32c642xx.o(RESET)
</UL>
<P><STRONG><a name="[52]"></a>__ARM_clz</STRONG> (Thumb, 46 bytes, Stack size 0 bytes, depilogue.o(i.__ARM_clz))
<BR><BR>[Called By]<UL><LI><a href="#[45]">&gt;&gt;</a>&nbsp;&nbsp;&nbsp;_double_epilogue
</UL>

<P><STRONG><a name="[a7]"></a>__ARM_common_switch8</STRONG> (Thumb, 26 bytes, Stack size 8 bytes, adc.o(i.__ARM_common_switch8))
<BR><BR>[Stack]<UL><LI>Max Depth = 8<LI>Call Chain = __ARM_common_switch8
</UL>
<BR>[Called By]<UL><LI><a href="#[77]">&gt;&gt;</a>&nbsp;&nbsp;&nbsp;adc_channel_config
</UL>

<P><STRONG><a name="[d0]"></a>__scatterload_copy</STRONG> (Thumb, 14 bytes, Stack size unknown bytes, handlers.o(i.__scatterload_copy), UNUSED)

<P><STRONG><a name="[d1]"></a>__scatterload_null</STRONG> (Thumb, 2 bytes, Stack size unknown bytes, handlers.o(i.__scatterload_null), UNUSED)

<P><STRONG><a name="[d2]"></a>__scatterload_zeroinit</STRONG> (Thumb, 14 bytes, Stack size unknown bytes, handlers.o(i.__scatterload_zeroinit), UNUSED)

<P><STRONG><a name="[60]"></a>_delay_us</STRONG> (Thumb, 16 bytes, Stack size 0 bytes, aip33a06.o(i._delay_us))
<BR><BR>[Called By]<UL><LI><a href="#[64]">&gt;&gt;</a>&nbsp;&nbsp;&nbsp;iic_stop
<LI><a href="#[63]">&gt;&gt;</a>&nbsp;&nbsp;&nbsp;iic_start
<LI><a href="#[61]">&gt;&gt;</a>&nbsp;&nbsp;&nbsp;AiP33A06_writebyte
<LI><a href="#[5e]">&gt;&gt;</a>&nbsp;&nbsp;&nbsp;AiP33A06_ACK
</UL>

<P><STRONG><a name="[77]"></a>adc_channel_config</STRONG> (Thumb, 182 bytes, Stack size 16 bytes, adc.o(i.adc_channel_config))
<BR><BR>[Stack]<UL><LI>Max Depth = 24<LI>Call Chain = adc_channel_config &rArr; __ARM_common_switch8
</UL>
<BR>[Calls]<UL><LI><a href="#[a7]">&gt;&gt;</a>&nbsp;&nbsp;&nbsp;__ARM_common_switch8
<LI><a href="#[a8]">&gt;&gt;</a>&nbsp;&nbsp;&nbsp;LL_GPIO_SetPinMode
</UL>
<BR>[Called By]<UL><LI><a href="#[66]">&gt;&gt;</a>&nbsp;&nbsp;&nbsp;GetADCValue
</UL>

<P><STRONG><a name="[76]"></a>adc_disable</STRONG> (Thumb, 14 bytes, Stack size 0 bytes, adc.o(i.adc_disable))
<BR><BR>[Called By]<UL><LI><a href="#[66]">&gt;&gt;</a>&nbsp;&nbsp;&nbsp;GetADCValue
<LI><a href="#[9c]">&gt;&gt;</a>&nbsp;&nbsp;&nbsp;enter_stop
</UL>

<P><STRONG><a name="[78]"></a>adc_enable</STRONG> (Thumb, 22 bytes, Stack size 4 bytes, adc.o(i.adc_enable))
<BR><BR>[Stack]<UL><LI>Max Depth = 4<LI>Call Chain = adc_enable
</UL>
<BR>[Calls]<UL><LI><a href="#[a9]">&gt;&gt;</a>&nbsp;&nbsp;&nbsp;delay_us
</UL>
<BR>[Called By]<UL><LI><a href="#[66]">&gt;&gt;</a>&nbsp;&nbsp;&nbsp;GetADCValue
</UL>

<P><STRONG><a name="[aa]"></a>adc_init</STRONG> (Thumb, 138 bytes, Stack size 56 bytes, adc.o(i.adc_init))
<BR><BR>[Stack]<UL><LI>Max Depth = 72<LI>Call Chain = adc_init &rArr; LL_ADC_Init
</UL>
<BR>[Calls]<UL><LI><a href="#[ad]">&gt;&gt;</a>&nbsp;&nbsp;&nbsp;LL_mDelay
<LI><a href="#[ac]">&gt;&gt;</a>&nbsp;&nbsp;&nbsp;LL_ADC_REG_Init
<LI><a href="#[ab]">&gt;&gt;</a>&nbsp;&nbsp;&nbsp;LL_ADC_Init
</UL>
<BR>[Called By]<UL><LI><a href="#[10]">&gt;&gt;</a>&nbsp;&nbsp;&nbsp;main
</UL>

<P><STRONG><a name="[a9]"></a>delay_us</STRONG> (Thumb, 26 bytes, Stack size 0 bytes, adc.o(i.delay_us))
<BR><BR>[Called By]<UL><LI><a href="#[b1]">&gt;&gt;</a>&nbsp;&nbsp;&nbsp;lptim_start
<LI><a href="#[78]">&gt;&gt;</a>&nbsp;&nbsp;&nbsp;adc_enable
</UL>

<P><STRONG><a name="[9b]"></a>dis_sleep</STRONG> (Thumb, 14 bytes, Stack size 8 bytes, aip33a06.o(i.dis_sleep))
<BR><BR>[Stack]<UL><LI>Max Depth = 48<LI>Call Chain = dis_sleep &rArr; Ram_Clear &rArr; AiP33A06_writecmd &rArr; AiP33A06_writebyte &rArr; AiP33A06_ACK &rArr; LL_GPIO_SetPinMode
</UL>
<BR>[Calls]<UL><LI><a href="#[68]">&gt;&gt;</a>&nbsp;&nbsp;&nbsp;Ram_Clear
<LI><a href="#[62]">&gt;&gt;</a>&nbsp;&nbsp;&nbsp;AiP33A06_writecmd
</UL>
<BR>[Called By]<UL><LI><a href="#[99]">&gt;&gt;</a>&nbsp;&nbsp;&nbsp;Sleep
</UL>

<P><STRONG><a name="[6e]"></a>display</STRONG> (Thumb, 40 bytes, Stack size 8 bytes, aip33a06.o(i.display))
<BR><BR>[Stack]<UL><LI>Max Depth = 32<LI>Call Chain = display &rArr; AiP33A06_writebyte &rArr; AiP33A06_ACK &rArr; LL_GPIO_SetPinMode
</UL>
<BR>[Calls]<UL><LI><a href="#[64]">&gt;&gt;</a>&nbsp;&nbsp;&nbsp;iic_stop
<LI><a href="#[63]">&gt;&gt;</a>&nbsp;&nbsp;&nbsp;iic_start
<LI><a href="#[61]">&gt;&gt;</a>&nbsp;&nbsp;&nbsp;AiP33A06_writebyte
</UL>
<BR>[Called By]<UL><LI><a href="#[67]">&gt;&gt;</a>&nbsp;&nbsp;&nbsp;DISP_Deal
</UL>

<P><STRONG><a name="[6d]"></a>display_Bat_logo</STRONG> (Thumb, 22 bytes, Stack size 8 bytes, disp.o(i.display_Bat_logo))
<BR><BR>[Stack]<UL><LI>Max Depth = 56<LI>Call Chain = display_Bat_logo &rArr; write_data &rArr; AiP33A06_writecmd &rArr; AiP33A06_writebyte &rArr; AiP33A06_ACK &rArr; LL_GPIO_SetPinMode
</UL>
<BR>[Calls]<UL><LI><a href="#[ae]">&gt;&gt;</a>&nbsp;&nbsp;&nbsp;write_data
</UL>
<BR>[Called By]<UL><LI><a href="#[a3]">&gt;&gt;</a>&nbsp;&nbsp;&nbsp;Smok_Disp_Deal
<LI><a href="#[67]">&gt;&gt;</a>&nbsp;&nbsp;&nbsp;DISP_Deal
<LI><a href="#[6f]">&gt;&gt;</a>&nbsp;&nbsp;&nbsp;Power_on_run
</UL>

<P><STRONG><a name="[6c]"></a>display_Oil_logo</STRONG> (Thumb, 12 bytes, Stack size 8 bytes, disp.o(i.display_Oil_logo))
<BR><BR>[Stack]<UL><LI>Max Depth = 56<LI>Call Chain = display_Oil_logo &rArr; write_data &rArr; AiP33A06_writecmd &rArr; AiP33A06_writebyte &rArr; AiP33A06_ACK &rArr; LL_GPIO_SetPinMode
</UL>
<BR>[Calls]<UL><LI><a href="#[ae]">&gt;&gt;</a>&nbsp;&nbsp;&nbsp;write_data
</UL>
<BR>[Called By]<UL><LI><a href="#[a3]">&gt;&gt;</a>&nbsp;&nbsp;&nbsp;Smok_Disp_Deal
<LI><a href="#[67]">&gt;&gt;</a>&nbsp;&nbsp;&nbsp;DISP_Deal
<LI><a href="#[6f]">&gt;&gt;</a>&nbsp;&nbsp;&nbsp;Power_on_run
</UL>

<P><STRONG><a name="[6a]"></a>display_bat</STRONG> (Thumb, 158 bytes, Stack size 40 bytes, disp.o(i.display_bat))
<BR><BR>[Stack]<UL><LI>Max Depth = 96<LI>Call Chain = display_bat &rArr; display_bat_100 &rArr; write_data &rArr; AiP33A06_writecmd &rArr; AiP33A06_writebyte &rArr; AiP33A06_ACK &rArr; LL_GPIO_SetPinMode
</UL>
<BR>[Calls]<UL><LI><a href="#[af]">&gt;&gt;</a>&nbsp;&nbsp;&nbsp;display_bat_100
<LI><a href="#[5a]">&gt;&gt;</a>&nbsp;&nbsp;&nbsp;__aeabi_uidivmod
</UL>
<BR>[Called By]<UL><LI><a href="#[a3]">&gt;&gt;</a>&nbsp;&nbsp;&nbsp;Smok_Disp_Deal
<LI><a href="#[67]">&gt;&gt;</a>&nbsp;&nbsp;&nbsp;DISP_Deal
<LI><a href="#[6f]">&gt;&gt;</a>&nbsp;&nbsp;&nbsp;Power_on_run
</UL>

<P><STRONG><a name="[af]"></a>display_bat_100</STRONG> (Thumb, 12 bytes, Stack size 8 bytes, disp.o(i.display_bat_100))
<BR><BR>[Stack]<UL><LI>Max Depth = 56<LI>Call Chain = display_bat_100 &rArr; write_data &rArr; AiP33A06_writecmd &rArr; AiP33A06_writebyte &rArr; AiP33A06_ACK &rArr; LL_GPIO_SetPinMode
</UL>
<BR>[Calls]<UL><LI><a href="#[ae]">&gt;&gt;</a>&nbsp;&nbsp;&nbsp;write_data
</UL>
<BR>[Called By]<UL><LI><a href="#[6a]">&gt;&gt;</a>&nbsp;&nbsp;&nbsp;display_bat
</UL>

<P><STRONG><a name="[13]"></a>display_bat_bit0</STRONG> (Thumb, 54 bytes, Stack size 8 bytes, disp.o(i.display_bat_bit0))
<BR><BR>[Stack]<UL><LI>Max Depth = 56<LI>Call Chain = display_bat_bit0 &rArr; write_data &rArr; AiP33A06_writecmd &rArr; AiP33A06_writebyte &rArr; AiP33A06_ACK &rArr; LL_GPIO_SetPinMode
</UL>
<BR>[Calls]<UL><LI><a href="#[ae]">&gt;&gt;</a>&nbsp;&nbsp;&nbsp;write_data
</UL>
<BR>[Address Reference Count : 1]<UL><LI> disp.o(.data)
</UL>
<P><STRONG><a name="[14]"></a>display_bat_bit1</STRONG> (Thumb, 22 bytes, Stack size 8 bytes, disp.o(i.display_bat_bit1))
<BR><BR>[Stack]<UL><LI>Max Depth = 56<LI>Call Chain = display_bat_bit1 &rArr; write_data &rArr; AiP33A06_writecmd &rArr; AiP33A06_writebyte &rArr; AiP33A06_ACK &rArr; LL_GPIO_SetPinMode
</UL>
<BR>[Calls]<UL><LI><a href="#[ae]">&gt;&gt;</a>&nbsp;&nbsp;&nbsp;write_data
</UL>
<BR>[Address Reference Count : 1]<UL><LI> disp.o(.data)
</UL>
<P><STRONG><a name="[15]"></a>display_bat_bit2</STRONG> (Thumb, 46 bytes, Stack size 8 bytes, disp.o(i.display_bat_bit2))
<BR><BR>[Stack]<UL><LI>Max Depth = 56<LI>Call Chain = display_bat_bit2 &rArr; write_data &rArr; AiP33A06_writecmd &rArr; AiP33A06_writebyte &rArr; AiP33A06_ACK &rArr; LL_GPIO_SetPinMode
</UL>
<BR>[Calls]<UL><LI><a href="#[ae]">&gt;&gt;</a>&nbsp;&nbsp;&nbsp;write_data
</UL>
<BR>[Address Reference Count : 1]<UL><LI> disp.o(.data)
</UL>
<P><STRONG><a name="[16]"></a>display_bat_bit3</STRONG> (Thumb, 46 bytes, Stack size 8 bytes, disp.o(i.display_bat_bit3))
<BR><BR>[Stack]<UL><LI>Max Depth = 56<LI>Call Chain = display_bat_bit3 &rArr; write_data &rArr; AiP33A06_writecmd &rArr; AiP33A06_writebyte &rArr; AiP33A06_ACK &rArr; LL_GPIO_SetPinMode
</UL>
<BR>[Calls]<UL><LI><a href="#[ae]">&gt;&gt;</a>&nbsp;&nbsp;&nbsp;write_data
</UL>
<BR>[Address Reference Count : 1]<UL><LI> disp.o(.data)
</UL>
<P><STRONG><a name="[17]"></a>display_bat_bit4</STRONG> (Thumb, 38 bytes, Stack size 8 bytes, disp.o(i.display_bat_bit4))
<BR><BR>[Stack]<UL><LI>Max Depth = 56<LI>Call Chain = display_bat_bit4 &rArr; write_data &rArr; AiP33A06_writecmd &rArr; AiP33A06_writebyte &rArr; AiP33A06_ACK &rArr; LL_GPIO_SetPinMode
</UL>
<BR>[Calls]<UL><LI><a href="#[ae]">&gt;&gt;</a>&nbsp;&nbsp;&nbsp;write_data
</UL>
<BR>[Address Reference Count : 1]<UL><LI> disp.o(.data)
</UL>
<P><STRONG><a name="[18]"></a>display_bat_bit5</STRONG> (Thumb, 46 bytes, Stack size 8 bytes, disp.o(i.display_bat_bit5))
<BR><BR>[Stack]<UL><LI>Max Depth = 56<LI>Call Chain = display_bat_bit5 &rArr; write_data &rArr; AiP33A06_writecmd &rArr; AiP33A06_writebyte &rArr; AiP33A06_ACK &rArr; LL_GPIO_SetPinMode
</UL>
<BR>[Calls]<UL><LI><a href="#[ae]">&gt;&gt;</a>&nbsp;&nbsp;&nbsp;write_data
</UL>
<BR>[Address Reference Count : 1]<UL><LI> disp.o(.data)
</UL>
<P><STRONG><a name="[19]"></a>display_bat_bit6</STRONG> (Thumb, 54 bytes, Stack size 8 bytes, disp.o(i.display_bat_bit6))
<BR><BR>[Stack]<UL><LI>Max Depth = 56<LI>Call Chain = display_bat_bit6 &rArr; write_data &rArr; AiP33A06_writecmd &rArr; AiP33A06_writebyte &rArr; AiP33A06_ACK &rArr; LL_GPIO_SetPinMode
</UL>
<BR>[Calls]<UL><LI><a href="#[ae]">&gt;&gt;</a>&nbsp;&nbsp;&nbsp;write_data
</UL>
<BR>[Address Reference Count : 1]<UL><LI> disp.o(.data)
</UL>
<P><STRONG><a name="[1a]"></a>display_bat_bit7</STRONG> (Thumb, 30 bytes, Stack size 8 bytes, disp.o(i.display_bat_bit7))
<BR><BR>[Stack]<UL><LI>Max Depth = 56<LI>Call Chain = display_bat_bit7 &rArr; write_data &rArr; AiP33A06_writecmd &rArr; AiP33A06_writebyte &rArr; AiP33A06_ACK &rArr; LL_GPIO_SetPinMode
</UL>
<BR>[Calls]<UL><LI><a href="#[ae]">&gt;&gt;</a>&nbsp;&nbsp;&nbsp;write_data
</UL>
<BR>[Address Reference Count : 1]<UL><LI> disp.o(.data)
</UL>
<P><STRONG><a name="[1b]"></a>display_bat_bit8</STRONG> (Thumb, 62 bytes, Stack size 8 bytes, disp.o(i.display_bat_bit8))
<BR><BR>[Stack]<UL><LI>Max Depth = 56<LI>Call Chain = display_bat_bit8 &rArr; write_data &rArr; AiP33A06_writecmd &rArr; AiP33A06_writebyte &rArr; AiP33A06_ACK &rArr; LL_GPIO_SetPinMode
</UL>
<BR>[Calls]<UL><LI><a href="#[ae]">&gt;&gt;</a>&nbsp;&nbsp;&nbsp;write_data
</UL>
<BR>[Address Reference Count : 1]<UL><LI> disp.o(.data)
</UL>
<P><STRONG><a name="[1c]"></a>display_bat_bit9</STRONG> (Thumb, 54 bytes, Stack size 8 bytes, disp.o(i.display_bat_bit9))
<BR><BR>[Stack]<UL><LI>Max Depth = 56<LI>Call Chain = display_bat_bit9 &rArr; write_data &rArr; AiP33A06_writecmd &rArr; AiP33A06_writebyte &rArr; AiP33A06_ACK &rArr; LL_GPIO_SetPinMode
</UL>
<BR>[Calls]<UL><LI><a href="#[ae]">&gt;&gt;</a>&nbsp;&nbsp;&nbsp;write_data
</UL>
<BR>[Address Reference Count : 1]<UL><LI> disp.o(.data)
</UL>
<P><STRONG><a name="[1d]"></a>display_bat_ten0</STRONG> (Thumb, 54 bytes, Stack size 8 bytes, disp.o(i.display_bat_ten0))
<BR><BR>[Stack]<UL><LI>Max Depth = 56<LI>Call Chain = display_bat_ten0 &rArr; write_data &rArr; AiP33A06_writecmd &rArr; AiP33A06_writebyte &rArr; AiP33A06_ACK &rArr; LL_GPIO_SetPinMode
</UL>
<BR>[Calls]<UL><LI><a href="#[ae]">&gt;&gt;</a>&nbsp;&nbsp;&nbsp;write_data
</UL>
<BR>[Address Reference Count : 1]<UL><LI> disp.o(.data)
</UL>
<P><STRONG><a name="[1e]"></a>display_bat_ten1</STRONG> (Thumb, 22 bytes, Stack size 8 bytes, disp.o(i.display_bat_ten1))
<BR><BR>[Stack]<UL><LI>Max Depth = 56<LI>Call Chain = display_bat_ten1 &rArr; write_data &rArr; AiP33A06_writecmd &rArr; AiP33A06_writebyte &rArr; AiP33A06_ACK &rArr; LL_GPIO_SetPinMode
</UL>
<BR>[Calls]<UL><LI><a href="#[ae]">&gt;&gt;</a>&nbsp;&nbsp;&nbsp;write_data
</UL>
<BR>[Address Reference Count : 1]<UL><LI> disp.o(.data)
</UL>
<P><STRONG><a name="[1f]"></a>display_bat_ten2</STRONG> (Thumb, 46 bytes, Stack size 8 bytes, disp.o(i.display_bat_ten2))
<BR><BR>[Stack]<UL><LI>Max Depth = 56<LI>Call Chain = display_bat_ten2 &rArr; write_data &rArr; AiP33A06_writecmd &rArr; AiP33A06_writebyte &rArr; AiP33A06_ACK &rArr; LL_GPIO_SetPinMode
</UL>
<BR>[Calls]<UL><LI><a href="#[ae]">&gt;&gt;</a>&nbsp;&nbsp;&nbsp;write_data
</UL>
<BR>[Address Reference Count : 1]<UL><LI> disp.o(.data)
</UL>
<P><STRONG><a name="[20]"></a>display_bat_ten3</STRONG> (Thumb, 46 bytes, Stack size 8 bytes, disp.o(i.display_bat_ten3))
<BR><BR>[Stack]<UL><LI>Max Depth = 56<LI>Call Chain = display_bat_ten3 &rArr; write_data &rArr; AiP33A06_writecmd &rArr; AiP33A06_writebyte &rArr; AiP33A06_ACK &rArr; LL_GPIO_SetPinMode
</UL>
<BR>[Calls]<UL><LI><a href="#[ae]">&gt;&gt;</a>&nbsp;&nbsp;&nbsp;write_data
</UL>
<BR>[Address Reference Count : 1]<UL><LI> disp.o(.data)
</UL>
<P><STRONG><a name="[21]"></a>display_bat_ten4</STRONG> (Thumb, 38 bytes, Stack size 8 bytes, disp.o(i.display_bat_ten4))
<BR><BR>[Stack]<UL><LI>Max Depth = 56<LI>Call Chain = display_bat_ten4 &rArr; write_data &rArr; AiP33A06_writecmd &rArr; AiP33A06_writebyte &rArr; AiP33A06_ACK &rArr; LL_GPIO_SetPinMode
</UL>
<BR>[Calls]<UL><LI><a href="#[ae]">&gt;&gt;</a>&nbsp;&nbsp;&nbsp;write_data
</UL>
<BR>[Address Reference Count : 1]<UL><LI> disp.o(.data)
</UL>
<P><STRONG><a name="[22]"></a>display_bat_ten5</STRONG> (Thumb, 46 bytes, Stack size 8 bytes, disp.o(i.display_bat_ten5))
<BR><BR>[Stack]<UL><LI>Max Depth = 56<LI>Call Chain = display_bat_ten5 &rArr; write_data &rArr; AiP33A06_writecmd &rArr; AiP33A06_writebyte &rArr; AiP33A06_ACK &rArr; LL_GPIO_SetPinMode
</UL>
<BR>[Calls]<UL><LI><a href="#[ae]">&gt;&gt;</a>&nbsp;&nbsp;&nbsp;write_data
</UL>
<BR>[Address Reference Count : 1]<UL><LI> disp.o(.data)
</UL>
<P><STRONG><a name="[23]"></a>display_bat_ten6</STRONG> (Thumb, 54 bytes, Stack size 8 bytes, disp.o(i.display_bat_ten6))
<BR><BR>[Stack]<UL><LI>Max Depth = 56<LI>Call Chain = display_bat_ten6 &rArr; write_data &rArr; AiP33A06_writecmd &rArr; AiP33A06_writebyte &rArr; AiP33A06_ACK &rArr; LL_GPIO_SetPinMode
</UL>
<BR>[Calls]<UL><LI><a href="#[ae]">&gt;&gt;</a>&nbsp;&nbsp;&nbsp;write_data
</UL>
<BR>[Address Reference Count : 1]<UL><LI> disp.o(.data)
</UL>
<P><STRONG><a name="[24]"></a>display_bat_ten7</STRONG> (Thumb, 30 bytes, Stack size 8 bytes, disp.o(i.display_bat_ten7))
<BR><BR>[Stack]<UL><LI>Max Depth = 56<LI>Call Chain = display_bat_ten7 &rArr; write_data &rArr; AiP33A06_writecmd &rArr; AiP33A06_writebyte &rArr; AiP33A06_ACK &rArr; LL_GPIO_SetPinMode
</UL>
<BR>[Calls]<UL><LI><a href="#[ae]">&gt;&gt;</a>&nbsp;&nbsp;&nbsp;write_data
</UL>
<BR>[Address Reference Count : 1]<UL><LI> disp.o(.data)
</UL>
<P><STRONG><a name="[25]"></a>display_bat_ten8</STRONG> (Thumb, 62 bytes, Stack size 8 bytes, disp.o(i.display_bat_ten8))
<BR><BR>[Stack]<UL><LI>Max Depth = 56<LI>Call Chain = display_bat_ten8 &rArr; write_data &rArr; AiP33A06_writecmd &rArr; AiP33A06_writebyte &rArr; AiP33A06_ACK &rArr; LL_GPIO_SetPinMode
</UL>
<BR>[Calls]<UL><LI><a href="#[ae]">&gt;&gt;</a>&nbsp;&nbsp;&nbsp;write_data
</UL>
<BR>[Address Reference Count : 1]<UL><LI> disp.o(.data)
</UL>
<P><STRONG><a name="[26]"></a>display_bat_ten9</STRONG> (Thumb, 54 bytes, Stack size 8 bytes, disp.o(i.display_bat_ten9))
<BR><BR>[Stack]<UL><LI>Max Depth = 56<LI>Call Chain = display_bat_ten9 &rArr; write_data &rArr; AiP33A06_writecmd &rArr; AiP33A06_writebyte &rArr; AiP33A06_ACK &rArr; LL_GPIO_SetPinMode
</UL>
<BR>[Calls]<UL><LI><a href="#[ae]">&gt;&gt;</a>&nbsp;&nbsp;&nbsp;write_data
</UL>
<BR>[Address Reference Count : 1]<UL><LI> disp.o(.data)
</UL>
<P><STRONG><a name="[6b]"></a>display_geras</STRONG> (Thumb, 132 bytes, Stack size 8 bytes, disp.o(i.display_geras))
<BR><BR>[Stack]<UL><LI>Max Depth = 56<LI>Call Chain = display_geras &rArr; write_data &rArr; AiP33A06_writecmd &rArr; AiP33A06_writebyte &rArr; AiP33A06_ACK &rArr; LL_GPIO_SetPinMode
</UL>
<BR>[Calls]<UL><LI><a href="#[ae]">&gt;&gt;</a>&nbsp;&nbsp;&nbsp;write_data
</UL>
<BR>[Called By]<UL><LI><a href="#[67]">&gt;&gt;</a>&nbsp;&nbsp;&nbsp;DISP_Deal
<LI><a href="#[a5]">&gt;&gt;</a>&nbsp;&nbsp;&nbsp;low_run
<LI><a href="#[a4]">&gt;&gt;</a>&nbsp;&nbsp;&nbsp;high_run
<LI><a href="#[6f]">&gt;&gt;</a>&nbsp;&nbsp;&nbsp;Power_on_run
</UL>

<P><STRONG><a name="[96]"></a>display_logo</STRONG> (Thumb, 12 bytes, Stack size 8 bytes, disp.o(i.display_logo))
<BR><BR>[Stack]<UL><LI>Max Depth = 56<LI>Call Chain = display_logo &rArr; write_data &rArr; AiP33A06_writecmd &rArr; AiP33A06_writebyte &rArr; AiP33A06_ACK &rArr; LL_GPIO_SetPinMode
</UL>
<BR>[Calls]<UL><LI><a href="#[ae]">&gt;&gt;</a>&nbsp;&nbsp;&nbsp;write_data
</UL>
<BR>[Called By]<UL><LI><a href="#[a3]">&gt;&gt;</a>&nbsp;&nbsp;&nbsp;Smok_Disp_Deal
<LI><a href="#[6f]">&gt;&gt;</a>&nbsp;&nbsp;&nbsp;Power_on_run
</UL>

<P><STRONG><a name="[69]"></a>display_oil</STRONG> (Thumb, 164 bytes, Stack size 40 bytes, disp.o(i.display_oil))
<BR><BR>[Stack]<UL><LI>Max Depth = 96<LI>Call Chain = display_oil &rArr; display_oil_100 &rArr; write_data &rArr; AiP33A06_writecmd &rArr; AiP33A06_writebyte &rArr; AiP33A06_ACK &rArr; LL_GPIO_SetPinMode
</UL>
<BR>[Calls]<UL><LI><a href="#[b0]">&gt;&gt;</a>&nbsp;&nbsp;&nbsp;display_oil_100
<LI><a href="#[5a]">&gt;&gt;</a>&nbsp;&nbsp;&nbsp;__aeabi_uidivmod
</UL>
<BR>[Called By]<UL><LI><a href="#[a3]">&gt;&gt;</a>&nbsp;&nbsp;&nbsp;Smok_Disp_Deal
<LI><a href="#[67]">&gt;&gt;</a>&nbsp;&nbsp;&nbsp;DISP_Deal
<LI><a href="#[6f]">&gt;&gt;</a>&nbsp;&nbsp;&nbsp;Power_on_run
</UL>

<P><STRONG><a name="[b0]"></a>display_oil_100</STRONG> (Thumb, 12 bytes, Stack size 8 bytes, disp.o(i.display_oil_100))
<BR><BR>[Stack]<UL><LI>Max Depth = 56<LI>Call Chain = display_oil_100 &rArr; write_data &rArr; AiP33A06_writecmd &rArr; AiP33A06_writebyte &rArr; AiP33A06_ACK &rArr; LL_GPIO_SetPinMode
</UL>
<BR>[Calls]<UL><LI><a href="#[ae]">&gt;&gt;</a>&nbsp;&nbsp;&nbsp;write_data
</UL>
<BR>[Called By]<UL><LI><a href="#[69]">&gt;&gt;</a>&nbsp;&nbsp;&nbsp;display_oil
</UL>

<P><STRONG><a name="[27]"></a>display_oil_bit0</STRONG> (Thumb, 54 bytes, Stack size 8 bytes, disp.o(i.display_oil_bit0))
<BR><BR>[Stack]<UL><LI>Max Depth = 56<LI>Call Chain = display_oil_bit0 &rArr; write_data &rArr; AiP33A06_writecmd &rArr; AiP33A06_writebyte &rArr; AiP33A06_ACK &rArr; LL_GPIO_SetPinMode
</UL>
<BR>[Calls]<UL><LI><a href="#[ae]">&gt;&gt;</a>&nbsp;&nbsp;&nbsp;write_data
</UL>
<BR>[Address Reference Count : 1]<UL><LI> disp.o(.data)
</UL>
<P><STRONG><a name="[28]"></a>display_oil_bit1</STRONG> (Thumb, 22 bytes, Stack size 8 bytes, disp.o(i.display_oil_bit1))
<BR><BR>[Stack]<UL><LI>Max Depth = 56<LI>Call Chain = display_oil_bit1 &rArr; write_data &rArr; AiP33A06_writecmd &rArr; AiP33A06_writebyte &rArr; AiP33A06_ACK &rArr; LL_GPIO_SetPinMode
</UL>
<BR>[Calls]<UL><LI><a href="#[ae]">&gt;&gt;</a>&nbsp;&nbsp;&nbsp;write_data
</UL>
<BR>[Address Reference Count : 1]<UL><LI> disp.o(.data)
</UL>
<P><STRONG><a name="[29]"></a>display_oil_bit2</STRONG> (Thumb, 46 bytes, Stack size 8 bytes, disp.o(i.display_oil_bit2))
<BR><BR>[Stack]<UL><LI>Max Depth = 56<LI>Call Chain = display_oil_bit2 &rArr; write_data &rArr; AiP33A06_writecmd &rArr; AiP33A06_writebyte &rArr; AiP33A06_ACK &rArr; LL_GPIO_SetPinMode
</UL>
<BR>[Calls]<UL><LI><a href="#[ae]">&gt;&gt;</a>&nbsp;&nbsp;&nbsp;write_data
</UL>
<BR>[Address Reference Count : 1]<UL><LI> disp.o(.data)
</UL>
<P><STRONG><a name="[2a]"></a>display_oil_bit3</STRONG> (Thumb, 46 bytes, Stack size 8 bytes, disp.o(i.display_oil_bit3))
<BR><BR>[Stack]<UL><LI>Max Depth = 56<LI>Call Chain = display_oil_bit3 &rArr; write_data &rArr; AiP33A06_writecmd &rArr; AiP33A06_writebyte &rArr; AiP33A06_ACK &rArr; LL_GPIO_SetPinMode
</UL>
<BR>[Calls]<UL><LI><a href="#[ae]">&gt;&gt;</a>&nbsp;&nbsp;&nbsp;write_data
</UL>
<BR>[Address Reference Count : 1]<UL><LI> disp.o(.data)
</UL>
<P><STRONG><a name="[2b]"></a>display_oil_bit4</STRONG> (Thumb, 38 bytes, Stack size 8 bytes, disp.o(i.display_oil_bit4))
<BR><BR>[Stack]<UL><LI>Max Depth = 56<LI>Call Chain = display_oil_bit4 &rArr; write_data &rArr; AiP33A06_writecmd &rArr; AiP33A06_writebyte &rArr; AiP33A06_ACK &rArr; LL_GPIO_SetPinMode
</UL>
<BR>[Calls]<UL><LI><a href="#[ae]">&gt;&gt;</a>&nbsp;&nbsp;&nbsp;write_data
</UL>
<BR>[Address Reference Count : 1]<UL><LI> disp.o(.data)
</UL>
<P><STRONG><a name="[2c]"></a>display_oil_bit5</STRONG> (Thumb, 46 bytes, Stack size 8 bytes, disp.o(i.display_oil_bit5))
<BR><BR>[Stack]<UL><LI>Max Depth = 56<LI>Call Chain = display_oil_bit5 &rArr; write_data &rArr; AiP33A06_writecmd &rArr; AiP33A06_writebyte &rArr; AiP33A06_ACK &rArr; LL_GPIO_SetPinMode
</UL>
<BR>[Calls]<UL><LI><a href="#[ae]">&gt;&gt;</a>&nbsp;&nbsp;&nbsp;write_data
</UL>
<BR>[Address Reference Count : 1]<UL><LI> disp.o(.data)
</UL>
<P><STRONG><a name="[2d]"></a>display_oil_bit6</STRONG> (Thumb, 54 bytes, Stack size 8 bytes, disp.o(i.display_oil_bit6))
<BR><BR>[Stack]<UL><LI>Max Depth = 56<LI>Call Chain = display_oil_bit6 &rArr; write_data &rArr; AiP33A06_writecmd &rArr; AiP33A06_writebyte &rArr; AiP33A06_ACK &rArr; LL_GPIO_SetPinMode
</UL>
<BR>[Calls]<UL><LI><a href="#[ae]">&gt;&gt;</a>&nbsp;&nbsp;&nbsp;write_data
</UL>
<BR>[Address Reference Count : 1]<UL><LI> disp.o(.data)
</UL>
<P><STRONG><a name="[2e]"></a>display_oil_bit7</STRONG> (Thumb, 30 bytes, Stack size 8 bytes, disp.o(i.display_oil_bit7))
<BR><BR>[Stack]<UL><LI>Max Depth = 56<LI>Call Chain = display_oil_bit7 &rArr; write_data &rArr; AiP33A06_writecmd &rArr; AiP33A06_writebyte &rArr; AiP33A06_ACK &rArr; LL_GPIO_SetPinMode
</UL>
<BR>[Calls]<UL><LI><a href="#[ae]">&gt;&gt;</a>&nbsp;&nbsp;&nbsp;write_data
</UL>
<BR>[Address Reference Count : 1]<UL><LI> disp.o(.data)
</UL>
<P><STRONG><a name="[2f]"></a>display_oil_bit8</STRONG> (Thumb, 62 bytes, Stack size 8 bytes, disp.o(i.display_oil_bit8))
<BR><BR>[Stack]<UL><LI>Max Depth = 56<LI>Call Chain = display_oil_bit8 &rArr; write_data &rArr; AiP33A06_writecmd &rArr; AiP33A06_writebyte &rArr; AiP33A06_ACK &rArr; LL_GPIO_SetPinMode
</UL>
<BR>[Calls]<UL><LI><a href="#[ae]">&gt;&gt;</a>&nbsp;&nbsp;&nbsp;write_data
</UL>
<BR>[Address Reference Count : 1]<UL><LI> disp.o(.data)
</UL>
<P><STRONG><a name="[30]"></a>display_oil_bit9</STRONG> (Thumb, 54 bytes, Stack size 8 bytes, disp.o(i.display_oil_bit9))
<BR><BR>[Stack]<UL><LI>Max Depth = 56<LI>Call Chain = display_oil_bit9 &rArr; write_data &rArr; AiP33A06_writecmd &rArr; AiP33A06_writebyte &rArr; AiP33A06_ACK &rArr; LL_GPIO_SetPinMode
</UL>
<BR>[Calls]<UL><LI><a href="#[ae]">&gt;&gt;</a>&nbsp;&nbsp;&nbsp;write_data
</UL>
<BR>[Address Reference Count : 1]<UL><LI> disp.o(.data)
</UL>
<P><STRONG><a name="[31]"></a>display_oil_ten0</STRONG> (Thumb, 54 bytes, Stack size 8 bytes, disp.o(i.display_oil_ten0))
<BR><BR>[Stack]<UL><LI>Max Depth = 56<LI>Call Chain = display_oil_ten0 &rArr; write_data &rArr; AiP33A06_writecmd &rArr; AiP33A06_writebyte &rArr; AiP33A06_ACK &rArr; LL_GPIO_SetPinMode
</UL>
<BR>[Calls]<UL><LI><a href="#[ae]">&gt;&gt;</a>&nbsp;&nbsp;&nbsp;write_data
</UL>
<BR>[Address Reference Count : 1]<UL><LI> disp.o(.data)
</UL>
<P><STRONG><a name="[32]"></a>display_oil_ten1</STRONG> (Thumb, 22 bytes, Stack size 8 bytes, disp.o(i.display_oil_ten1))
<BR><BR>[Stack]<UL><LI>Max Depth = 56<LI>Call Chain = display_oil_ten1 &rArr; write_data &rArr; AiP33A06_writecmd &rArr; AiP33A06_writebyte &rArr; AiP33A06_ACK &rArr; LL_GPIO_SetPinMode
</UL>
<BR>[Calls]<UL><LI><a href="#[ae]">&gt;&gt;</a>&nbsp;&nbsp;&nbsp;write_data
</UL>
<BR>[Address Reference Count : 1]<UL><LI> disp.o(.data)
</UL>
<P><STRONG><a name="[33]"></a>display_oil_ten2</STRONG> (Thumb, 46 bytes, Stack size 8 bytes, disp.o(i.display_oil_ten2))
<BR><BR>[Stack]<UL><LI>Max Depth = 56<LI>Call Chain = display_oil_ten2 &rArr; write_data &rArr; AiP33A06_writecmd &rArr; AiP33A06_writebyte &rArr; AiP33A06_ACK &rArr; LL_GPIO_SetPinMode
</UL>
<BR>[Calls]<UL><LI><a href="#[ae]">&gt;&gt;</a>&nbsp;&nbsp;&nbsp;write_data
</UL>
<BR>[Address Reference Count : 1]<UL><LI> disp.o(.data)
</UL>
<P><STRONG><a name="[34]"></a>display_oil_ten3</STRONG> (Thumb, 46 bytes, Stack size 8 bytes, disp.o(i.display_oil_ten3))
<BR><BR>[Stack]<UL><LI>Max Depth = 56<LI>Call Chain = display_oil_ten3 &rArr; write_data &rArr; AiP33A06_writecmd &rArr; AiP33A06_writebyte &rArr; AiP33A06_ACK &rArr; LL_GPIO_SetPinMode
</UL>
<BR>[Calls]<UL><LI><a href="#[ae]">&gt;&gt;</a>&nbsp;&nbsp;&nbsp;write_data
</UL>
<BR>[Address Reference Count : 1]<UL><LI> disp.o(.data)
</UL>
<P><STRONG><a name="[35]"></a>display_oil_ten4</STRONG> (Thumb, 38 bytes, Stack size 8 bytes, disp.o(i.display_oil_ten4))
<BR><BR>[Stack]<UL><LI>Max Depth = 56<LI>Call Chain = display_oil_ten4 &rArr; write_data &rArr; AiP33A06_writecmd &rArr; AiP33A06_writebyte &rArr; AiP33A06_ACK &rArr; LL_GPIO_SetPinMode
</UL>
<BR>[Calls]<UL><LI><a href="#[ae]">&gt;&gt;</a>&nbsp;&nbsp;&nbsp;write_data
</UL>
<BR>[Address Reference Count : 1]<UL><LI> disp.o(.data)
</UL>
<P><STRONG><a name="[36]"></a>display_oil_ten5</STRONG> (Thumb, 46 bytes, Stack size 8 bytes, disp.o(i.display_oil_ten5))
<BR><BR>[Stack]<UL><LI>Max Depth = 56<LI>Call Chain = display_oil_ten5 &rArr; write_data &rArr; AiP33A06_writecmd &rArr; AiP33A06_writebyte &rArr; AiP33A06_ACK &rArr; LL_GPIO_SetPinMode
</UL>
<BR>[Calls]<UL><LI><a href="#[ae]">&gt;&gt;</a>&nbsp;&nbsp;&nbsp;write_data
</UL>
<BR>[Address Reference Count : 1]<UL><LI> disp.o(.data)
</UL>
<P><STRONG><a name="[37]"></a>display_oil_ten6</STRONG> (Thumb, 54 bytes, Stack size 8 bytes, disp.o(i.display_oil_ten6))
<BR><BR>[Stack]<UL><LI>Max Depth = 56<LI>Call Chain = display_oil_ten6 &rArr; write_data &rArr; AiP33A06_writecmd &rArr; AiP33A06_writebyte &rArr; AiP33A06_ACK &rArr; LL_GPIO_SetPinMode
</UL>
<BR>[Calls]<UL><LI><a href="#[ae]">&gt;&gt;</a>&nbsp;&nbsp;&nbsp;write_data
</UL>
<BR>[Address Reference Count : 1]<UL><LI> disp.o(.data)
</UL>
<P><STRONG><a name="[38]"></a>display_oil_ten7</STRONG> (Thumb, 30 bytes, Stack size 8 bytes, disp.o(i.display_oil_ten7))
<BR><BR>[Stack]<UL><LI>Max Depth = 56<LI>Call Chain = display_oil_ten7 &rArr; write_data &rArr; AiP33A06_writecmd &rArr; AiP33A06_writebyte &rArr; AiP33A06_ACK &rArr; LL_GPIO_SetPinMode
</UL>
<BR>[Calls]<UL><LI><a href="#[ae]">&gt;&gt;</a>&nbsp;&nbsp;&nbsp;write_data
</UL>
<BR>[Address Reference Count : 1]<UL><LI> disp.o(.data)
</UL>
<P><STRONG><a name="[39]"></a>display_oil_ten8</STRONG> (Thumb, 62 bytes, Stack size 8 bytes, disp.o(i.display_oil_ten8))
<BR><BR>[Stack]<UL><LI>Max Depth = 56<LI>Call Chain = display_oil_ten8 &rArr; write_data &rArr; AiP33A06_writecmd &rArr; AiP33A06_writebyte &rArr; AiP33A06_ACK &rArr; LL_GPIO_SetPinMode
</UL>
<BR>[Calls]<UL><LI><a href="#[ae]">&gt;&gt;</a>&nbsp;&nbsp;&nbsp;write_data
</UL>
<BR>[Address Reference Count : 1]<UL><LI> disp.o(.data)
</UL>
<P><STRONG><a name="[3a]"></a>display_oil_ten9</STRONG> (Thumb, 54 bytes, Stack size 8 bytes, disp.o(i.display_oil_ten9))
<BR><BR>[Stack]<UL><LI>Max Depth = 56<LI>Call Chain = display_oil_ten9 &rArr; write_data &rArr; AiP33A06_writecmd &rArr; AiP33A06_writebyte &rArr; AiP33A06_ACK &rArr; LL_GPIO_SetPinMode
</UL>
<BR>[Calls]<UL><LI><a href="#[ae]">&gt;&gt;</a>&nbsp;&nbsp;&nbsp;write_data
</UL>
<BR>[Address Reference Count : 1]<UL><LI> disp.o(.data)
</UL>
<P><STRONG><a name="[9c]"></a>enter_stop</STRONG> (Thumb, 502 bytes, Stack size 24 bytes, sleep.o(i.enter_stop))
<BR><BR>[Stack]<UL><LI>Max Depth = 192<LI>Call Chain = enter_stop &rArr; Get_Usb_Ad &rArr; BatVoltage &rArr; Adc_CalBatRef &rArr; __aeabi_dmul &rArr; _double_epilogue &rArr; __aeabi_llsr
</UL>
<BR>[Calls]<UL><LI><a href="#[70]">&gt;&gt;</a>&nbsp;&nbsp;&nbsp;sysinit
<LI><a href="#[b1]">&gt;&gt;</a>&nbsp;&nbsp;&nbsp;lptim_start
<LI><a href="#[76]">&gt;&gt;</a>&nbsp;&nbsp;&nbsp;adc_disable
<LI><a href="#[87]">&gt;&gt;</a>&nbsp;&nbsp;&nbsp;LL_GPIO_SetPinMode
<LI><a href="#[9a]">&gt;&gt;</a>&nbsp;&nbsp;&nbsp;LL_GPIO_IsInputPinSet
<LI><a href="#[86]">&gt;&gt;</a>&nbsp;&nbsp;&nbsp;LL_APB1_GRP2_EnableClock
<LI><a href="#[7f]">&gt;&gt;</a>&nbsp;&nbsp;&nbsp;Get_Usb_Ad
<LI><a href="#[65]">&gt;&gt;</a>&nbsp;&nbsp;&nbsp;BatVoltage
<LI><a href="#[9d]">&gt;&gt;</a>&nbsp;&nbsp;&nbsp;Sleep_Gpio
</UL>
<BR>[Called By]<UL><LI><a href="#[99]">&gt;&gt;</a>&nbsp;&nbsp;&nbsp;Sleep
</UL>

<P><STRONG><a name="[a4]"></a>high_run</STRONG> (Thumb, 1252 bytes, Stack size 24 bytes, disp.o(i.high_run))
<BR><BR>[Stack]<UL><LI>Max Depth = 192<LI>Call Chain = high_run &rArr; update_pwm_and_write_descending &rArr; __aeabi_dmul &rArr; _double_epilogue &rArr; __aeabi_llsr
</UL>
[...]
<LI><a href="#[ae]">&gt;&gt;</a>&nbsp;&nbsp;&nbsp;write_data
<LI><a href="#[6e]">&gt;&gt;</a>&nbsp;&nbsp;&nbsp;display
<LI><a href="#[62]">&gt;&gt;</a>&nbsp;&nbsp;&nbsp;AiP33A06_writecmd
</UL>

<P><STRONG><a name="[64]"></a>iic_stop</STRONG> (Thumb, 24 bytes, Stack size 4 bytes, aip33a06.o(i.iic_stop))
<BR><BR>[Stack]<UL><LI>Max Depth = 4<LI>Call Chain = iic_stop
</UL>
<BR>[Calls]<UL><LI><a href="#[60]">&gt;&gt;</a>&nbsp;&nbsp;&nbsp;_delay_us
</UL>
<BR>[Called By]<UL><LI><a href="#[68]">&gt;&gt;</a>&nbsp;&nbsp;&nbsp;Ram_Clear
<LI><a href="#[ae]">&gt;&gt;</a>&nbsp;&nbsp;&nbsp;write_data
<LI><a href="#[6e]">&gt;&gt;</a>&nbsp;&nbsp;&nbsp;display
<LI><a href="#[62]">&gt;&gt;</a>&nbsp;&nbsp;&nbsp;AiP33A06_writecmd
</UL>

<P><STRONG><a name="[b5]"></a>iwdg_init</STRONG> (Thumb, 60 bytes, Stack size 0 bytes, pwr.o(i.iwdg_init))
<BR><BR>[Called By]<UL><LI><a href="#[10]">&gt;&gt;</a>&nbsp;&nbsp;&nbsp;main
</UL>

<P><STRONG><a name="[a5]"></a>low_run</STRONG> (Thumb, 1192 bytes, Stack size 32 bytes, disp.o(i.low_run))
<BR><BR>[Stack]<UL><LI>Max Depth = 200<LI>Call Chain = low_run &rArr; update_pwm_and_write_descending &rArr; __aeabi_dmul &rArr; _double_epilogue &rArr; __aeabi_llsr
</UL>
<BR>[Calls]<UL><LI><a href="#[68]">&gt;&gt;</a>&nbsp;&nbsp;&nbsp;Ram_Clear
<LI><a href="#[4d]">&gt;&gt;</a>&nbsp;&nbsp;&nbsp;__aeabi_ui2d
<LI><a href="#[49]">&gt;&gt;</a>&nbsp;&nbsp;&nbsp;__aeabi_dmul
<LI><a href="#[48]">&gt;&gt;</a>&nbsp;&nbsp;&nbsp;__aeabi_drsub
<LI><a href="#[4a]">&gt;&gt;</a>&nbsp;&nbsp;&nbsp;__aeabi_ddiv
<LI><a href="#[4e]">&gt;&gt;</a>&nbsp;&nbsp;&nbsp;__aeabi_d2uiz
<LI><a href="#[98]">&gt;&gt;</a>&nbsp;&nbsp;&nbsp;update_pwm_and_write_descending
<LI><a href="#[97]">&gt;&gt;</a>&nbsp;&nbsp;&nbsp;update_pwm_and_write
<LI><a href="#[6b]">&gt;&gt;</a>&nbsp;&nbsp;&nbsp;display_geras
</UL>
<BR>[Called By]<UL><LI><a href="#[a3]">&gt;&gt;</a>&nbsp;&nbsp;&nbsp;Smok_Disp_Deal
</UL>

<P><STRONG><a name="[b2]"></a>lptim_init</STRONG> (Thumb, 124 bytes, Stack size 24 bytes, lptim.o(i.lptim_init))
<BR><BR>[Stack]<UL><LI>Max Depth = 32<LI>Call Chain = lptim_init &rArr; LL_LPTIM_Init
</UL>
<BR>[Calls]<UL><LI><a href="#[54]">&gt;&gt;</a>&nbsp;&nbsp;&nbsp;APP_ErrorHandler
<LI><a href="#[b3]">&gt;&gt;</a>&nbsp;&nbsp;&nbsp;LL_LPTIM_Init
</UL>
<BR>[Called By]<UL><LI><a href="#[10]">&gt;&gt;</a>&nbsp;&nbsp;&nbsp;main
</UL>

<P><STRONG><a name="[b1]"></a>lptim_start</STRONG> (Thumb, 56 bytes, Stack size 8 bytes, lptim.o(i.lptim_start))
<BR><BR>[Stack]<UL><LI>Max Depth = 8<LI>Call Chain = lptim_start
</UL>
<BR>[Calls]<UL><LI><a href="#[a9]">&gt;&gt;</a>&nbsp;&nbsp;&nbsp;delay_us
</UL>
<BR>[Called By]<UL><LI><a href="#[10]">&gt;&gt;</a>&nbsp;&nbsp;&nbsp;main
<LI><a href="#[9c]">&gt;&gt;</a>&nbsp;&nbsp;&nbsp;enter_stop
</UL>

<P><STRONG><a name="[10]"></a>main</STRONG> (Thumb, 282 bytes, Stack size 8 bytes, main.o(i.main))
<BR><BR>[Stack]<UL><LI>Max Depth = 280<LI>Call Chain = main &rArr; DISP_Deal &rArr; Power_on_run &rArr; update_pwm_and_write_descending &rArr; __aeabi_dmul &rArr; _double_epilogue &rArr; __aeabi_llsr
</UL>
<BR>[Calls]<UL><LI><a href="#[b6]">&gt;&gt;</a>&nbsp;&nbsp;&nbsp;timer1_init
<LI><a href="#[b7]">&gt;&gt;</a>&nbsp;&nbsp;&nbsp;timer14_init
<LI><a href="#[70]">&gt;&gt;</a>&nbsp;&nbsp;&nbsp;sysinit
<LI><a href="#[b4]">&gt;&gt;</a>&nbsp;&nbsp;&nbsp;option_init
<LI><a href="#[b1]">&gt;&gt;</a>&nbsp;&nbsp;&nbsp;lptim_start
<LI><a href="#[b2]">&gt;&gt;</a>&nbsp;&nbsp;&nbsp;lptim_init
<LI><a href="#[b5]">&gt;&gt;</a>&nbsp;&nbsp;&nbsp;iwdg_init
<LI><a href="#[aa]">&gt;&gt;</a>&nbsp;&nbsp;&nbsp;adc_init
<LI><a href="#[a3]">&gt;&gt;</a>&nbsp;&nbsp;&nbsp;Smok_Disp_Deal
<LI><a href="#[99]">&gt;&gt;</a>&nbsp;&nbsp;&nbsp;Sleep
<LI><a href="#[b8]">&gt;&gt;</a>&nbsp;&nbsp;&nbsp;ShortIsData
<LI><a href="#[72]">&gt;&gt;</a>&nbsp;&nbsp;&nbsp;Set_Disp_Num
<LI><a href="#[68]">&gt;&gt;</a>&nbsp;&nbsp;&nbsp;Ram_Clear
<LI><a href="#[95]">&gt;&gt;</a>&nbsp;&nbsp;&nbsp;Power_Reset_Port_Scan
<LI><a href="#[93]">&gt;&gt;</a>&nbsp;&nbsp;&nbsp;Port_Scan
<LI><a href="#[8d]">&gt;&gt;</a>&nbsp;&nbsp;&nbsp;Out_Deal
<LI><a href="#[80]">&gt;&gt;</a>&nbsp;&nbsp;&nbsp;Gpio_Init
<LI><a href="#[7e]">&gt;&gt;</a>&nbsp;&nbsp;&nbsp;Get_Power_Rest_BatLeve
<LI><a href="#[79]">&gt;&gt;</a>&nbsp;&nbsp;&nbsp;Get_Bat_Leve
<LI><a href="#[67]">&gt;&gt;</a>&nbsp;&nbsp;&nbsp;DISP_Deal
<LI><a href="#[91]">&gt;&gt;</a>&nbsp;&nbsp;&nbsp;ClrShortData
<LI><a href="#[55]">&gt;&gt;</a>&nbsp;&nbsp;&nbsp;APP_SystemClockConfig
</UL>
<BR>[Address Reference Count : 1]<UL><LI> entry9a.o(.ARM.Collect$$$$0000000B)
</UL>
<P><STRONG><a name="[b4]"></a>option_init</STRONG> (Thumb, 86 bytes, Stack size 32 bytes, pwr.o(i.option_init))
<BR><BR>[Stack]<UL><LI>Max Depth = 72<LI>Call Chain = option_init &rArr; HAL_FLASH_OBProgram &rArr; FLASH_WaitForLastOperation
</UL>
<BR>[Calls]<UL><LI><a href="#[b9]">&gt;&gt;</a>&nbsp;&nbsp;&nbsp;HAL_FLASH_Unlock
<LI><a href="#[ba]">&gt;&gt;</a>&nbsp;&nbsp;&nbsp;HAL_FLASH_OB_Unlock
<LI><a href="#[bc]">&gt;&gt;</a>&nbsp;&nbsp;&nbsp;HAL_FLASH_OB_Lock
<LI><a href="#[bd]">&gt;&gt;</a>&nbsp;&nbsp;&nbsp;HAL_FLASH_OB_Launch
<LI><a href="#[8b]">&gt;&gt;</a>&nbsp;&nbsp;&nbsp;HAL_FLASH_OBProgram
<LI><a href="#[bb]">&gt;&gt;</a>&nbsp;&nbsp;&nbsp;HAL_FLASH_Lock
<LI><a href="#[9e]">&gt;&gt;</a>&nbsp;&nbsp;&nbsp;__aeabi_memclr4
</UL>
<BR>[Called By]<UL><LI><a href="#[10]">&gt;&gt;</a>&nbsp;&nbsp;&nbsp;main
</UL>

<P><STRONG><a name="[70]"></a>sysinit</STRONG> (Thumb, 52 bytes, Stack size 8 bytes, aip33a06.o(i.sysinit))
<BR><BR>[Stack]<UL><LI>Max Depth = 40<LI>Call Chain = sysinit &rArr; AiP33A06_writecmd &rArr; AiP33A06_writebyte &rArr; AiP33A06_ACK &rArr; LL_GPIO_SetPinMode
</UL>
<BR>[Calls]<UL><LI><a href="#[62]">&gt;&gt;</a>&nbsp;&nbsp;&nbsp;AiP33A06_writecmd
</UL>
<BR>[Called By]<UL><LI><a href="#[a3]">&gt;&gt;</a>&nbsp;&nbsp;&nbsp;Smok_Disp_Deal
<LI><a href="#[93]">&gt;&gt;</a>&nbsp;&nbsp;&nbsp;Port_Scan
<LI><a href="#[8d]">&gt;&gt;</a>&nbsp;&nbsp;&nbsp;Out_Deal
<LI><a href="#[67]">&gt;&gt;</a>&nbsp;&nbsp;&nbsp;DISP_Deal
<LI><a href="#[10]">&gt;&gt;</a>&nbsp;&nbsp;&nbsp;main
<LI><a href="#[9c]">&gt;&gt;</a>&nbsp;&nbsp;&nbsp;enter_stop
<LI><a href="#[85]">&gt;&gt;</a>&nbsp;&nbsp;&nbsp;Gpio_Wake
</UL>

<P><STRONG><a name="[b7]"></a>timer14_init</STRONG> (Thumb, 86 bytes, Stack size 32 bytes, tim.o(i.timer14_init))
<BR><BR>[Stack]<UL><LI>Max Depth = 44<LI>Call Chain = timer14_init &rArr; LL_TIM_Init
</UL>
<BR>[Calls]<UL><LI><a href="#[bf]">&gt;&gt;</a>&nbsp;&nbsp;&nbsp;LL_TIM_Init
<LI><a href="#[c0]">&gt;&gt;</a>&nbsp;&nbsp;&nbsp;NVIC_SetPriority
<LI><a href="#[be]">&gt;&gt;</a>&nbsp;&nbsp;&nbsp;LL_APB1_GRP2_EnableClock
<LI><a href="#[9e]">&gt;&gt;</a>&nbsp;&nbsp;&nbsp;__aeabi_memclr4
</UL>
<BR>[Called By]<UL><LI><a href="#[10]">&gt;&gt;</a>&nbsp;&nbsp;&nbsp;main
</UL>

<P><STRONG><a name="[b6]"></a>timer1_init</STRONG> (Thumb, 96 bytes, Stack size 32 bytes, tim.o(i.timer1_init))
<BR><BR>[Stack]<UL><LI>Max Depth = 44<LI>Call Chain = timer1_init &rArr; LL_TIM_Init
</UL>
<BR>[Calls]<UL><LI><a href="#[bf]">&gt;&gt;</a>&nbsp;&nbsp;&nbsp;LL_TIM_Init
<LI><a href="#[c0]">&gt;&gt;</a>&nbsp;&nbsp;&nbsp;NVIC_SetPriority
<LI><a href="#[be]">&gt;&gt;</a>&nbsp;&nbsp;&nbsp;LL_APB1_GRP2_EnableClock
<LI><a href="#[9e]">&gt;&gt;</a>&nbsp;&nbsp;&nbsp;__aeabi_memclr4
</UL>
<BR>[Called By]<UL><LI><a href="#[10]">&gt;&gt;</a>&nbsp;&nbsp;&nbsp;main
</UL>

<P><STRONG><a name="[97]"></a>update_pwm_and_write</STRONG> (Thumb, 70 bytes, Stack size 40 bytes, disp.o(i.update_pwm_and_write))
<BR><BR>[Stack]<UL><LI>Max Depth = 168<LI>Call Chain = update_pwm_and_write &rArr; __aeabi_dmul &rArr; _double_epilogue &rArr; __aeabi_llsr
</UL>
<BR>[Calls]<UL><LI><a href="#[4d]">&gt;&gt;</a>&nbsp;&nbsp;&nbsp;__aeabi_ui2d
<LI><a href="#[49]">&gt;&gt;</a>&nbsp;&nbsp;&nbsp;__aeabi_dmul
<LI><a href="#[ae]">&gt;&gt;</a>&nbsp;&nbsp;&nbsp;write_data
<LI><a href="#[4a]">&gt;&gt;</a>&nbsp;&nbsp;&nbsp;__aeabi_ddiv
<LI><a href="#[4e]">&gt;&gt;</a>&nbsp;&nbsp;&nbsp;__aeabi_d2uiz
</UL>
<BR>[Called By]<UL><LI><a href="#[a5]">&gt;&gt;</a>&nbsp;&nbsp;&nbsp;low_run
<LI><a href="#[a4]">&gt;&gt;</a>&nbsp;&nbsp;&nbsp;high_run
<LI><a href="#[6f]">&gt;&gt;</a>&nbsp;&nbsp;&nbsp;Power_on_run
</UL>

<P><STRONG><a name="[98]"></a>update_pwm_and_write_descending</STRONG> (Thumb, 68 bytes, Stack size 40 bytes, disp.o(i.update_pwm_and_write_descending))
<BR><BR>[Stack]<UL><LI>Max Depth = 168<LI>Call Chain = update_pwm_and_write_descending &rArr; __aeabi_dmul &rArr; _double_epilogue &rArr; __aeabi_llsr
</UL>
<BR>[Calls]<UL><LI><a href="#[4d]">&gt;&gt;</a>&nbsp;&nbsp;&nbsp;__aeabi_ui2d
<LI><a href="#[49]">&gt;&gt;</a>&nbsp;&nbsp;&nbsp;__aeabi_dmul
<LI><a href="#[ae]">&gt;&gt;</a>&nbsp;&nbsp;&nbsp;write_data
<LI><a href="#[4a]">&gt;&gt;</a>&nbsp;&nbsp;&nbsp;__aeabi_ddiv
<LI><a href="#[4e]">&gt;&gt;</a>&nbsp;&nbsp;&nbsp;__aeabi_d2uiz
</UL>
<BR>[Called By]<UL><LI><a href="#[a5]">&gt;&gt;</a>&nbsp;&nbsp;&nbsp;low_run
<LI><a href="#[a4]">&gt;&gt;</a>&nbsp;&nbsp;&nbsp;high_run
<LI><a href="#[6f]">&gt;&gt;</a>&nbsp;&nbsp;&nbsp;Power_on_run
</UL>

<P><STRONG><a name="[ae]"></a>write_data</STRONG> (Thumb, 56 bytes, Stack size 16 bytes, aip33a06.o(i.write_data))
<BR><BR>[Stack]<UL><LI>Max Depth = 48<LI>Call Chain = write_data &rArr; AiP33A06_writecmd &rArr; AiP33A06_writebyte &rArr; AiP33A06_ACK &rArr; LL_GPIO_SetPinMode
</UL>
<BR>[Calls]<UL><LI><a href="#[64]">&gt;&gt;</a>&nbsp;&nbsp;&nbsp;iic_stop
<LI><a href="#[63]">&gt;&gt;</a>&nbsp;&nbsp;&nbsp;iic_start
<LI><a href="#[62]">&gt;&gt;</a>&nbsp;&nbsp;&nbsp;AiP33A06_writecmd
<LI><a href="#[61]">&gt;&gt;</a>&nbsp;&nbsp;&nbsp;AiP33A06_writebyte
</UL>
<BR>[Called By]<UL><LI><a href="#[98]">&gt;&gt;</a>&nbsp;&nbsp;&nbsp;update_pwm_and_write_descending
<LI><a href="#[97]">&gt;&gt;</a>&nbsp;&nbsp;&nbsp;update_pwm_and_write
<LI><a href="#[3a]">&gt;&gt;</a>&nbsp;&nbsp;&nbsp;display_oil_ten9
<LI><a href="#[39]">&gt;&gt;</a>&nbsp;&nbsp;&nbsp;display_oil_ten8
<LI><a href="#[38]">&gt;&gt;</a>&nbsp;&nbsp;&nbsp;display_oil_ten7
<LI><a href="#[37]">&gt;&gt;</a>&nbsp;&nbsp;&nbsp;display_oil_ten6
<LI><a href="#[36]">&gt;&gt;</a>&nbsp;&nbsp;&nbsp;display_oil_ten5
<LI><a href="#[35]">&gt;&gt;</a>&nbsp;&nbsp;&nbsp;display_oil_ten4
<LI><a href="#[34]">&gt;&gt;</a>&nbsp;&nbsp;&nbsp;display_oil_ten3
<LI><a href="#[33]">&gt;&gt;</a>&nbsp;&nbsp;&nbsp;display_oil_ten2
<LI><a href="#[32]">&gt;&gt;</a>&nbsp;&nbsp;&nbsp;display_oil_ten1
<LI><a href="#[31]">&gt;&gt;</a>&nbsp;&nbsp;&nbsp;display_oil_ten0
<LI><a href="#[30]">&gt;&gt;</a>&nbsp;&nbsp;&nbsp;display_oil_bit9
<LI><a href="#[2f]">&gt;&gt;</a>&nbsp;&nbsp;&nbsp;display_oil_bit8
<LI><a href="#[2e]">&gt;&gt;</a>&nbsp;&nbsp;&nbsp;display_oil_bit7
<LI><a href="#[2d]">&gt;&gt;</a>&nbsp;&nbsp;&nbsp;display_oil_bit6
<LI><a href="#[2c]">&gt;&gt;</a>&nbsp;&nbsp;&nbsp;display_oil_bit5
<LI><a href="#[2b]">&gt;&gt;</a>&nbsp;&nbsp;&nbsp;display_oil_bit4
<LI><a href="#[2a]">&gt;&gt;</a>&nbsp;&nbsp;&nbsp;display_oil_bit3
<LI><a href="#[29]">&gt;&gt;</a>&nbsp;&nbsp;&nbsp;display_oil_bit2
<LI><a href="#[28]">&gt;&gt;</a>&nbsp;&nbsp;&nbsp;display_oil_bit1
<LI><a href="#[27]">&gt;&gt;</a>&nbsp;&nbsp;&nbsp;display_oil_bit0
<LI><a href="#[b0]">&gt;&gt;</a>&nbsp;&nbsp;&nbsp;display_oil_100
<LI><a href="#[96]">&gt;&gt;</a>&nbsp;&nbsp;&nbsp;display_logo
<LI><a href="#[6b]">&gt;&gt;</a>&nbsp;&nbsp;&nbsp;display_geras
<LI><a href="#[26]">&gt;&gt;</a>&nbsp;&nbsp;&nbsp;display_bat_ten9
<LI><a href="#[25]">&gt;&gt;</a>&nbsp;&nbsp;&nbsp;display_bat_ten8
<LI><a href="#[24]">&gt;&gt;</a>&nbsp;&nbsp;&nbsp;display_bat_ten7
<LI><a href="#[23]">&gt;&gt;</a>&nbsp;&nbsp;&nbsp;display_bat_ten6
<LI><a href="#[22]">&gt;&gt;</a>&nbsp;&nbsp;&nbsp;display_bat_ten5
<LI><a href="#[21]">&gt;&gt;</a>&nbsp;&nbsp;&nbsp;display_bat_ten4
<LI><a href="#[20]">&gt;&gt;</a>&nbsp;&nbsp;&nbsp;display_bat_ten3
<LI><a href="#[1f]">&gt;&gt;</a>&nbsp;&nbsp;&nbsp;display_bat_ten2
<LI><a href="#[1e]">&gt;&gt;</a>&nbsp;&nbsp;&nbsp;display_bat_ten1
<LI><a href="#[1d]">&gt;&gt;</a>&nbsp;&nbsp;&nbsp;display_bat_ten0
<LI><a href="#[1c]">&gt;&gt;</a>&nbsp;&nbsp;&nbsp;display_bat_bit9
<LI><a href="#[1b]">&gt;&gt;</a>&nbsp;&nbsp;&nbsp;display_bat_bit8
<LI><a href="#[1a]">&gt;&gt;</a>&nbsp;&nbsp;&nbsp;display_bat_bit7
<LI><a href="#[19]">&gt;&gt;</a>&nbsp;&nbsp;&nbsp;display_bat_bit6
<LI><a href="#[18]">&gt;&gt;</a>&nbsp;&nbsp;&nbsp;display_bat_bit5
<LI><a href="#[17]">&gt;&gt;</a>&nbsp;&nbsp;&nbsp;display_bat_bit4
<LI><a href="#[16]">&gt;&gt;</a>&nbsp;&nbsp;&nbsp;display_bat_bit3
<LI><a href="#[15]">&gt;&gt;</a>&nbsp;&nbsp;&nbsp;display_bat_bit2
<LI><a href="#[14]">&gt;&gt;</a>&nbsp;&nbsp;&nbsp;display_bat_bit1
<LI><a href="#[13]">&gt;&gt;</a>&nbsp;&nbsp;&nbsp;display_bat_bit0
<LI><a href="#[af]">&gt;&gt;</a>&nbsp;&nbsp;&nbsp;display_bat_100
<LI><a href="#[6c]">&gt;&gt;</a>&nbsp;&nbsp;&nbsp;display_Oil_logo
<LI><a href="#[6d]">&gt;&gt;</a>&nbsp;&nbsp;&nbsp;display_Bat_logo
</UL>
<P>
<H3>
Local Symbols
</H3>
<P><STRONG><a name="[a6]"></a>DelayTime</STRONG> (Thumb, 20 bytes, Stack size 8 bytes, system_py32c642.o(i.DelayTime))
<BR><BR>[Stack]<UL><LI>Max Depth = 8<LI>Call Chain = DelayTime
</UL>
<BR>[Called By]<UL><LI><a href="#[11]">&gt;&gt;</a>&nbsp;&nbsp;&nbsp;SystemInit
</UL>

<P><STRONG><a name="[73]"></a>LL_EXTI_IsActiveFlag</STRONG> (Thumb, 16 bytes, Stack size 0 bytes, py32c642_it.o(i.LL_EXTI_IsActiveFlag))
<BR><BR>[Called By]<UL><LI><a href="#[a]">&gt;&gt;</a>&nbsp;&nbsp;&nbsp;EXTI4_15_IRQHandler
<LI><a href="#[9]">&gt;&gt;</a>&nbsp;&nbsp;&nbsp;EXTI2_3_IRQHandler
<LI><a href="#[8]">&gt;&gt;</a>&nbsp;&nbsp;&nbsp;EXTI0_1_IRQHandler
</UL>

<P><STRONG><a name="[8c]"></a>FLASH_OB_OptrConfig</STRONG> (Thumb, 22 bytes, Stack size 8 bytes, py32c642_hal_flash.o(i.FLASH_OB_OptrConfig))
<BR><BR>[Stack]<UL><LI>Max Depth = 8<LI>Call Chain = FLASH_OB_OptrConfig
</UL>
<BR>[Called By]<UL><LI><a href="#[8b]">&gt;&gt;</a>&nbsp;&nbsp;&nbsp;HAL_FLASH_OBProgram
</UL>

<P><STRONG><a name="[a8]"></a>LL_GPIO_SetPinMode</STRONG> (Thumb, 20 bytes, Stack size 8 bytes, adc.o(i.LL_GPIO_SetPinMode))
<BR><BR>[Stack]<UL><LI>Max Depth = 8<LI>Call Chain = LL_GPIO_SetPinMode
</UL>
<BR>[Called By]<UL><LI><a href="#[77]">&gt;&gt;</a>&nbsp;&nbsp;&nbsp;adc_channel_config
</UL>

<P><STRONG><a name="[81]"></a>LL_GPIO_SetPinMode</STRONG> (Thumb, 20 bytes, Stack size 8 bytes, gpio.o(i.LL_GPIO_SetPinMode))
<BR><BR>[Stack]<UL><LI>Max Depth = 8<LI>Call Chain = LL_GPIO_SetPinMode
</UL>
<BR>[Called By]<UL><LI><a href="#[80]">&gt;&gt;</a>&nbsp;&nbsp;&nbsp;Gpio_Init
</UL>

<P><STRONG><a name="[83]"></a>LL_GPIO_SetPinOutputType</STRONG> (Thumb, 12 bytes, Stack size 0 bytes, gpio.o(i.LL_GPIO_SetPinOutputType))
<BR><BR>[Called By]<UL><LI><a href="#[80]">&gt;&gt;</a>&nbsp;&nbsp;&nbsp;Gpio_Init
</UL>

<P><STRONG><a name="[82]"></a>LL_GPIO_SetPinPull</STRONG> (Thumb, 20 bytes, Stack size 8 bytes, gpio.o(i.LL_GPIO_SetPinPull))
<BR><BR>[Stack]<UL><LI>Max Depth = 8<LI>Call Chain = LL_GPIO_SetPinPull
</UL>
<BR>[Called By]<UL><LI><a href="#[80]">&gt;&gt;</a>&nbsp;&nbsp;&nbsp;Gpio_Init
</UL>

<P><STRONG><a name="[84]"></a>LL_GPIO_SetPinSpeed</STRONG> (Thumb, 20 bytes, Stack size 8 bytes, gpio.o(i.LL_GPIO_SetPinSpeed))
<BR><BR>[Stack]<UL><LI>Max Depth = 8<LI>Call Chain = LL_GPIO_SetPinSpeed
</UL>
<BR>[Called By]<UL><LI><a href="#[80]">&gt;&gt;</a>&nbsp;&nbsp;&nbsp;Gpio_Init
</UL>

<P><STRONG><a name="[be]"></a>LL_APB1_GRP2_EnableClock</STRONG> (Thumb, 18 bytes, Stack size 8 bytes, tim.o(i.LL_APB1_GRP2_EnableClock))
<BR><BR>[Stack]<UL><LI>Max Depth = 8<LI>Call Chain = LL_APB1_GRP2_EnableClock
</UL>
<BR>[Called By]<UL><LI><a href="#[b6]">&gt;&gt;</a>&nbsp;&nbsp;&nbsp;timer1_init
<LI><a href="#[b7]">&gt;&gt;</a>&nbsp;&nbsp;&nbsp;timer14_init
</UL>

<P><STRONG><a name="[c0]"></a>NVIC_SetPriority</STRONG> (Thumb, 60 bytes, Stack size 0 bytes, tim.o(i.NVIC_SetPriority))
<BR><BR>[Called By]<UL><LI><a href="#[b6]">&gt;&gt;</a>&nbsp;&nbsp;&nbsp;timer1_init
<LI><a href="#[b7]">&gt;&gt;</a>&nbsp;&nbsp;&nbsp;timer14_init
</UL>

<P><STRONG><a name="[71]"></a>LL_GPIO_SetPinMode</STRONG> (Thumb, 20 bytes, Stack size 8 bytes, disp.o(i.LL_GPIO_SetPinMode))
<BR><BR>[Stack]<UL><LI>Max Depth = 8<LI>Call Chain = LL_GPIO_SetPinMode
</UL>
<BR>[Called By]<UL><LI><a href="#[72]">&gt;&gt;</a>&nbsp;&nbsp;&nbsp;Set_Disp_Num
<LI><a href="#[67]">&gt;&gt;</a>&nbsp;&nbsp;&nbsp;DISP_Deal
</UL>

<P><STRONG><a name="[94]"></a>LL_GPIO_IsInputPinSet</STRONG> (Thumb, 14 bytes, Stack size 0 bytes, portscan.o(i.LL_GPIO_IsInputPinSet))
<BR><BR>[Called By]<UL><LI><a href="#[95]">&gt;&gt;</a>&nbsp;&nbsp;&nbsp;Power_Reset_Port_Scan
<LI><a href="#[93]">&gt;&gt;</a>&nbsp;&nbsp;&nbsp;Port_Scan
</UL>

<P><STRONG><a name="[92]"></a>LL_GPIO_SetPinMode</STRONG> (Thumb, 20 bytes, Stack size 8 bytes, portscan.o(i.LL_GPIO_SetPinMode))
<BR><BR>[Stack]<UL><LI>Max Depth = 8<LI>Call Chain = LL_GPIO_SetPinMode
</UL>
<BR>[Called By]<UL><LI><a href="#[93]">&gt;&gt;</a>&nbsp;&nbsp;&nbsp;Port_Scan
<LI><a href="#[90]">&gt;&gt;</a>&nbsp;&nbsp;&nbsp;Out_Stop
</UL>

<P><STRONG><a name="[86]"></a>LL_APB1_GRP2_EnableClock</STRONG> (Thumb, 18 bytes, Stack size 8 bytes, sleep.o(i.LL_APB1_GRP2_EnableClock))
<BR><BR>[Stack]<UL><LI>Max Depth = 8<LI>Call Chain = LL_APB1_GRP2_EnableClock
</UL>
<BR>[Called By]<UL><LI><a href="#[9c]">&gt;&gt;</a>&nbsp;&nbsp;&nbsp;enter_stop
<LI><a href="#[85]">&gt;&gt;</a>&nbsp;&nbsp;&nbsp;Gpio_Wake
</UL>

<P><STRONG><a name="[a1]"></a>LL_EXTI_SetEXTISource</STRONG> (Thumb, 30 bytes, Stack size 8 bytes, sleep.o(i.LL_EXTI_SetEXTISource))
<BR><BR>[Stack]<UL><LI>Max Depth = 8<LI>Call Chain = LL_EXTI_SetEXTISource
</UL>
<BR>[Called By]<UL><LI><a href="#[9d]">&gt;&gt;</a>&nbsp;&nbsp;&nbsp;Sleep_Gpio
</UL>

<P><STRONG><a name="[9a]"></a>LL_GPIO_IsInputPinSet</STRONG> (Thumb, 14 bytes, Stack size 0 bytes, sleep.o(i.LL_GPIO_IsInputPinSet))
<BR><BR>[Called By]<UL><LI><a href="#[99]">&gt;&gt;</a>&nbsp;&nbsp;&nbsp;Sleep
<LI><a href="#[9c]">&gt;&gt;</a>&nbsp;&nbsp;&nbsp;enter_stop
</UL>

<P><STRONG><a name="[87]"></a>LL_GPIO_SetPinMode</STRONG> (Thumb, 20 bytes, Stack size 8 bytes, sleep.o(i.LL_GPIO_SetPinMode))
<BR><BR>[Stack]<UL><LI>Max Depth = 8<LI>Call Chain = LL_GPIO_SetPinMode
</UL>
<BR>[Called By]<UL><LI><a href="#[9c]">&gt;&gt;</a>&nbsp;&nbsp;&nbsp;enter_stop
<LI><a href="#[9d]">&gt;&gt;</a>&nbsp;&nbsp;&nbsp;Sleep_Gpio
<LI><a href="#[85]">&gt;&gt;</a>&nbsp;&nbsp;&nbsp;Gpio_Wake
</UL>

<P><STRONG><a name="[88]"></a>LL_GPIO_SetPinOutputType</STRONG> (Thumb, 12 bytes, Stack size 0 bytes, sleep.o(i.LL_GPIO_SetPinOutputType))
<BR><BR>[Called By]<UL><LI><a href="#[9d]">&gt;&gt;</a>&nbsp;&nbsp;&nbsp;Sleep_Gpio
<LI><a href="#[85]">&gt;&gt;</a>&nbsp;&nbsp;&nbsp;Gpio_Wake
</UL>

<P><STRONG><a name="[89]"></a>LL_GPIO_SetPinPull</STRONG> (Thumb, 20 bytes, Stack size 8 bytes, sleep.o(i.LL_GPIO_SetPinPull))
<BR><BR>[Stack]<UL><LI>Max Depth = 8<LI>Call Chain = LL_GPIO_SetPinPull
</UL>
<BR>[Called By]<UL><LI><a href="#[9d]">&gt;&gt;</a>&nbsp;&nbsp;&nbsp;Sleep_Gpio
<LI><a href="#[85]">&gt;&gt;</a>&nbsp;&nbsp;&nbsp;Gpio_Wake
</UL>

<P><STRONG><a name="[8a]"></a>LL_GPIO_SetPinSpeed</STRONG> (Thumb, 20 bytes, Stack size 8 bytes, sleep.o(i.LL_GPIO_SetPinSpeed))
<BR><BR>[Stack]<UL><LI>Max Depth = 8<LI>Call Chain = LL_GPIO_SetPinSpeed
</UL>
<BR>[Called By]<UL><LI><a href="#[9d]">&gt;&gt;</a>&nbsp;&nbsp;&nbsp;Sleep_Gpio
<LI><a href="#[85]">&gt;&gt;</a>&nbsp;&nbsp;&nbsp;Gpio_Wake
</UL>

<P><STRONG><a name="[a2]"></a>NVIC_SetPriority</STRONG> (Thumb, 60 bytes, Stack size 0 bytes, sleep.o(i.NVIC_SetPriority))
<BR><BR>[Called By]<UL><LI><a href="#[9d]">&gt;&gt;</a>&nbsp;&nbsp;&nbsp;Sleep_Gpio
</UL>

<P><STRONG><a name="[5f]"></a>LL_GPIO_SetPinMode</STRONG> (Thumb, 20 bytes, Stack size 8 bytes, aip33a06.o(i.LL_GPIO_SetPinMode))
<BR><BR>[Stack]<UL><LI>Max Depth = 8<LI>Call Chain = LL_GPIO_SetPinMode
</UL>
<BR>[Called By]<UL><LI><a href="#[5e]">&gt;&gt;</a>&nbsp;&nbsp;&nbsp;AiP33A06_ACK
</UL>
<P>
<H3>
Undefined Global Symbols
</H3>
<P><STRONG><a name="[3e]"></a>__arm_fini_</STRONG> (Unknown, 0 bytes, Stack size 0 bytes, UNDEFINED)
<BR><BR>[Called By]<UL><LI><a href="#[3d]">&gt;&gt;</a>&nbsp;&nbsp;&nbsp;__rt_lib_shutdown_fini
</UL>
<HR></body></html>
