<html>
<body>
<pre>
<h1>µVision Build Log</h1>
<h2>Tool Versions:</h2>
IDE-Version: ¦ÌVision V5.40.0.0
Copyright (C) 2024 ARM Ltd and ARM Germany GmbH. All rights reserved.
License Information: 1 1090936977@qq.com, 1, LIC=KRMW3-AD4ZR-TG67T-RD7VM-T45UR-8USX4
 
Tool Versions:
Toolchain:       MDK-ARM Plus  Version: 5.40.0.3
Toolchain Path:  D:\keil\ARM\ARMCC\Bin
C Compiler:      Armcc.exe V5.06 update 7 (build 960)
Assembler:       Armasm.exe V5.06 update 7 (build 960)
Linker/Locator:  ArmLink.exe V5.06 update 7 (build 960)
Library Manager: ArmAr.exe V5.06 update 7 (build 960)
Hex Converter:   FromElf.exe V5.06 update 7 (build 960)
CPU DLL:         SARMCM3.DLL V5.40.0.3
Dialog DLL:      DARMCM1.DLL V1.19.6.0
Target DLL:      Segger\JL2CM3.dll V2.99.44.0
Dialog DLL:      TARMCM1.DLL V1.14.6.0
 
<h2>Project:</h2>
E:\ºÌêÏ\D71276\D71276\Projects\MDK-ARM\Project.uvprojx
Project File Date:  11/27/2024

<h2>Output:</h2>
*** Using Compiler 'V5.06 update 7 (build 960)', folder: 'D:\keil\ARM\ARMCC\Bin'
Build target 'Project'
compiling main.c...
compiling GPIO.c...
compiling FLASH.c...
compiling PWR.c...
compiling TIM.c...
compiling LPTIM.c...
compiling sys.c...
compiling ADC.c...
compiling py32c642_it.c...
compiling out.c...
compiling Disp.c...
compiling portscan.c...
compiling baterry.c...
compiling ledIcRgb.c...
compiling SwitchDip.c...
compiling AiP33A06.c...
compiling Sleep.c...
linking...
Program Size: Code=19888 RO-data=936 RW-data=216 ZI-data=1356  
FromELF: creating hex file...
".\Objects\Project.axf" - 0 Error(s), 0 Warning(s).

<h2>Software Packages used:</h2>

Package Vendor: Puya
                https://www.puyasemi.com/Puya.PY32C642_DFP.1.0.3.pack
                Puya::PY32C642_DFP@1.0.3
                Puya PY32C642 Series Device Support

<h2>Collection of Component include folders:</h2>
  D:/keil/Puya/PY32C642_DFP/1.0.3/Device/Include

<h2>Collection of Component Files used:</h2>
Build Time Elapsed:  00:00:02
</pre>
</body>
</html>
